Archive member included because of file (symbol)

d:/devkitPro/libnds/lib\libul.a(ulib.o)
                              CBall.o (ul_sin)
d:/devkitPro/libnds/lib\libul.a(drawing.o)
                              main.o (ulInitGfx)
d:/devkitPro/libnds/lib\libul.a(text.o)
                              main.o (ulDrawString)
d:/devkitPro/libnds/lib\libul.a(VirtualFile.o)
                              d:/devkitPro/libnds/lib\libul.a(text.o) (VirtualFileSources)
d:/devkitPro/libnds/lib\libul.a(texVramManager.o)
                              d:/devkitPro/libnds/lib\libul.a(ulib.o) (ulTexVramInit)
d:/devkitPro/libnds/lib\libul.a(texPalManager.o)
                              d:/devkitPro/libnds/lib\libul.a(ulib.o) (ulTexPalInit)
d:/devkitPro/libnds/lib\libul.a(keys.o)
                              main.o (ulReadKeys)
d:/devkitPro/libnds/lib\libul.a(ulDrawImage.o)
                              CBall.o (ulDrawImage)
d:/devkitPro/libnds/lib\libul.a(ulCreateImagePalette.o)
                              d:/devkitPro/libnds/lib\libul.a(drawing.o) (ulCreateImagePalette)
d:/devkitPro/libnds/lib\libul.a(ulDrawGradientRect.o)
                              main.o (ulDrawGradientRect)
d:/devkitPro/libnds/lib\libul.a(ulLoadImageFilePNG.o)
                              CBall.o (ulLoadImageFilePNG)
d:/devkitPro/libnds/lib\libul.a(ulShowSplashScreen1.o)
                              main.o (ulShowSplashScreen1)
d:/devkitPro/libnds/lib\libul.a(ulShowSplashScreen2.o)
                              main.o (ulShowSplashScreen2)
d:/devkitPro/libnds/lib\libul.a(glWrapper.o)
                              d:/devkitPro/libnds/lib\libul.a(texVramManager.o) (ulChangeVramAllocation)
d:/devkitPro/libnds/lib\libul.a(libLoadPng.o)
                              d:/devkitPro/libnds/lib\libul.a(ulLoadImageFilePNG.o) (ulLoadImagePNG)
d:/devkitPro/libnds/lib\libul.a(ulDrawFillRect.o)
                              d:/devkitPro/libnds/lib\libul.a(ulShowSplashScreen1.o) (ulDrawFillRect)
d:/devkitPro/libnds/lib\libul.a(ulSetImagePixel.o)
                              d:/devkitPro/libnds/lib\libul.a(ulShowSplashScreen1.o) (ulSetImagePixel)
d:/devkitPro/libnds/lib\libul.a(ulGetImagePixel.o)
                              d:/devkitPro/libnds/lib\libul.a(ulShowSplashScreen1.o) (ulGetImagePixel)
d:/devkitPro/libnds/lib\libul.a(textSize.o)
                              d:/devkitPro/libnds/lib\libul.a(ulShowSplashScreen1.o) (ulGetStringWidth)
d:/devkitPro/libnds/lib\libul.a(loading_utility.o)
                              d:/devkitPro/libnds/lib\libul.a(ulLoadImageFilePNG.o) (ul_loadUtilActiveSource)
d:/devkitPro/libnds/lib\libul.a(ulLoadImageFileJPG.o)
                              d:/devkitPro/libnds/lib\libul.a(ulShowSplashScreen2.o) (ulLoadImageFileJPG)
d:/devkitPro/libnds/lib\libul.a(ulLoadImageFileGIF.o)
                              d:/devkitPro/libnds/lib\libul.a(ulShowSplashScreen1.o) (ulLoadImageFileGIF)
d:/devkitPro/libnds/lib\libul.a(libLoadJpg.o)
                              d:/devkitPro/libnds/lib\libul.a(ulLoadImageFileJPG.o) (ulLoadImageJPG)
d:/devkitPro/libnds/lib\libul.a(libLoadGif.o)
                              d:/devkitPro/libnds/lib\libul.a(ulLoadImageFileGIF.o) (ulLoadImageGIF)
d:/devkitPro/libnds/lib\libul.a(dgif_lib.o)
                              d:/devkitPro/libnds/lib\libul.a(libLoadGif.o) (DGifOpen)
d:/devkitPro/libnds/lib\libul.a(gif_err.o)
                              d:/devkitPro/libnds/lib\libul.a(dgif_lib.o) (_GifError)
d:/devkitPro/libnds/lib\libul.a(gifalloc.o)
                              d:/devkitPro/libnds/lib\libul.a(dgif_lib.o) (MakeMapObject)
d:/devkitPro/libnds/lib\libul.a(ulReadEntireFileToMemory.o)
                              d:/devkitPro/libnds/lib\libul.a(libLoadJpg.o) (ulReadEntireFileToMemory)
d:/devkitPro/libnds/lib\libul.a(gba-jpeg-decode.o)
                              d:/devkitPro/libnds/lib\libul.a(libLoadJpg.o) (JPEG_Decoder_ReadImage)
d:/devkitPro/libnds/lib\libpng.a(png.o)
                              d:/devkitPro/libnds/lib\libul.a(libLoadPng.o) (png_get_io_ptr)
d:/devkitPro/libnds/lib\libpng.a(pngread.o)
                              d:/devkitPro/libnds/lib\libul.a(libLoadPng.o) (png_destroy_read_struct)
d:/devkitPro/libnds/lib\libpng.a(pngrio.o)
                              d:/devkitPro/libnds/lib\libul.a(libLoadPng.o) (png_set_read_fn)
d:/devkitPro/libnds/lib\libpng.a(pngrtran.o)
                              d:/devkitPro/libnds/lib\libpng.a(pngread.o) (png_set_strip_16)
d:/devkitPro/libnds/lib\libpng.a(pngmem.o)
                              d:/devkitPro/libnds/lib\libpng.a(pngread.o) (png_set_mem_fn)
d:/devkitPro/libnds/lib\libpng.a(pngerror.o)
                              d:/devkitPro/libnds/lib\libpng.a(pngread.o) (png_set_error_fn)
d:/devkitPro/libnds/lib\libpng.a(pngget.o)
                              d:/devkitPro/libnds/lib\libpng.a(pngread.o) (png_get_valid)
d:/devkitPro/libnds/lib\libpng.a(pngrutil.o)
[...]
Memory Configuration

Name             Origin             Length             Attributes
rom              0x08000000         0x02000000
ewram            0x02000000         0x003ff000
dtcm             0x0b000000         0x00004000
vectors          0x01000000         0x00000100
itcm             0x01000100         0x00007f00
*default*        0x00000000         0xffffffff

Linker script and memory map

                0x01000000                __vectors_start = 0x1000000
                0x01000100                __itcm_start = 0x1000100
                0x023ff000                __ewram_end = 0x23ff000
                0x023ff000                __eheap_end = 0x23ff000
                0x0b000000                __dtcm_start = 0xb000000
                0x0b004000                __dtcm_top = 0xb004000
                0x0b003ff8                __irq_flags = (__dtcm_top - 0x8)
                0x0b003ffc                __irq_vector = (__dtcm_top - 0x4)
                0x0b003f00                __sp_svc = (__dtcm_top - 0x100)
                0x0b003e00                __sp_irq = (__sp_svc - 0x100)
                0x0b003d00                __sp_usr = (__sp_irq - 0x100)

.init           0x02000000      0x248
                0x02000000                __text_start = .
 *(.init)
 .init          0x02000000      0x230 d:/devkitpro/devkitarm/bin/../lib/gcc/arm-eabi/4.5.1/../../../../arm-eabi/lib/ds_arm9_crt0.o
                0x02000000                _start
 .init          0x02000230        0xc d:/devkitpro/devkitarm/bin/../lib/gcc/arm-eabi/4.5.1/crti.o
                0x02000230                _init
 .init          0x0200023c        0xc d:/devkitpro/devkitarm/bin/../lib/gcc/arm-eabi/4.5.1/crtn.o
                0x02000248                . = ALIGN (0x4)

.plt
 *(.plt)

.text           0x02000250    0x3f8b0
 *(EXCLUDE_FILE(*.itcm*) .text)
 .text          0x02000250        0x0 d:/devkitpro/devkitarm/bin/../lib/gcc/arm-eabi/4.5.1/../../../../arm-eabi/lib/ds_arm9_crt0.o
 .text          0x02000250        0x0 d:/devkitpro/devkitarm/bin/../lib/gcc/arm-eabi/4.5.1/crti.o
 .text          0x02000250       0x94 d:/devkitpro/devkitarm/bin/../lib/gcc/arm-eabi/4.5.1/crtbegin.o
 .text          0x020002e4        0x0 ball.png.o
 .text          0x020002e4      0x1c0 CBall.o
                0x020002e4                CBall::CBall(int, int, int, int)
                0x020002e4                CBall::CBall(int, int, int, int)
                0x02000380                CBall::~CBall()
                0x02000380                CBall::~CBall()
                0x020003b4                CBall::handle()
                0x02000480                CBall::draw()
 .text          0x020004a4      0x1f4 main.o
                0x020004a4                main
 .text          0x02000698      0x15c d:/devkitPro/libnds/lib\libul.a(ulib.o)
                0x02000698                _initSinTables
                0x02000784                ulInit
                0x020007bc                ulTerminate
                0x020007c0                ulGetPowerOf2Count
 .text          0x020007f4     0x148c d:/devkitPro/libnds/lib\libul.a(drawing.o)
                0x020007f4                ulInitGfx
                0x02000868                ulInitDualScreenMode
                0x0200099c                ulStopDualScreenMode
                0x020009b0                ulSetRegCapture
                0x02000a14                ulEndDrawing
                0x02000a44                ulSetScreenWindow
                0x02000ce4                ulSetScreenClipping
                0x02000f88                ulResetScreenClipping
                0x020011ec                ulEndFrame
                0x02001318                ulSyncFrame
                0x02001354                ulResetScreenView
                0x02001598                ulStartDrawing2D
                0x0200164c                ulMoveScreenView
                0x02001664                ulScaleScreenView
                0x0200167c                ulRotateScreenView
                0x020016dc                ulSetAlpha
                0x020016fc                ulRealizeImage
                0x02001860                ulSetTexture
                0x020018d0                ulResetImageProperties
                0x02001920                ulDeleteImage
                0x020019a0                ulCreateImage
                0x02001c0c                ulSetScreenBackgroundColor
                0x02001c18                ulSetTransparentColor
 .text          0x02001c80      0xa58 d:/devkitPro/libnds/lib\libul.a(text.o)
                0x02001c80                ulDrawChar1BitToImage
                0x02001dd4                ulCreateFont
                0x020020dc                ulLoadFont
                0x02002284                ulDeleteFont
                0x020022b0                ulDrawTile
                0x020023a8                ulDrawChar
                0x02002454                ulDrawString
                0x02002528                ulDrawTextBox
                0x02002690                ulSetTextColor
                0x020026a0                ulInitText
 .text          0x020026d8      0x5fc d:/devkitPro/libnds/lib\libul.a(VirtualFile.o)
                0x020026d8                vfsMemClose
                0x020026e0                vfsMemGetc
                0x02002724                vfsMemPutc
                0x02002770                vfsMemGets
                0x0200291c                vfsMemSeek
                0x02002990                vfsMemEof
                0x020029a8                vfsMemPuts
                0x020029e4                vfsMemRead
                0x02002a38                vfsMemWrite
                0x02002a94                VirtualFileRegisterSource
                0x02002ac4                VirtualFileOpen
                0x02002b60                VirtualFileClose
                0x02002b98                ulSetVirtualFilenameList
                0x02002bb4                ulFindFileInVirtualFilenameList
                0x02002c44                vfsMemOpen
                0x02002c84                VirtualFileInit
 .text          0x02002cd4      0x8c0 d:/devkitPro/libnds/lib\libul.a(texVramManager.o)
                0x02002cd4                ulTexVramInit
                0x02002d34                ulTexVramAllocBlock
                0x02002e9c                ulTexVramFreeBlock
                0x02002fec                ulTexImage2D
                0x020031f0                ulInitTextures
                0x02003244                ulGetNextAvailableTexture
                0x02003328                ulGenTextures
                0x02003380                ulFreeTextures
                0x020033e4                ulTexParameter
                0x0200341c                ulBindTexture
                0x02003444                ulBindTextureToGl
                0x02003480                ulSetTexVramParameters
                0x02003520                ulGetTexVramAvailMemory
                0x0200354c                ulGetTexVramTotalMemory
                0x0200355c                ulGetTexVramUsedMemory
 .text          0x02003594      0x584 d:/devkitPro/libnds/lib\libul.a(texPalManager.o)
                0x02003594                ulTexPalInit
                0x020035f4                ulTexPalAllocBlock
                0x02003804                ulTexPalFreeBlock
                0x02003954                uluTexUnloadPal
                0x0200395c                ulTexLoadPal
                0x020039a8                uluTexLoadPal
                0x02003a04                ulSetTexPalVramParameters
                0x02003aa4                ulGetTexPalAvailMemory
                0x02003ad0                ulGetTexPalTotalMemory
                0x02003ae0                ulGetTexPalUsedMemory
 .text          0x02003b18      0x190 d:/devkitPro/libnds/lib\libul.a(keys.o)
                0x02003b18                ulReadKeys
 .text          0x02003ca8      0x348 d:/devkitPro/libnds/lib\libul.a(ulDrawImage.o)
                0x02003ca8                ulDrawImage
 .text          0x02003ff0       0xe8 d:/devkitPro/libnds/lib\libul.a(ulCreateImagePalette.o)
                0x02003ff0                ulCreateImagePalette
 .text          0x020040d8       0xbc d:/devkitPro/libnds/lib\libul.a(ulDrawGradientRect.o)
                0x020040d8                ulDrawGradientRect
 .text          0x02004194       0x68 d:/devkitPro/libnds/lib\libul.a(ulLoadImageFilePNG.o)
                0x02004194                ulLoadImageFilePNG
 .text          0x020041fc      0xb54 d:/devkitPro/libnds/lib\libul.a(ulShowSplashScreen1.o)
                0x020041fc                ul_splash1_applyMask
                0x0200429c                ul_splash1_createCircle
                0x02004358                ul_splash1_createMaskedImage
                0x02004468                ul_splash1_handleFade
                0x020044cc                ul_splash1_drawFade
                0x02004530                ul_splash1_fadeTerminated
                0x02004568                ul_splash1_drawBackText
                0x020045f4                ul_splash1_fillSecondScreen
                0x02004738                ulShowSplashScreen1
 .text          0x02004d50      0x65c d:/devkitPro/libnds/lib\libul.a(ulShowSplashScreen2.o)
                0x02004d50                ul_neoflashlogo_LogoDrawTiles
                0x02004e98                ulShowSplashScreen2
 .text          0x020053ac       0x7c d:/devkitPro/libnds/lib\libul.a(glWrapper.o)
                0x020053ac                ulChangeVramAllocation
 .text          0x02005428      0x97c d:/devkitPro/libnds/lib\libul.a(libLoadPng.o)
                0x0200550c                ulLoadImagePNG
 .text          0x02005da4       0x94 d:/devkitPro/libnds/lib\libul.a(ulDrawFillRect.o)
                0x02005da4                ulDrawFillRect
 .text          0x02005e38       0xb8 d:/devkitPro/libnds/lib\libul.a(ulSetImagePixel.o)
                0x02005e38                ulSetImagePixel
 .text          0x02005ef0       0xa8 d:/devkitPro/libnds/lib\libul.a(ulGetImagePixel.o)
                0x02005ef0                ulGetImagePixel
 .text          0x02005f98      0x124 d:/devkitPro/libnds/lib\libul.a(textSize.o)
                0x02005f98                ulGetStringWidth
                0x02005fcc                ulGetTextBoxHeight
 .text          0x020060bc        0x0 d:/devkitPro/libnds/lib\libul.a(loading_utility.o)
 .text          0x020060bc       0x68 d:/devkitPro/libnds/lib\libul.a(ulLoadImageFileJPG.o)
                0x020060bc                ulLoadImageFileJPG
 .text          0x02006124       0x68 d:/devkitPro/libnds/lib\libul.a(ulLoadImageFileGIF.o)
                0x02006124                ulLoadImageFileGIF
 .text          0x0200618c       0xf8 d:/devkitPro/libnds/lib\libul.a(libLoadJpg.o)
                0x0200618c                ulLoadImageJPG
 .text          0x02006284      0x65c d:/devkitPro/libnds/lib\libul.a(libLoadGif.o)
                0x02006284                fnGifReadFunc
                0x020062b8                fnCopyLine
                0x020063e8                DGifGetLineByte
                0x02006430                ulLoadImageGIF
 .text          0x020068e0     0x1198 d:/devkitPro/libnds/lib\libul.a(dgif_lib.o)
                0x02006e40                DGifGetScreenDesc
                0x02006ffc                DGifOpen
                0x02007124                DGifGetRecordType
                0x020071e4                DGifGetImageDesc
                0x02007548                DGifGetExtensionNext
                0x02007614                DGifGetExtension
                0x020076a4                DGifCloseFile
                0x02007768                DGifGetCodeNext
                0x0200783c                DGifGetCode
                0x02007880                DGifGetPixel
                0x0200792c                DGifGetLine
                0x020079c4                DGifGetLZCodes
 .text          0x02007a78       0x18 d:/devkitPro/libnds/lib\libul.a(gif_err.o)
                0x02007a78                GifLastError
 .text          0x02007a90      0x610 d:/devkitPro/libnds/lib\libul.a(gifalloc.o)
                0x02007a90                BitSize
                0x02007ab4                MakeMapObject
                0x02007b24                FreeMapObject
                0x02007b44                UnionColorMap
                0x02007d1c                ApplyTranslation
                0x02007d54                MakeExtension
                0x02007d5c                AddExtensionBlock
                0x02007e08                FreeExtension
                0x02007e5c                FreeLastSavedImage
                0x02007ec8                MakeSavedImage
                0x02008018                FreeSavedImages
 .text          0x020080a0       0xc0 d:/devkitPro/libnds/lib\libul.a(ulReadEntireFileToMemory.o)
                0x020080a0                ulReadEntireFileToMemory
 .text          0x02008160     0x198c d:/devkitPro/libnds/lib\libul.a(gba-jpeg-decode.o)
                0x02008bc0                JPEG_IDCT
                0x02008be8                JPEG_HuffmanTable_Read
                0x02008e00                JPEG_HuffmanTable_Skip
                0x02008e30                JPEG_Decoder_ReadImage
                0x020095ec                JPEG_FrameHeader_Read
                0x020096a4                JPEG_ScanHeader_Read
                0x02009740                JPEG_Decoder_ReadHeaders
                0x02009a48                JPEG_DecompressImage
                0x02009aac                JPEG_Match
 .text          0x02009aec      0xa58 d:/devkitPro/libnds/lib\libpng.a(png.o)
                0x02009aec                png_data_freer
                0x02009b24                png_get_io_ptr
                0x02009b30                png_init_io
                0x02009b3c                png_get_copyright
                0x02009b48                png_get_libpng_ver
                0x02009b54                png_get_header_ver
                0x02009b60                png_get_header_version
                0x02009b6c                png_access_version_number
                0x02009b78                png_mmx_support
                0x02009b80                png_64bit_product
                0x02009bcc                png_check_cHRM_fixed
                0x02009cc8                png_reset_zstream
                0x02009cec                png_handle_as_unknown
                0x02009d54                png_sig_cmp
                0x02009dc8                png_check_sig
                0x02009df0                png_zalloc
                0x02009e44                png_convert_to_rfc1123
                0x02009f08                png_zfree
                0x02009f20                png_free_data
                0x0200a354                png_info_init_3
                0x0200a394                png_info_destroy
                0x0200a3f0                png_info_init
                0x0200a418                png_destroy_info_struct
                0x0200a464                png_create_info_struct
                0x0200a4ac                png_calculate_crc
                0x0200a4f0                png_reset_crc
                0x0200a514                png_set_sig_bytes
 .text          0x0200a544     0x1a04 d:/devkitPro/libnds/lib\libpng.a(pngread.o)
                0x0200a544                png_set_read_status_fn
                0x0200a550                png_read_destroy
                0x0200a79c                png_destroy_read_struct
                0x0200a87c                png_read_end
                0x0200ad24                png_start_read_image
                0x0200ad4c                png_read_row
                0x0200b1a4                png_read_image
                0x0200b208                png_read_rows
                0x0200b2d4                png_read_update_info
                0x0200b30c                png_read_info
                0x0200b87c                png_read_png
                0x0200ba4c                png_read_init_3
                0x0200bba0                png_read_init_2
                0x0200bc68                png_read_init
                0x0200bc7c                png_create_read_struct_2
                0x0200bf20                png_create_read_struct
 .text          0x0200bf48       0xa0 d:/devkitPro/libnds/lib\libpng.a(pngrio.o)
                0x0200bf48                png_set_read_fn
                0x0200bf7c                png_default_read_data
                0x0200bfb8                png_read_data
 .text          0x0200bfe8     0x5814 d:/devkitPro/libnds/lib\libpng.a(pngrtran.o)
                0x0200bfe8                png_set_crc_action
                0x0200c090                png_set_strip_16
                0x0200c0a4                png_set_strip_alpha
                0x0200c0b8                png_set_gamma
                0x0200c174                png_set_expand
                0x0200c19c                png_set_palette_to_rgb
                0x0200c1c4                png_set_expand_gray_1_2_4_to_8
                0x0200c1e8                png_set_gray_1_2_4_to_8
                0x0200c200                png_set_tRNS_to_alpha
                0x0200c220                png_set_gray_to_rgb
                0x0200c23c                png_set_rgb_to_gray_fixed
                0x0200c33c                png_set_rgb_to_gray
                0x0200c3d8                png_set_read_user_transform_fn
                0x0200c3f0                png_read_transform_info
                0x0200c648                png_do_unpack
                0x0200c798                png_do_unshift
                0x0200c9b0                png_do_chop
                0x0200ca08                png_do_read_swap_alpha
                0x0200cb48                png_do_read_invert_alpha
                0x0200cc48                png_do_read_filler
                0x0200cf40                png_do_gray_to_rgb
                0x0200d134                png_do_rgb_to_gray
                0x0200d7d0                png_build_grayscale_palette
                0x0200d884                png_do_gamma
                0x0200dcd0                png_do_expand_palette
                0x0200df70                png_do_expand
                0x0200e3ec                png_do_dither
                0x0200e560                png_do_read_intrapixel
                0x0200e674                png_build_gamma_table
                0x0200ed90                png_init_read_transformations
                0x0200fac8                png_do_background
                0x02010afc                png_set_background
                0x02010b64                png_do_read_transformations
                0x02010fd0                png_set_dither
 .text          0x020117fc      0x270 d:/devkitPro/libnds/lib\libpng.a(pngmem.o)
                0x020117fc                png_set_mem_fn
                0x02011810                png_get_mem_ptr
                0x0201181c                png_memset_check
                0x02011840                png_memcpy_check
                0x02011864                png_free_default
                0x02011888                png_free
                0x020118cc                png_destroy_struct_2
                0x02011910                png_destroy_struct
                0x0201191c                png_malloc_default
                0x02011944                png_malloc
                0x020119a8                png_malloc_warn
                0x020119dc                png_create_struct_2
                0x02011a60                png_create_struct
 .text          0x02011a6c      0x128 d:/devkitPro/libnds/lib\libpng.a(pngerror.o)
                0x02011a6c                png_set_error_fn
                0x02011a80                png_get_error_ptr
                0x02011a8c                png_set_strip_error_numbers
                0x02011aa4                png_err
 .text          0x02011b94      0xb28 d:/devkitPro/libnds/lib\libpng.a(pngget.o)
                0x02011b94                png_get_valid
                0x02011bb0                png_get_rowbytes
                0x02011bc8                png_get_rows
                0x02011be0                png_get_image_width
                0x02011bf8                png_get_image_height
                0x02011c10                png_get_bit_depth
                0x02011c28                png_get_color_type
                0x02011c40                png_get_filter_type
                0x02011c58                png_get_interlace_type
                0x02011c70                png_get_compression_type
                0x02011c88                png_get_x_pixels_per_meter
                0x02011cb8                png_get_y_pixels_per_meter
                0x02011ce8                png_get_pixels_per_meter
                0x02011d24                png_get_pixel_aspect_ratio
                0x02011d84                png_get_x_offset_microns
                0x02011db4                png_get_y_offset_microns
                0x02011de4                png_get_x_offset_pixels
                0x02011e14                png_get_y_offset_pixels
                0x02011e44                png_get_channels
                0x02011e5c                png_get_signature
                0x02011e74                png_get_bKGD
                0x02011eac                png_get_cHRM
                0x02011fa8                png_get_cHRM_fixed
                0x0201204c                png_get_gAMA
                0x02012098                png_get_gAMA_fixed
                0x020120d0                png_get_sRGB
                0x02012108                png_get_iCCP
                0x0201217c                png_get_sPLT
                0x020121a4                png_get_hIST
                0x020121dc                png_get_oFFs
                0x02012244                png_get_pCAL
                0x020122f0                png_get_sCAL
                0x0201234c                png_get_pHYs
                0x020123ac                png_get_PLTE
                0x020123f4                png_get_sBIT
                0x0201242c                png_get_text
                0x0201247c                png_get_tIME
                0x020124b4                png_get_tRNS
                0x02012548                png_get_unknown_chunks
                0x02012570                png_get_rgb_to_gray_status
                0x0201257c                png_get_user_chunk_ptr
                0x02012588                png_get_asm_flags
                0x02012590                png_get_asm_flagmask
                0x02012598                png_get_mmx_flagmask
                0x020125a8                png_get_mmx_bitdepth_threshold
                0x020125b0                png_get_mmx_rowbytes_threshold
                0x020125b8                png_get_user_width_max
                0x020125c4                png_get_user_height_max
                0x020125d0                png_get_IHDR
 .text          0x020126bc     0x32c0 d:/devkitPro/libnds/lib\libpng.a(pngrutil.o)
                0x020126bc                png_get_uint_32
                0x020126dc                png_get_int_32
                0x020126fc                png_get_uint_16
                0x02012714                png_read_filter_row
                0x020128e0                png_check_chunk_name
                0x02012998                png_get_uint_31
                0x020129c8                png_read_start_row
                0x02012cd8                png_crc_error
                0x02012d60                png_do_read_interlace
                0x02013168                png_combine_row
                0x02013420                png_decompress_chunk
                0x02013774                png_crc_read
                0x020137a4                png_crc_finish
                0x0201382c                png_handle_IEND
                0x0201386c                png_read_finish_row
                0x02013ac0                png_handle_unknown
                0x02013c24                png_handle_zTXt
                0x02013dac                png_handle_tEXt
                0x02013ee0                png_handle_tIME
                0x02013fc0                png_handle_sCAL
                0x02014184                png_handle_pCAL
                0x02014444                png_handle_oFFs
                0x02014524                png_handle_pHYs
                0x02014604                png_handle_hIST
                0x020146f4                png_handle_bKGD
                0x02014898                png_handle_tRNS
                0x02014a30                png_handle_sPLT
                0x02014c88                png_handle_iCCP
                0x02014e38                png_handle_sRGB
                0x02014f28                png_handle_cHRM
                0x020153fc                png_handle_sBIT
                0x02015508                png_handle_gAMA
                0x0201564c                png_handle_PLTE
                0x020157ac                png_handle_IHDR
                0x02015904                png_read_chunk_header
 .text          0x0201597c      0x704 d:/devkitPro/libnds/lib\libpng.a(pngtrans.o)
                0x0201597c                png_set_bgr
                0x02015990                png_set_swap
                0x020159b0                png_set_packing
                0x020159d8                png_set_packswap
                0x020159f8                png_set_shift
                0x02015a30                png_set_interlace_handling
                0x02015a60                png_set_filler
                0x02015ac8                png_set_add_alpha
                0x02015aec                png_set_swap_alpha
                0x02015b00                png_set_invert_alpha
                0x02015b14                png_set_invert_mono
                0x02015b28                png_do_invert
                0x02015be4                png_do_swap
                0x02015c28                png_do_packswap
                0x02015c88                png_do_strip_filler
                0x02015f3c                png_do_bgr
                0x02016060                png_set_user_transform_info
                0x02016074                png_get_user_transform_ptr
 .text          0x02016080     0x1438 d:/devkitPro/libnds/lib\libpng.a(pngset.o)
                0x02016080                png_set_cHRM
                0x02016288                png_set_gAMA
                0x02016320                png_set_gAMA_fixed
                0x02016378                png_set_oFFs
                0x020163a8                png_set_sCAL
                0x020163ec                png_set_pHYs
                0x0201641c                png_set_sRGB
                0x02016438                png_set_unknown_chunk_location
                0x02016470                png_permit_empty_plte
                0x0201648c                png_permit_mng_features
                0x020164a0                png_set_read_user_chunk_fn
                0x020164b0                png_set_invalid
                0x020164c8                png_set_asm_flags
                0x020164d8                png_set_mmx_thresholds
                0x020164dc                png_set_user_limits
                0x020164ec                png_set_rows
                0x02016548                png_set_tRNS
                0x02016600                png_set_tIME
                0x02016644                png_set_sBIT
                0x0201667c                png_set_bKGD
                0x020166b4                png_set_keep_unknown_chunks
                0x020167b0                png_set_unknown_chunks
                0x020168bc                png_set_hIST
                0x02016970                png_set_sPLT
                0x02016ab8                png_set_text_2
                0x02016c98                png_set_iCCP
                0x02016d80                png_set_text
                0x02016da0                png_set_IHDR
                0x02016fac                png_set_cHRM_fixed
                0x02017128                png_set_sRGB_gAMA_and_cHRM
                0x0201729c                png_set_PLTE
                0x0201735c                png_set_pCAL
 .text          0x020174b8      0x934 d:/devkitPro/libnds/lib\libz.a(crc32.o)
                0x020174b8                get_crc_table
                0x020174c4                crc32
                0x02017c08                crc32_combine
 .text          0x02017dec     0x1e8c d:/devkitPro/libnds/lib\libz.a(inflate.o)
                0x02017dec                inflateReset
                0x02017e68                inflatePrime
                0x02017ec4                inflateInit2_
                0x02017fe0                inflateInit_
                0x02017ff0                inflateEnd
                0x02018058                inflateGetHeader
                0x02018094                inflateSync
                0x02018238                inflateSyncPoint
                0x02018274                inflateCopy
                0x0201853c                inflateSetDictionary
                0x02018634                inflate
 .text          0x02019c78      0x590 d:/devkitPro/libnds/lib\libz.a(inftrees.o)
                0x02019c78                inflate_table
 .text          0x0201a208      0x570 d:/devkitPro/libnds/lib\libz.a(inffast.o)
                0x0201a208                inflate_fast
 .text          0x0201a778      0x3fc d:/devkitPro/libnds/lib\libz.a(adler32.o)
                0x0201a778                adler32
                0x0201aab8                adler32_combine
 .text          0x0201ab74       0x60 d:/devkitPro/libnds/lib\libz.a(zutil.o)
                0x0201ab74                zlibVersion
                0x0201ab80                zlibCompileFlags
                0x0201ab88                zError
                0x0201ab9c                zcfree
                0x0201abb8                zcalloc
 .text          0x0201abd4       0x94 d:/devkitPro/libnds/lib\libnds9.a(dynamicArray.o)
                0x0201abd4                DynamicArrayInit
                0x0201abec                DynamicArrayDelete
                0x0201ac00                DynamicArrayGet
                0x0201ac1c                DynamicArraySet
 .text          0x0201ac68       0xf8 d:/devkitPro/libnds/lib\libnds9.a(keys.o)
                0x0201ac68                scanKeys
                0x0201acd8                keysHeld
                0x0201ace4                keysDown
                0x0201acf4                keysDownRepeat
                0x0201ad04                keysSetRepeat
                0x0201ad1c                keysUp
                0x0201ad2c                keysCurrent
 .text          0x0201ad60       0xf4 d:/devkitPro/libnds/lib\libnds9.a(system.o)
                0x0201ad60                systemMsgHandler
                0x0201ada4                systemSleep
                0x0201adbc                powerValueHandler
                0x0201adcc                powerOn
                0x0201adf8                powerOff
                0x0201ae20                ledBlink
                0x0201ae34                getBatteryLevel
 .text          0x0201ae54       0x4c d:/devkitPro/libnds/lib\libnds9.a(touch.o)
                0x0201ae54                touchRead
                0x0201ae7c                touchReadXY
 .text          0x0201aea0      0x238 d:/devkitPro/libnds/lib\libnds9.a(trig.o)
                0x0201aea0                asinComp
                0x0201aec4                sinLutLookup
                0x0201af00                sinLerp
                0x0201af34                cosLerp
                0x0201af4c                tanLutLookup
                0x0201af84                tanLerp
                0x0201b034                asinLerp
                0x0201b09c                acosLerp
                0x0201b0b4                atanComp
 .text          0x0201b0d8     0x14b8 d:/devkitPro/libnds/lib\libnds9.a(videoGL.o)
                0x0201b0d8                glGetGlobals
                0x0201b0e0                glRotatef32i
                0x0201b3bc                glMaterialf
                0x0201b42c                glTexCoord2f32
                0x0201b4a0                vramBlock_init
                0x0201b50c                vramBlock_Construct
                0x0201b534                vramBlock_terminate
                0x0201b560                vramBlock_Deconstruct
                0x0201b574                vramBlock__allocateBlock
                0x0201b6d4                vramBlock__deallocateBlock
                0x0201b7ec                vramBlock_examineSpecial
                0x0201ba28                vramBlock_allocateSpecial
                0x0201ba94                vramBlock_allocateBlock
                0x0201bacc                vramBlock_deallocateBlock
                0x0201bb10                vramBlock_deallocateAll
                0x0201bb20                vramBlock_getAddr
                0x0201bb34                vramBlock_getSize
                0x0201bb48                glInit_C
                0x0201bce8                glResetTextures
                0x0201bd70                removePaletteFromTexture
                0x0201bde0                glGenTextures
                0x0201be7c                glDeleteTextures
                0x0201bf54                vramGetBank
                0x0201c014                glBindTexture
                0x0201c078                glColorTableEXT
                0x0201c1e0                glAssignColorTable
                0x0201c254                glTexParameter
                0x0201c28c                glGetTexturePointer
                0x0201c2ac                glGetTexParameter
                0x0201c2cc                glTexImage2D
 .text          0x0201c590      0x14c d:/devkitPro/libnds/lib\libnds9.a(initSystem.o)
                0x0201c590                initSystem
 .text          0x0201c6dc      0xc98 d:/devkitPro/libnds/lib\libnds9.a(fifosystem.o)
                0x0201c94c                fifoSendAddress
                0x0201c978                fifoSendValue32
                0x0201c9b8                fifoSendDatamsg
                0x0201ca30                fifoGetAddress
                0x0201caa0                fifoSetAddressHandler
                0x0201cb14                fifoGetValue32
                0x0201cb80                fifoSetValue32Handler
                0x0201cbf4                fifoGetDatamsg
                0x0201d084                fifoSetDatamsgHandler
                0x0201d11c                fifoCheckAddress
                0x0201d140                fifoCheckDatamsg
                0x0201d164                fifoCheckValue32
                0x0201d188                fifoInit
 .text          0x0201d374      0x1cc d:/devkitPro/libnds/lib\libnds9.a(interrupts.o)
                0x0201d374                irqDummy
                0x0201d378                irqSet
                0x0201d3e4                irqInit
                0x0201d430                irqInitHandler
                0x0201d460                irqEnable
                0x0201d4c0                irqDisable
                0x0201d514                irqClear
 .text          0x0201d540       0x40 d:/devkitPro/libnds/lib\libnds9.a(libnds_exit.o)
                0x0201d540                systemErrorExit
                0x0201d544                __libnds_exit
 .text          0x0201d580      0x1b4 d:/devkitPro/libnds/lib\libnds9.a(mpu_setup.o)
                0x0201d580                __libnds_mpu_setup
                0x0201d6c0                memCached
                0x0201d6d8                memUncached
 *fill*         0x0201d734        0xc ff
 .text          0x0201d740       0x70 d:/devkitPro/libnds/lib\libnds9.a(biosCalls.o)
                0x0201d740                swiDelay
                0x0201d744                swiIntrWait
                0x0201d748                swiWaitForVBlank
                0x0201d74c                swiSleep
                0x0201d750                swiChangeSoundBias
                0x0201d754                swiDivide
                0x0201d758                swiRemainder
                0x0201d75e                swiDivMod
                0x0201d76a                swiCopy
                0x0201d76e                swiFastCopy
                0x0201d772                swiSqrt
                0x0201d776                swiCRC16
                0x0201d77a                swiIsDebugger
                0x0201d77e                swiUnpackBits
                0x0201d782                swiDecompressLZSSWram
                0x0201d786                swiDecompressLZSSVramNTR
                0x0201d78a                swiDecompressLZSSVramTWL
                0x0201d78e                swiDecompressHuffman
                0x0201d792                swiDecompressRLEWram
                0x0201d796                swiDecompressRLEVram
                0x0201d79a                swiWaitForIRQ
                0x0201d79e                swiDecodeDelta8
                0x0201d7a2                swiDecodeDelta16
                0x0201d7a6                swiSetHaltCR
 .text          0x0201d7b0        0x0 d:/devkitPro/libnds/lib\libnds9.a(interruptDispatcher.o)
 .text          0x0201d7b0       0x30 d:/devkitPro/libnds/lib\libnds9.a(swiSoftReset.o)
                0x0201d7b0                swiSoftReset
 .text          0x0201d7e0      0x148 d:/devkitPro/libnds/lib\libnds9.a(video.o)
                0x0201d7e0                vramSetPrimaryBanks
                0x0201d824                vramSetMainBanks
                0x0201d868                vramSetBanks_EFG
                0x0201d8a0                vramRestorePrimaryBanks
                0x0201d8ac                vramRestoreMainBanks
                0x0201d8b8                vramRestoreBanks_EFG
                0x0201d8c4                setBrightness
                0x0201d904                vramDefault
 .text          0x0201d928        0x0 d:/devkitpro/devkitarm/bin/../lib/gcc/arm-eabi/4.5.1/../../../../arm-eabi/lib\libstdc++.a(new_op.o)
 .text          0x0201d928        0x0 d:/devkitpro/devkitarm/bin/../lib/gcc/arm-eabi/4.5.1/../../../../arm-eabi/lib\libstdc++.a(eh_alloc.o)
 .text          0x0201d928       0x10 d:/devkitpro/devkitarm/bin/../lib/gcc/arm-eabi/4.5.1/../../../../arm-eabi/lib\libstdc++.a(eh_arm.o)
                0x0201d928                __cxa_end_cleanup
 .text          0x0201d938        0x0 d:/devkitpro/devkitarm/bin/../lib/gcc/arm-eabi/4.5.1/../../../../arm-eabi/lib\libstdc++.a(eh_aux_runtime.o)
 .text          0x0201d938        0x0 d:/devkitpro/devkitarm/bin/../lib/gcc/arm-eabi/4.5.1/../../../../arm-eabi/lib\libstdc++.a(eh_call.o)
 .text          0x0201d938        0x0 d:/devkitpro/devkitarm/bin/../lib/gcc/arm-eabi/4.5.1/../../../../arm-eabi/lib\libstdc++.a(eh_catch.o)
 .text          0x0201d938        0x0 d:/devkitpro/devkitarm/bin/../lib/gcc/arm-eabi/4.5.1/../../../../arm-eabi/lib\libstdc++.a(eh_exception.o)
 .text          0x0201d938        0x0 d:/devkitpro/devkitarm/bin/../lib/gcc/arm-eabi/4.5.1/../../../../arm-eabi/lib\libstdc++.a(eh_globals.o)
 .text          0x0201d938        0x0 d:/devkitpro/devkitarm/bin/../lib/gcc/arm-eabi/4.5.1/../../../../arm-eabi/lib\libstdc++.a(eh_personality.o)
 .text          0x0201d938        0x0 d:/devkitpro/devkitarm/bin/../lib/gcc/arm-eabi/4.5.1/../../../../arm-eabi/lib\libstdc++.a(eh_terminate.o)
 .text          0x0201d938        0x0 d:/devkitpro/devkitarm/bin/../lib/gcc/arm-eabi/4.5.1/../../../../arm-eabi/lib\libstdc++.a(eh_term_handler.o)
 .text          0x0201d938        0x0 d:/devkitpro/devkitarm/bin/../lib/gcc/arm-eabi/4.5.1/../../../../arm-eabi/lib\libstdc++.a(eh_throw.o)
 .text          0x0201d938        0x0 d:/devkitpro/devkitarm/bin/../lib/gcc/arm-eabi/4.5.1/../../../../arm-eabi/lib\libstdc++.a(eh_unex_handler.o)
 .text          0x0201d938        0x0 d:/devkitpro/devkitarm/bin/../lib/gcc/arm-eabi/4.5.1/../../../../arm-eabi/lib\libstdc++.a(fundamental_type_info.o)
 .text          0x0201d938        0x0 d:/devkitpro/devkitarm/bin/../lib/gcc/arm-eabi/4.5.1/../../../../arm-eabi/lib\libstdc++.a(new_handler.o)
 .text          0x0201d938        0x0 d:/devkitpro/devkitarm/bin/../lib/gcc/arm-eabi/4.5.1/../../../../arm-eabi/lib\libstdc++.a(pointer_type_info.o)
 .text          0x0201d938        0x0 d:/devkitpro/devkitarm/bin/../lib/gcc/arm-eabi/4.5.1/../../../../arm-eabi/lib\libstdc++.a(pure.o)
 .text          0x0201d938        0x0 d:/devkitpro/devkitarm/bin/../lib/gcc/arm-eabi/4.5.1/../../../../arm-eabi/lib\libstdc++.a(si_class_type_info.o)
 .text          0x0201d938        0x0 d:/devkitpro/devkitarm/bin/../lib/gcc/arm-eabi/4.5.1/../../../../arm-eabi/lib\libstdc++.a(tinfo.o)
 .text          0x0201d938        0x0 d:/devkitpro/devkitarm/bin/../lib/gcc/arm-eabi/4.5.1/../../../../arm-eabi/lib\libstdc++.a(vterminate.o)
 .text          0x0201d938        0x0 d:/devkitpro/devkitarm/bin/../lib/gcc/arm-eabi/4.5.1/../../../../arm-eabi/lib\libstdc++.a(bad_cast.o)
 .text          0x0201d938        0x0 d:/devkitpro/devkitarm/bin/../lib/gcc/arm-eabi/4.5.1/../../../../arm-eabi/lib\libstdc++.a(bad_typeid.o)
 .text          0x0201d938        0x0 d:/devkitpro/devkitarm/bin/../lib/gcc/arm-eabi/4.5.1/../../../../arm-eabi/lib\libstdc++.a(class_type_info.o)
 .text          0x0201d938     0x7138 d:/devkitpro/devkitarm/bin/../lib/gcc/arm-eabi/4.5.1/../../../../arm-eabi/lib\libstdc++.a(cp-demangle.o)
                0x020248f8                __cxa_demangle
                0x02024a40                __gcclibcxx_demangle_callback
 .text          0x02024a70        0x0 d:/devkitpro/devkitarm/bin/../lib/gcc/arm-eabi/4.5.1/../../../../arm-eabi/lib\libstdc++.a(del_op.o)
 .text          0x02024a70        0x0 d:/devkitpro/devkitarm/bin/../lib/gcc/arm-eabi/4.5.1/../../../../arm-eabi/lib\libstdc++.a(eh_type.o)
 .text          0x02024a70        0x0 d:/devkitpro/devkitarm/bin/../lib/gcc/arm-eabi/4.5.1/../../../../arm-eabi/lib\libstdc++.a(pbase_type_info.o)
 .text          0x02024a70      0x104 d:/devkitpro/devkitarm/bin/../lib/gcc/arm-eabi/4.5.1/../../../../arm-eabi/lib\libm.a(lib_a-s_cos.o)
                0x02024a70                cos
 .text          0x02024b74      0x110 d:/devkitpro/devkitarm/bin/../lib/gcc/arm-eabi/4.5.1/../../../../arm-eabi/lib\libm.a(lib_a-s_sin.o)
                0x02024b74                sin
 .text          0x02024c84      0x520 d:/devkitpro/devkitarm/bin/../lib/gcc/arm-eabi/4.5.1/../../../../arm-eabi/lib\libm.a(lib_a-w_pow.o)
                0x02024c84                pow
 *fill*         0x020251a4        0x4 ff
 .text          0x020251a8      0xff8 d:/devkitpro/devkitarm/bin/../lib/gcc/arm-eabi/4.5.1/../../../../arm-eabi/lib\libm.a(lib_a-e_pow.o)
                0x020251a8                __ieee754_pow
 .text          0x020261a0      0x678 d:/devkitpro/devkitarm/bin/../lib/gcc/arm-eabi/4.5.1/../../../../arm-eabi/lib\libm.a(lib_a-e_rem_pio2.o)
                0x020261a0                __ieee754_rem_pio2
 .text          0x02026818      0x238 d:/devkitpro/devkitarm/bin/../lib/gcc/arm-eabi/4.5.1/../../../../arm-eabi/lib\libm.a(lib_a-e_sqrt.o)
                0x02026818                __ieee754_sqrt
 .text          0x02026a50      0x358 d:/devkitpro/devkitarm/bin/../lib/gcc/arm-eabi/4.5.1/../../../../arm-eabi/lib\libm.a(lib_a-k_cos.o)
                0x02026a50                __kernel_cos
 .text          0x02026da8      0xb08 d:/devkitpro/devkitarm/bin/../lib/gcc/arm-eabi/4.5.1/../../../../arm-eabi/lib\libm.a(lib_a-k_rem_pio2.o)
                0x02026da8                __kernel_rem_pio2
 .text          0x020278b0      0x218 d:/devkitpro/devkitarm/bin/../lib/gcc/arm-eabi/4.5.1/../../../../arm-eabi/lib\libm.a(lib_a-k_sin.o)
                0x020278b0                __kernel_sin
 .text          0x02027ac8       0x14 d:/devkitpro/devkitarm/bin/../lib/gcc/arm-eabi/4.5.1/../../../../arm-eabi/lib\libm.a(lib_a-s_fabs.o)
                0x02027ac8                fabs
 .text          0x02027adc       0x14 d:/devkitpro/devkitarm/bin/../lib/gcc/arm-eabi/4.5.1/../../../../arm-eabi/lib\libm.a(lib_a-s_finite.o)
                0x02027adc                finite
 .text          0x02027af0      0x198 d:/devkitpro/devkitarm/bin/../lib/gcc/arm-eabi/4.5.1/../../../../arm-eabi/lib\libm.a(lib_a-s_floor.o)
                0x02027af0                floor
 .text          0x02027c88       0x8c d:/devkitpro/devkitarm/bin/../lib/gcc/arm-eabi/4.5.1/../../../../arm-eabi/lib\libm.a(lib_a-s_fpclassify.o)
                0x02027c88                __fpclassifyd
 .text          0x02027d14        0x0 d:/devkitpro/devkitarm/bin/../lib/gcc/arm-eabi/4.5.1/../../../../arm-eabi/lib\libm.a(lib_a-s_lib_ver.o)
 .text          0x02027d14        0x8 d:/devkitpro/devkitarm/bin/../lib/gcc/arm-eabi/4.5.1/../../../../arm-eabi/lib\libm.a(lib_a-s_matherr.o)
                0x02027d14                matherr
 .text          0x02027d1c       0x10 d:/devkitpro/devkitarm/bin/../lib/gcc/arm-eabi/4.5.1/../../../../arm-eabi/lib\libm.a(lib_a-s_nan.o)
                0x02027d1c                nan
 .text          0x02027d2c      0x19c d:/devkitpro/devkitarm/bin/../lib/gcc/arm-eabi/4.5.1/../../../../arm-eabi/lib\libm.a(lib_a-s_rint.o)
                0x02027d2c                rint
 .text          0x02027ec8      0x1a8 d:/devkitpro/devkitarm/bin/../lib/gcc/arm-eabi/4.5.1/../../../../arm-eabi/lib\libm.a(lib_a-s_scalbn.o)
                0x02027ec8                scalbn
 .text          0x02028070       0x24 d:/devkitpro/devkitarm/bin/../lib/gcc/arm-eabi/4.5.1/../../../../arm-eabi/lib\libm.a(lib_a-s_copysign.o)
                0x02028070                copysign
 .text          0x02028094      0x114 d:/devkitpro/devkitarm/bin/../lib/gcc/arm-eabi/4.5.1\libgcc.a(_udivsi3.o)
                0x02028094                __aeabi_uidiv
                0x02028094                __udivsi3
                0x02028188                __aeabi_uidivmod
 .text          0x020281a8      0x148 d:/devkitpro/devkitarm/bin/../lib/gcc/arm-eabi/4.5.1\libgcc.a(_divsi3.o)
                0x020281a8                __divsi3
                0x020281a8                __aeabi_idiv
                0x020282d0                __aeabi_idivmod
 .text          0x020282f0        0x4 d:/devkitpro/devkitarm/bin/../lib/gcc/arm-eabi/4.5.1\libgcc.a(_dvmd_tls.o)
                0x020282f0                __aeabi_idiv0
                0x020282f0                __aeabi_ldiv0
 .text          0x020282f4      0x41c d:/devkitpro/devkitarm/bin/../lib/gcc/arm-eabi/4.5.1\libgcc.a(_arm_addsubdf3.o)
                0x020282f4                __aeabi_drsub
                0x020282fc                __aeabi_dsub
                0x020282fc                __subdf3
                0x02028300                __aeabi_dadd
                0x02028300                __adddf3
                0x02028610                __floatunsidf
                0x02028610                __aeabi_ui2d
                0x02028634                __floatsidf
                0x02028634                __aeabi_i2d
                0x0202865c                __aeabi_f2d
                0x0202865c                __extendsfdf2
                0x0202869c                __floatundidf
                0x0202869c                __aeabi_ul2d
                0x020286b0                __floatdidf
                0x020286b0                __aeabi_l2d
 .text          0x02028710      0x49c d:/devkitpro/devkitarm/bin/../lib/gcc/arm-eabi/4.5.1\libgcc.a(_arm_muldivdf3.o)
                0x02028710                __aeabi_dmul
                0x02028710                __muldf3
                0x020289a0                __divdf3
                0x020289a0                __aeabi_ddiv
 .text          0x02028bac      0x144 d:/devkitpro/devkitarm/bin/../lib/gcc/arm-eabi/4.5.1\libgcc.a(_arm_cmpdf2.o)
                0x02028bac                __gtdf2
                0x02028bac                __gedf2
                0x02028bb4                __ltdf2
                0x02028bb4                __ledf2
                0x02028bbc                __nedf2
                0x02028bbc                __eqdf2
                0x02028bbc                __cmpdf2
                0x02028c44                __aeabi_cdrcmple
                0x02028c60                __aeabi_cdcmpeq
                0x02028c60                __aeabi_cdcmple
                0x02028c78                __aeabi_dcmpeq
                0x02028c90                __aeabi_dcmplt
                0x02028ca8                __aeabi_dcmple
                0x02028cc0                __aeabi_dcmpge
                0x02028cd8                __aeabi_dcmpgt
 .text          0x02028cf0       0x5c d:/devkitpro/devkitarm/bin/../lib/gcc/arm-eabi/4.5.1\libgcc.a(_arm_fixdfsi.o)
                0x02028cf0                __aeabi_d2iz
                0x02028cf0                __fixdfsi
 .text          0x02028d4c       0x54 d:/devkitpro/devkitarm/bin/../lib/gcc/arm-eabi/4.5.1\libgcc.a(_arm_fixunsdfsi.o)
                0x02028d4c                __aeabi_d2uiz
                0x02028d4c                __fixunsdfsi
 .text          0x02028da0       0xa0 d:/devkitpro/devkitarm/bin/../lib/gcc/arm-eabi/4.5.1\libgcc.a(_arm_truncdfsf2.o)
                0x02028da0                __truncdfsf2
                0x02028da0                __aeabi_d2f
 .text          0x02028e40      0x2ac d:/devkitpro/devkitarm/bin/../lib/gcc/arm-eabi/4.5.1\libgcc.a(_arm_addsubsf3.o)
                0x02028e40                __aeabi_frsub
                0x02028e48                __subsf3
                0x02028e48                __aeabi_fsub
                0x02028e4c                __aeabi_fadd
                0x02028e4c                __addsf3
                0x02029008                __aeabi_ui2f
                0x02029008                __floatunsisf
                0x02029010                __aeabi_i2f
                0x02029010                __floatsisf
                0x02029030                __aeabi_ul2f
                0x02029030                __floatundisf
                0x02029040                __aeabi_l2f
                0x02029040                __floatdisf
 .text          0x020290ec      0x2f8 d:/devkitpro/devkitarm/bin/../lib/gcc/arm-eabi/4.5.1\libgcc.a(_arm_muldivsf3.o)
                0x020290ec                __mulsf3
                0x020290ec                __aeabi_fmul
                0x02029284                __aeabi_fdiv
                0x02029284                __divsf3
 .text          0x020293e4      0x114 d:/devkitpro/devkitarm/bin/../lib/gcc/arm-eabi/4.5.1\libgcc.a(_arm_cmpsf2.o)
                0x020293e4                __gesf2
                0x020293e4                __gtsf2
                0x020293ec                __lesf2
                0x020293ec                __ltsf2
                0x020293f4                __nesf2
                0x020293f4                __eqsf2
                0x020293f4                __cmpsf2
                0x02029458                __aeabi_cfrcmple
                0x02029468                __aeabi_cfcmpeq
                0x02029468                __aeabi_cfcmple
                0x02029480                __aeabi_fcmpeq
                0x02029498                __aeabi_fcmplt
                0x020294b0                __aeabi_fcmple
                0x020294c8                __aeabi_fcmpge
                0x020294e0                __aeabi_fcmpgt
 .text          0x020294f8       0x5c d:/devkitpro/devkitarm/bin/../lib/gcc/arm-eabi/4.5.1\libgcc.a(_arm_fixsfsi.o)
                0x020294f8                __aeabi_f2iz
                0x020294f8                __fixsfsi
 .text          0x02029554       0x54 d:/devkitpro/devkitarm/bin/../lib/gcc/arm-eabi/4.5.1\libgcc.a(_arm_fixunssfsi.o)
                0x02029554                __fixunssfsi
                0x02029554                __aeabi_f2uiz
 .text          0x020295a8       0x48 d:/devkitpro/devkitarm/bin/../lib/gcc/arm-eabi/4.5.1\libgcc.a(_muldi3.o)
                0x020295a8                __muldi3
                0x020295a8                __aeabi_lmul
 .text          0x020295f0      0xf3c d:/devkitpro/devkitarm/bin/../lib/gcc/arm-eabi/4.5.1\libgcc.a(unwind-arm.o)
                0x02029a28                _Unwind_VRS_Get
                0x02029a9c                _Unwind_VRS_Set
                0x02029f08                __aeabi_unwind_cpp_pr2
                0x02029f10                __aeabi_unwind_cpp_pr1
                0x02029f18                __aeabi_unwind_cpp_pr0
                0x02029f20                _Unwind_VRS_Pop
                0x0202a2bc                _Unwind_GetCFA
                0x0202a2c4                __gnu_Unwind_RaiseException
                0x0202a378                __gnu_Unwind_ForcedUnwind
                0x0202a39c                __gnu_Unwind_Resume
                0x0202a408                __gnu_Unwind_Resume_or_Rethrow
                0x0202a428                _Unwind_Complete
                0x0202a42c                _Unwind_DeleteException
                0x0202a450                __gnu_Unwind_Backtrace
 .text          0x0202a52c      0x1b0 d:/devkitpro/devkitarm/bin/../lib/gcc/arm-eabi/4.5.1\libgcc.a(libunwind.o)
                0x0202a52c                __restore_core_regs
                0x0202a52c                restore_core_regs
                0x0202a548                __gnu_Unwind_Restore_VFP
                0x0202a550                __gnu_Unwind_Save_VFP
                0x0202a558                __gnu_Unwind_Restore_VFP_D
                0x0202a560                __gnu_Unwind_Save_VFP_D
                0x0202a568                __gnu_Unwind_Restore_VFP_D_16_to_31
                0x0202a570                __gnu_Unwind_Save_VFP_D_16_to_31
                0x0202a578                __gnu_Unwind_Restore_WMMXD
                0x0202a5bc                __gnu_Unwind_Save_WMMXD
                0x0202a600                __gnu_Unwind_Restore_WMMXC
                0x0202a614                __gnu_Unwind_Save_WMMXC
                0x0202a628                ___Unwind_RaiseException
                0x0202a628                _Unwind_RaiseException
                0x0202a64c                _Unwind_Resume
                0x0202a64c                ___Unwind_Resume
                0x0202a670                _Unwind_Resume_or_Rethrow
                0x0202a670                ___Unwind_Resume_or_Rethrow
                0x0202a694                _Unwind_ForcedUnwind
                0x0202a694                ___Unwind_ForcedUnwind
                0x0202a6b8                ___Unwind_Backtrace
                0x0202a6b8                _Unwind_Backtrace
 .text          0x0202a6dc      0x554 d:/devkitpro/devkitarm/bin/../lib/gcc/arm-eabi/4.5.1\libgcc.a(pr-support.o)
                0x0202a77c                __gnu_unwind_execute
                0x0202aba4                __gnu_unwind_frame
                0x0202abec                _Unwind_GetRegionStart
                0x0202ac00                _Unwind_GetLanguageSpecificData
                0x0202ac20                _Unwind_GetDataRelBase
                0x0202ac28                _Unwind_GetTextRelBase
 .text          0x0202ac30       0x14 d:/devkitpro/devkitarm/bin/../lib/gcc/arm-eabi/4.5.1/../../../../arm-eabi/lib\libg.a(lib_a-abort.o)
                0x0202ac30                abort
 .text          0x0202ac44       0x7c d:/devkitpro/devkitarm/bin/../lib/gcc/arm-eabi/4.5.1/../../../../arm-eabi/lib\libg.a(lib_a-bsearch.o)
                0x0202ac44                bsearch
 .text          0x0202acc0       0x28 d:/devkitpro/devkitarm/bin/../lib/gcc/arm-eabi/4.5.1/../../../../arm-eabi/lib\libg.a(lib_a-calloc.o)
                0x0202acc0                calloc
 .text          0x0202ace8       0x9c d:/devkitpro/devkitarm/bin/../lib/gcc/arm-eabi/4.5.1/../../../../arm-eabi/lib\libg.a(lib_a-callocr.o)
                0x0202ace8                _calloc_r
 .text          0x0202ad84       0x10 d:/devkitpro/devkitarm/bin/../lib/gcc/arm-eabi/4.5.1/../../../../arm-eabi/lib\libg.a(lib_a-errno.o)
                0x0202ad84                __errno
 .text          0x0202ad94      0x10c d:/devkitpro/devkitarm/bin/../lib/gcc/arm-eabi/4.5.1/../../../../arm-eabi/lib\libg.a(lib_a-fclose.o)
                0x0202ad94                _fclose_r
                0x0202ae8c                fclose
 .text          0x0202aea0      0x298 d:/devkitpro/devkitarm/bin/../lib/gcc/arm-eabi/4.5.1/../../../../arm-eabi/lib\libg.a(lib_a-fflush.o)
                0x0202aea0                _fflush_r
                0x0202b0f8                fflush
 .text          0x0202b138      0x334 d:/devkitpro/devkitarm/bin/../lib/gcc/arm-eabi/4.5.1/../../../../arm-eabi/lib\libg.a(lib_a-findfp.o)
                0x0202b148                _cleanup_r
                0x0202b160                __sfmoreglue
                0x0202b1a8                _cleanup
                0x0202b1b8                __sinit
                0x0202b320                __sfp
                0x0202b414                __sfp_lock_acquire
                0x0202b418                __sfp_lock_release
                0x0202b41c                __sinit_lock_acquire
                0x0202b420                __sinit_lock_release
                0x0202b424                __fp_lock_all
                0x0202b448                __fp_unlock_all
 .text          0x0202b46c       0x70 d:/devkitpro/devkitarm/bin/../lib/gcc/arm-eabi/4.5.1/../../../../arm-eabi/lib\libg.a(lib_a-fprintf.o)
                0x0202b46c                _fprintf_r
                0x0202b49c                fprintf
 .text          0x0202b4dc       0x94 d:/devkitpro/devkitarm/bin/../lib/gcc/arm-eabi/4.5.1/../../../../arm-eabi/lib\libg.a(lib_a-fputc.o)
                0x0202b4dc                _fputc_r
                0x0202b520                fputc
 .text          0x0202b570       0xa8 d:/devkitpro/devkitarm/bin/../lib/gcc/arm-eabi/4.5.1/../../../../arm-eabi/lib\libg.a(lib_a-fputs.o)
                0x0202b570                _fputs_r
                0x0202b5fc                fputs
 .text          0x0202b618      0x270 d:/devkitpro/devkitarm/bin/../lib/gcc/arm-eabi/4.5.1/../../../../arm-eabi/lib\libg.a(lib_a-fread.o)
                0x0202b618                _fread_r
                0x0202b844                fread
 .text          0x0202b888      0x360 d:/devkitpro/devkitarm/bin/../lib/gcc/arm-eabi/4.5.1/../../../../arm-eabi/lib\libg.a(lib_a-freer.o)
                0x0202b888                _malloc_trim_r
                0x0202b984                _free_r
 .text          0x0202bbe8      0x4ac d:/devkitpro/devkitarm/bin/../lib/gcc/arm-eabi/4.5.1/../../../../arm-eabi/lib\libg.a(lib_a-fvwrite.o)
                0x0202bbe8                __sfvwrite_r
 .text          0x0202c094      0x10c d:/devkitpro/devkitarm/bin/../lib/gcc/arm-eabi/4.5.1/../../../../arm-eabi/lib\libg.a(lib_a-fwalk.o)
                0x0202c094                _fwalk
                0x0202c118                _fwalk_reent
 .text          0x0202c1a0       0xec d:/devkitpro/devkitarm/bin/../lib/gcc/arm-eabi/4.5.1/../../../../arm-eabi/lib\libg.a(lib_a-fwrite.o)
                0x0202c1a0                _fwrite_r
                0x0202c248                fwrite
 .text          0x0202c28c        0x0 d:/devkitpro/devkitarm/bin/../lib/gcc/arm-eabi/4.5.1/../../../../arm-eabi/lib\libg.a(lib_a-impure.o)
 .text          0x0202c28c       0xc4 d:/devkitpro/devkitarm/bin/../lib/gcc/arm-eabi/4.5.1/../../../../arm-eabi/lib\libg.a(lib_a-init.o)
                0x0202c28c                __libc_init_array
                0x0202c30c                __libc_fini_array
 .text          0x0202c350       0x40 d:/devkitpro/devkitarm/bin/../lib/gcc/arm-eabi/4.5.1/../../../../arm-eabi/lib\libg.a(lib_a-malloc.o)
                0x0202c350                malloc
                0x0202c370                free
 .text          0x0202c390      0x710 d:/devkitpro/devkitarm/bin/../lib/gcc/arm-eabi/4.5.1/../../../../arm-eabi/lib\libg.a(lib_a-mallocr.o)
                0x0202c390                _malloc_r
 .text          0x0202caa0      0x108 d:/devkitpro/devkitarm/bin/../lib/gcc/arm-eabi/4.5.1/../../../../arm-eabi/lib\libg.a(lib_a-memchr.o)
                0x0202caa0                memchr
 .text          0x0202cba8       0xa8 d:/devkitpro/devkitarm/bin/../lib/gcc/arm-eabi/4.5.1/../../../../arm-eabi/lib\libg.a(lib_a-memcmp.o)
                0x0202cba8                memcmp
 .text          0x0202cc50       0xf8 d:/devkitpro/devkitarm/bin/../lib/gcc/arm-eabi/4.5.1/../../../../arm-eabi/lib\libg.a(lib_a-memcpy.o)
                0x0202cc50                memcpy
 .text          0x0202cd48      0x138 d:/devkitpro/devkitarm/bin/../lib/gcc/arm-eabi/4.5.1/../../../../arm-eabi/lib\libg.a(lib_a-memmove.o)
                0x0202cd48                memmove
 .text          0x0202ce80      0x100 d:/devkitpro/devkitarm/bin/../lib/gcc/arm-eabi/4.5.1/../../../../arm-eabi/lib\libg.a(lib_a-memset.o)
                0x0202ce80                memset
 .text          0x0202cf80        0x8 d:/devkitpro/devkitarm/bin/../lib/gcc/arm-eabi/4.5.1/../../../../arm-eabi/lib\libg.a(lib_a-mlock.o)
                0x0202cf80                __malloc_lock
                0x0202cf84                __malloc_unlock
 .text          0x0202cf88      0x168 d:/devkitpro/devkitarm/bin/../lib/gcc/arm-eabi/4.5.1/../../../../arm-eabi/lib\libg.a(lib_a-putc.o)
                0x0202cf88                _putc_r
                0x0202d034                putc
 .text          0x0202d0f0       0x78 d:/devkitpro/devkitarm/bin/../lib/gcc/arm-eabi/4.5.1/../../../../arm-eabi/lib\libg.a(lib_a-rand.o)
                0x0202d0f0                srand
                0x0202d10c                rand
 .text          0x0202d168       0x28 d:/devkitpro/devkitarm/bin/../lib/gcc/arm-eabi/4.5.1/../../../../arm-eabi/lib\libg.a(lib_a-realloc.o)
                0x0202d168                realloc
 .text          0x0202d190      0x5c0 d:/devkitpro/devkitarm/bin/../lib/gcc/arm-eabi/4.5.1/../../../../arm-eabi/lib\libg.a(lib_a-reallocr.o)
                0x0202d190                _realloc_r
 .text          0x0202d750      0x1d0 d:/devkitpro/devkitarm/bin/../lib/gcc/arm-eabi/4.5.1/../../../../arm-eabi/lib\libg.a(lib_a-refill.o)
                0x0202d778                __srefill_r
 .text          0x0202d920       0x2c d:/devkitpro/devkitarm/bin/../lib/gcc/arm-eabi/4.5.1/../../../../arm-eabi/lib\libg.a(lib_a-setjmp.o)
                0x0202d920                setjmp
                0x0202d934                longjmp
 .text          0x0202d94c      0x238 d:/devkitpro/devkitarm/bin/../lib/gcc/arm-eabi/4.5.1/../../../../arm-eabi/lib\libg.a(lib_a-signal.o)
                0x0202d94c                _init_signal_r
                0x0202d9a0                _signal_r
                0x0202da08                _raise_r
                0x0202da9c                __sigtramp_r
                0x0202db30                raise
                0x0202db44                signal
                0x0202db60                _init_signal
                0x0202db70                __sigtramp
 .text          0x0202db84      0x130 d:/devkitpro/devkitarm/bin/../lib/gcc/arm-eabi/4.5.1/../../../../arm-eabi/lib\libg.a(lib_a-snprintf.o)
                0x0202db84                _snprintf_r
                0x0202dc18                snprintf
 .text          0x0202dcb4       0xdc d:/devkitpro/devkitarm/bin/../lib/gcc/arm-eabi/4.5.1/../../../../arm-eabi/lib\libg.a(lib_a-sprintf.o)
                0x0202dcb4                _sprintf_r
                0x0202dd1c                sprintf
 .text          0x0202dd90       0xe0 d:/devkitpro/devkitarm/bin/../lib/gcc/arm-eabi/4.5.1/../../../../arm-eabi/lib\libg.a(lib_a-stdio.o)
                0x0202dd90                __sread
                0x0202ddc4                __seofread
                0x0202ddcc                __swrite
                0x0202de24                __sseek
                0x0202de5c                __sclose
 .text          0x0202de70      0x230 d:/devkitpro/devkitarm/bin/../lib/gcc/arm-eabi/4.5.1/../../../../arm-eabi/lib\libg.a(lib_a-strcmp.o)
                0x0202de70                strcmp
 .text          0x0202e0a0       0xf0 d:/devkitpro/devkitarm/bin/../lib/gcc/arm-eabi/4.5.1/../../../../arm-eabi/lib\libg.a(lib_a-strcpy.o)
                0x0202e0a0                strcpy
 .text          0x0202e190       0x60 d:/devkitpro/devkitarm/bin/../lib/gcc/arm-eabi/4.5.1/../../../../arm-eabi/lib\libg.a(lib_a-strlen.o)
                0x0202e190                strlen
 .text          0x0202e1f0      0x170 d:/devkitpro/devkitarm/bin/../lib/gcc/arm-eabi/4.5.1/../../../../arm-eabi/lib\libg.a(lib_a-strncmp.o)
                0x0202e1f0                strncmp
 .text          0x0202e360     0x16a0 d:/devkitpro/devkitarm/bin/../lib/gcc/arm-eabi/4.5.1/../../../../arm-eabi/lib\libg.a(lib_a-strtod.o)
                0x0202e3a8                _strtod_r
                0x0202f994                strtod
                0x0202f9b0                strtof
 .text          0x0202fa00     0x233c d:/devkitpro/devkitarm/bin/../lib/gcc/arm-eabi/4.5.1/../../../../arm-eabi/lib\libg.a(lib_a-svfprintf.o)
                0x0202fa00                _svfprintf_r
 .text          0x02031d3c       0x30 d:/devkitpro/devkitarm/bin/../lib/gcc/arm-eabi/4.5.1/../../../../arm-eabi/lib\libg.a(lib_a-syswrite.o)
                0x02031d3c                write
 .text          0x02031d6c     0x2588 d:/devkitpro/devkitarm/bin/../lib/gcc/arm-eabi/4.5.1/../../../../arm-eabi/lib\libg.a(lib_a-vfprintf.o)
                0x02031d6c                _vfprintf_r
                0x020342c8                vfprintf
 .text          0x020342f4      0x15c d:/devkitpro/devkitarm/bin/../lib/gcc/arm-eabi/4.5.1/../../../../arm-eabi/lib\libg.a(lib_a-wbuf.o)
                0x020342f4                __swbuf_r
                0x02034434                __swbuf
 .text          0x02034450      0x14c d:/devkitpro/devkitarm/bin/../lib/gcc/arm-eabi/4.5.1/../../../../arm-eabi/lib\libg.a(lib_a-wcrtomb.o)
                0x02034450                _wcrtomb_r
                0x020344ec                wcrtomb
 .text          0x0203459c       0x68 d:/devkitpro/devkitarm/bin/../lib/gcc/arm-eabi/4.5.1/../../../../arm-eabi/lib\libg.a(lib_a-wcsrtombs.o)
                0x0203459c                _wcsrtombs_r
                0x020345c4                wcsrtombs
 .text          0x02034604      0x3a8 d:/devkitpro/devkitarm/bin/../lib/gcc/arm-eabi/4.5.1/../../../../arm-eabi/lib\libg.a(lib_a-wctomb_r.o)
                0x02034604                __utf8_wctomb
                0x02034720                _wctomb_r
                0x02034770                __ascii_wctomb
                0x0203479c                __sjis_wctomb
                0x0203481c                __eucjp_wctomb
                0x020348d4                __jis_wctomb
 .text          0x020349ac      0x134 d:/devkitpro/devkitarm/bin/../lib/gcc/arm-eabi/4.5.1/../../../../arm-eabi/lib\libg.a(lib_a-wsetup.o)
                0x020349ac                __swsetup_r
 .text          0x02034ae0     0x1810 d:/devkitpro/devkitarm/bin/../lib/gcc/arm-eabi/4.5.1/../../../../arm-eabi/lib\libg.a(lib_a-dtoa.o)
                0x02034cb0                _dtoa_r
 .text          0x020362f0      0x9b4 d:/devkitpro/devkitarm/bin/../lib/gcc/arm-eabi/4.5.1/../../../../arm-eabi/lib\libg.a(lib_a-gdtoa-gethex.o)
                0x020363cc                __hexdig_init
                0x02036450                __gethex
 .text          0x02036ca4      0x2bc d:/devkitpro/devkitarm/bin/../lib/gcc/arm-eabi/4.5.1/../../../../arm-eabi/lib\libg.a(lib_a-gdtoa-hexnan.o)
                0x02036ca4                __hexnan
 .text          0x02036f60      0xbb0 d:/devkitpro/devkitarm/bin/../lib/gcc/arm-eabi/4.5.1/../../../../arm-eabi/lib\libg.a(lib_a-locale.o)
                0x02037778                _setlocale_r
                0x02037ab4                __locale_charset
                0x02037ac0                __locale_msgcharset
                0x02037acc                __locale_cjk_lang
                0x02037adc                _localeconv_r
                0x02037ae8                setlocale
                0x02037b04                localeconv
 .text          0x02037b10      0x164 d:/devkitpro/devkitarm/bin/../lib/gcc/arm-eabi/4.5.1/../../../../arm-eabi/lib\libg.a(lib_a-makebuf.o)
                0x02037b10                __smakebuf_r
 .text          0x02037c74      0x720 d:/devkitpro/devkitarm/bin/../lib/gcc/arm-eabi/4.5.1/../../../../arm-eabi/lib\libg.a(lib_a-mbtowc_r.o)
                0x02037c74                __utf8_mbtowc
                0x02037f78                _mbtowc_r
                0x02037fcc                __ascii_mbtowc
                0x02038010                __sjis_mbtowc
                0x020380e4                __eucjp_mbtowc
                0x02038210                __jis_mbtowc
 .text          0x02038394      0xd3c d:/devkitpro/devkitarm/bin/../lib/gcc/arm-eabi/4.5.1/../../../../arm-eabi/lib\libg.a(lib_a-mprec.o)
                0x02038394                _Balloc
                0x0203841c                _Bfree
                0x02038438                __multadd
                0x02038514                __s2b
                0x02038604                __hi0bits
                0x02038654                __lo0bits
                0x020386e4                __i2b
                0x02038708                __multiply
                0x020388f8                __pow5mult
                0x020389f0                __lshift
                0x02038af4                __mcmp
                0x02038b54                __mdiff
                0x02038cac                __ulp
                0x02038d0c                __b2d
                0x02038dd4                __d2b
                0x02038ee0                __ratio
                0x02038f80                _mprec_log10
                0x02038fd4                __copybits
                0x02039048                __any_on
 .text          0x020390d0        0xc d:/devkitpro/devkitarm/bin/../lib/gcc/arm-eabi/4.5.1/../../../../arm-eabi/lib\libg.a(lib_a-sf_nan.o)
                0x020390d0                nanf
 .text          0x020390dc       0x64 d:/devkitpro/devkitarm/bin/../lib/gcc/arm-eabi/4.5.1/../../../../arm-eabi/lib\libg.a(lib_a-strcasecmp.o)
                0x020390dc                strcasecmp
 .text          0x02039140       0xb0 d:/devkitpro/devkitarm/bin/../lib/gcc/arm-eabi/4.5.1/../../../../arm-eabi/lib\libg.a(lib_a-strcat.o)
                0x02039140                strcat
 .text          0x020391f0      0x23c d:/devkitpro/devkitarm/bin/../lib/gcc/arm-eabi/4.5.1/../../../../arm-eabi/lib\libg.a(lib_a-strchr.o)
                0x020391f0                strchr
 .text          0x0203942c       0x7c d:/devkitpro/devkitarm/bin/../lib/gcc/arm-eabi/4.5.1/../../../../arm-eabi/lib\libg.a(lib_a-strlcpy.o)
                0x0203942c                strlcpy
 .text          0x020394a8       0x7c d:/devkitpro/devkitarm/bin/../lib/gcc/arm-eabi/4.5.1/../../../../arm-eabi/lib\libg.a(lib_a-strncasecmp.o)
                0x020394a8                strncasecmp
 .text          0x02039524       0xec d:/devkitpro/devkitarm/bin/../lib/gcc/arm-eabi/4.5.1/../../../../arm-eabi/lib\libg.a(lib_a-strncpy.o)
                0x02039524                strncpy
 .text          0x02039610      0x1f4 d:/devkitpro/devkitarm/bin/../lib/gcc/arm-eabi/4.5.1/../../../../arm-eabi/lib\libg.a(lib_a-strtol.o)
                0x02039610                _strtol_r
                0x020397d8                strtol
 .text          0x02039804     0x16b4 d:/devkitpro/devkitarm/bin/../lib/gcc/arm-eabi/4.5.1/../../../../arm-eabi/lib\libg.a(lib_a-svfiprintf.o)
                0x02039804                __ssprint_r
                0x02039998                _svfiprintf_r
 .text          0x0203aeb8     0x16dc d:/devkitpro/devkitarm/bin/../lib/gcc/arm-eabi/4.5.1/../../../../arm-eabi/lib\libg.a(lib_a-vfiprintf.o)
                0x0203aeb8                __sprint_r
                0x0203af78                _vfiprintf_r
                0x0203c568                vfiprintf
 .text          0x0203c594      0x1dc d:/devkitpro/devkitarm/bin/../lib/gcc/arm-eabi/4.5.1/../../../../arm-eabi/lib\libg.a(lib_a-wcsnrtombs.o)
                0x0203c594                _wcsnrtombs_r
                0x0203c724                wcsnrtombs
 .text          0x0203c770       0x18 d:/devkitpro/devkitarm/bin/../lib/gcc/arm-eabi/4.5.1/../../../../arm-eabi/lib\libg.a(lib_a-ctype_.o)
                0x0203c770                __set_ctype
 .text          0x0203c788      0x1c0 d:/devkitpro/devkitarm/bin/../lib/gcc/arm-eabi/4.5.1/../../../../arm-eabi/lib\libg.a(lib_a-fputwc.o)
                0x0203c788                _fputwc_r
                0x0203c8fc                fputwc
 .text          0x0203c948      0x100 d:/devkitpro/devkitarm/bin/../lib/gcc/arm-eabi/4.5.1/../../../../arm-eabi/lib\libg.a(lib_a-getenv_r.o)
                0x0203c948                _findenv_r
                0x0203ca2c                _getenv_r
 .text          0x0203ca48        0x0 d:/devkitpro/devkitarm/bin/../lib/gcc/arm-eabi/4.5.1/../../../../arm-eabi/lib\libg.a(lib_a-environ.o)
 .text          0x0203ca48        0x8 d:/devkitpro/devkitarm/bin/../lib/gcc/arm-eabi/4.5.1/../../../../arm-eabi/lib\libg.a(lib_a-envlock.o)
                0x0203ca48                __env_lock
                0x0203ca4c                __env_unlock
 .text          0x0203ca50       0x78 d:/devkitpro/devkitarm/bin/../lib/gcc/arm-eabi/4.5.1/../../../../arm-eabi/lib\libsysbase.a(close.o)
                0x0203ca50                _close_r
 .text          0x0203cac8       0x88 d:/devkitpro/devkitarm/bin/../lib/gcc/arm-eabi/4.5.1/../../../../arm-eabi/lib\libsysbase.a(fstat.o)
                0x0203cac8                _fstat_r
 .text          0x0203cb50       0x10 d:/devkitpro/devkitarm/bin/../lib/gcc/arm-eabi/4.5.1/../../../../arm-eabi/lib\libsysbase.a(getpid.o)
                0x0203cb50                _getpid_r
 .text          0x0203cb60        0x8 d:/devkitpro/devkitarm/bin/../lib/gcc/arm-eabi/4.5.1/../../../../arm-eabi/lib\libsysbase.a(isatty.o)
                0x0203cb60                _isatty_r
 .text          0x0203cb68       0x10 d:/devkitpro/devkitarm/bin/../lib/gcc/arm-eabi/4.5.1/../../../../arm-eabi/lib\libsysbase.a(kill.o)
                0x0203cb68                _kill_r
 .text          0x0203cb78       0x8c d:/devkitpro/devkitarm/bin/../lib/gcc/arm-eabi/4.5.1/../../../../arm-eabi/lib\libsysbase.a(lseek.o)
                0x0203cb78                _lseek_r
 .text          0x0203cc04       0x8c d:/devkitpro/devkitarm/bin/../lib/gcc/arm-eabi/4.5.1/../../../../arm-eabi/lib\libsysbase.a(read.o)
                0x0203cc04                _read_r
 .text          0x0203cc90       0x78 d:/devkitpro/devkitarm/bin/../lib/gcc/arm-eabi/4.5.1/../../../../arm-eabi/lib\libsysbase.a(sbrk.o)
                0x0203cc90                _sbrk_r
 .text          0x0203cd08       0x68 d:/devkitpro/devkitarm/bin/../lib/gcc/arm-eabi/4.5.1/../../../../arm-eabi/lib\libsysbase.a(times.o)
                0x0203cd08                _times
                0x0203cd24                _times_r
                0x0203cd2c                _gettimeofday_r
 .text          0x0203cd70       0x8c d:/devkitpro/devkitarm/bin/../lib/gcc/arm-eabi/4.5.1/../../../../arm-eabi/lib\libsysbase.a(write.o)
                0x0203cd70                _write_r
 .text          0x0203cdfc       0x20 d:/devkitpro/devkitarm/bin/../lib/gcc/arm-eabi/4.5.1/../../../../arm-eabi/lib\libsysbase.a(_exit.o)
                0x0203cdfc                _exit
 .text          0x0203ce1c        0x0 d:/devkitpro/devkitarm/bin/../lib/gcc/arm-eabi/4.5.1/../../../../arm-eabi/lib\libsysbase.a(malloc_vars.o)
 .text          0x0203ce1c       0x84 d:/devkitpro/devkitarm/bin/../lib/gcc/arm-eabi/4.5.1/../../../../arm-eabi/lib\libsysbase.a(build_argv.o)
                0x0203ce1c                build_argv
 .text          0x0203cea0        0x0 d:/devkitpro/devkitarm/bin/../lib/gcc/arm-eabi/4.5.1/../../../../arm-eabi/lib\libsysbase.a(syscall_support.o)
 .text          0x0203cea0       0xac d:/devkitpro/devkitarm/bin/../lib/gcc/arm-eabi/4.5.1/../../../../arm-eabi/lib\libsysbase.a(handle_manager.o)
                0x0203cea0                __release_handle
                0x0203ced8                __alloc_handle
                0x0203cf30                __get_handle
 .text          0x0203cf4c      0x1b4 d:/devkitpro/devkitarm/bin/../lib/gcc/arm-eabi/4.5.1/../../../../arm-eabi/lib\libsysbase.a(iosupport.o)
                0x0203cf4c                setDefaultDevice
                0x0203cf64                FindDevice
                0x0203d010                RemoveDevice
                0x0203d040                AddDevice
                0x0203d0d8                GetDeviceOpTab
 .text          0x0203d100       0x3c d:/devkitpro/devkitarm/bin/../lib/gcc/arm-eabi/4.5.1\libgcc.a(_aeabi_uldivmod.o)
                0x0203d100                __aeabi_uldivmod
 .text          0x0203d13c       0x80 d:/devkitpro/devkitarm/bin/../lib/gcc/arm-eabi/4.5.1\libgcc.a(bpabi.o)
                0x0203d13c                __gnu_ldivmod_helper
                0x0203d17c                __gnu_uldivmod_helper
 .text          0x0203d1bc      0x4b8 d:/devkitpro/devkitarm/bin/../lib/gcc/arm-eabi/4.5.1\libgcc.a(_divdi3.o)
                0x0203d1bc                __divdi3
 .text          0x0203d674      0x44c d:/devkitpro/devkitarm/bin/../lib/gcc/arm-eabi/4.5.1\libgcc.a(_udivdi3.o)
                0x0203d674                __udivdi3
 .text          0x0203dac0       0x48 d:/devkitpro/devkitarm/bin/../lib/gcc/arm-eabi/4.5.1\libgcc.a(_clzsi2.o)
                0x0203dac0                __clzsi2
 .text          0x0203db08        0x0 d:/devkitpro/devkitarm/bin/../lib/gcc/arm-eabi/4.5.1/crtend.o
 .text          0x0203db08        0x0 d:/devkitpro/devkitarm/bin/../lib/gcc/arm-eabi/4.5.1/crtn.o
 *(.text.*)
 .text._Znwj    0x0203db08       0x98 d:/devkitpro/devkitarm/bin/../lib/gcc/arm-eabi/4.5.1/../../../../arm-eabi/lib\libstdc++.a(new_op.o)
                0x0203db08                operator new(unsigned int)
 .text.__cxa_allocate_exception
                0x0203dba0       0x9c d:/devkitpro/devkitarm/bin/../lib/gcc/arm-eabi/4.5.1/../../../../arm-eabi/lib\libstdc++.a(eh_alloc.o)
                0x0203dba0                __cxa_allocate_exception
 .text.__cxa_free_exception
                0x0203dc3c       0x54 d:/devkitpro/devkitarm/bin/../lib/gcc/arm-eabi/4.5.1/../../../../arm-eabi/lib\libstdc++.a(eh_alloc.o)
                0x0203dc3c                __cxa_free_exception
 .text.__cxa_allocate_dependent_exception
                0x0203dc90       0x98 d:/devkitpro/devkitarm/bin/../lib/gcc/arm-eabi/4.5.1/../../../../arm-eabi/lib\libstdc++.a(eh_alloc.o)
                0x0203dc90                __cxa_allocate_dependent_exception
 .text.__cxa_free_dependent_exception
                0x0203dd28       0x5c d:/devkitpro/devkitarm/bin/../lib/gcc/arm-eabi/4.5.1/../../../../arm-eabi/lib\libstdc++.a(eh_alloc.o)
                0x0203dd28                __cxa_free_dependent_exception
 .text._GLOBAL__I___cxa_allocate_exception
                0x0203dd84        0x4 d:/devkitpro/devkitarm/bin/../lib/gcc/arm-eabi/4.5.1/../../../../arm-eabi/lib\libstdc++.a(eh_alloc.o)
 .text.__cxa_type_match
                0x0203dd88      0x19c d:/devkitpro/devkitarm/bin/../lib/gcc/arm-eabi/4.5.1/../../../../arm-eabi/lib\libstdc++.a(eh_arm.o)
                0x0203dd88                __cxa_type_match
 .text.__cxa_begin_cleanup
                0x0203df24       0xb0 d:/devkitpro/devkitarm/bin/../lib/gcc/arm-eabi/4.5.1/../../../../arm-eabi/lib\libstdc++.a(eh_arm.o)
                0x0203df24                __cxa_begin_cleanup
 .text.__gnu_end_cleanup
                0x0203dfd4       0xb0 d:/devkitpro/devkitarm/bin/../lib/gcc/arm-eabi/4.5.1/../../../../arm-eabi/lib\libstdc++.a(eh_arm.o)
                0x0203dfd4                __gnu_end_cleanup
 .text.__cxa_bad_cast
                0x0203e084       0x2c d:/devkitpro/devkitarm/bin/../lib/gcc/arm-eabi/4.5.1/../../../../arm-eabi/lib\libstdc++.a(eh_aux_runtime.o)
                0x0203e084                __cxa_bad_cast
 .text.__cxa_bad_typeid
                0x0203e0b0       0x2c d:/devkitpro/devkitarm/bin/../lib/gcc/arm-eabi/4.5.1/../../../../arm-eabi/lib\libstdc++.a(eh_aux_runtime.o)
                0x0203e0b0                __cxa_bad_typeid
 .text.__cxa_call_terminate
                0x0203e0dc       0x7c d:/devkitpro/devkitarm/bin/../lib/gcc/arm-eabi/4.5.1/../../../../arm-eabi/lib\libstdc++.a(eh_call.o)
                0x0203e0dc                __cxa_call_terminate
 .text.__cxa_call_unexpected
                0x0203e158      0x1a0 d:/devkitpro/devkitarm/bin/../lib/gcc/arm-eabi/4.5.1/../../../../arm-eabi/lib\libstdc++.a(eh_call.o)
                0x0203e158                __cxa_call_unexpected
 .text.__cxa_get_exception_ptr
                0x0203e2f8        0x8 d:/devkitpro/devkitarm/bin/../lib/gcc/arm-eabi/4.5.1/../../../../arm-eabi/lib\libstdc++.a(eh_catch.o)
                0x0203e2f8                __cxa_get_exception_ptr
 .text.__cxa_begin_catch
                0x0203e300       0xdc d:/devkitpro/devkitarm/bin/../lib/gcc/arm-eabi/4.5.1/../../../../arm-eabi/lib\libstdc++.a(eh_catch.o)
                0x0203e300                __cxa_begin_catch
 .text.__cxa_end_catch
                0x0203e3dc       0xe4 d:/devkitpro/devkitarm/bin/../lib/gcc/arm-eabi/4.5.1/../../../../arm-eabi/lib\libstdc++.a(eh_catch.o)
                0x0203e3dc                __cxa_end_catch
 .text._ZSt18uncaught_exceptionv
                0x0203e4c0       0x1c d:/devkitpro/devkitarm/bin/../lib/gcc/arm-eabi/4.5.1/../../../../arm-eabi/lib\libstdc++.a(eh_catch.o)
                0x0203e4c0                std::uncaught_exception()
 .text._ZNSt9exceptionD2Ev
                0x0203e4dc       0x10 d:/devkitpro/devkitarm/bin/../lib/gcc/arm-eabi/4.5.1/../../../../arm-eabi/lib\libstdc++.a(eh_exception.o)
                0x0203e4dc                std::exception::~exception()
                0x0203e4dc                std::exception::~exception()
 .text._ZNSt13bad_exceptionD2Ev
                0x0203e4ec       0x10 d:/devkitpro/devkitarm/bin/../lib/gcc/arm-eabi/4.5.1/../../../../arm-eabi/lib\libstdc++.a(eh_exception.o)
                0x0203e4ec                std::bad_exception::~bad_exception()
                0x0203e4ec                std::bad_exception::~bad_exception()
 .text._ZN10__cxxabiv115__forced_unwindD2Ev
                0x0203e4fc       0x10 d:/devkitpro/devkitarm/bin/../lib/gcc/arm-eabi/4.5.1/../../../../arm-eabi/lib\libstdc++.a(eh_exception.o)
                0x0203e4fc                __cxxabiv1::__forced_unwind::~__forced_unwind()
                0x0203e4fc                __cxxabiv1::__forced_unwind::~__forced_unwind()
 .text._ZN10__cxxabiv119__foreign_exceptionD2Ev
                0x0203e50c       0x10 d:/devkitpro/devkitarm/bin/../lib/gcc/arm-eabi/4.5.1/../../../../arm-eabi/lib\libstdc++.a(eh_exception.o)
                0x0203e50c                __cxxabiv1::__foreign_exception::~__foreign_exception()
                0x0203e50c                __cxxabiv1::__foreign_exception::~__foreign_exception()
 .text._ZNKSt9exception4whatEv
                0x0203e51c        0xc d:/devkitpro/devkitarm/bin/../lib/gcc/arm-eabi/4.5.1/../../../../arm-eabi/lib\libstdc++.a(eh_exception.o)
                0x0203e51c                std::exception::what() const
 .text._ZNKSt13bad_exception4whatEv
                0x0203e528        0xc d:/devkitpro/devkitarm/bin/../lib/gcc/arm-eabi/4.5.1/../../../../arm-eabi/lib\libstdc++.a(eh_exception.o)
                0x0203e528                std::bad_exception::what() const
 .text._ZN10__cxxabiv119__foreign_exceptionD0Ev
                0x0203e534       0x24 d:/devkitpro/devkitarm/bin/../lib/gcc/arm-eabi/4.5.1/../../../../arm-eabi/lib\libstdc++.a(eh_exception.o)
                0x0203e534                __cxxabiv1::__foreign_exception::~__foreign_exception()
 .text._ZN10__cxxabiv115__forced_unwindD0Ev
                0x0203e558       0x24 d:/devkitpro/devkitarm/bin/../lib/gcc/arm-eabi/4.5.1/../../../../arm-eabi/lib\libstdc++.a(eh_exception.o)
                0x0203e558                __cxxabiv1::__forced_unwind::~__forced_unwind()
 .text._ZNSt13bad_exceptionD0Ev
                0x0203e57c       0x24 d:/devkitpro/devkitarm/bin/../lib/gcc/arm-eabi/4.5.1/../../../../arm-eabi/lib\libstdc++.a(eh_exception.o)
                0x0203e57c                std::bad_exception::~bad_exception()
 .text._ZNSt9exceptionD0Ev
                0x0203e5a0       0x24 d:/devkitpro/devkitarm/bin/../lib/gcc/arm-eabi/4.5.1/../../../../arm-eabi/lib\libstdc++.a(eh_exception.o)
                0x0203e5a0                std::exception::~exception()
 .text.__cxa_get_globals_fast
                0x0203e5c4        0xc d:/devkitpro/devkitarm/bin/../lib/gcc/arm-eabi/4.5.1/../../../../arm-eabi/lib\libstdc++.a(eh_globals.o)
                0x0203e5c4                __cxa_get_globals_fast
 .text.__cxa_get_globals
                0x0203e5d0        0xc d:/devkitpro/devkitarm/bin/../lib/gcc/arm-eabi/4.5.1/../../../../arm-eabi/lib\libstdc++.a(eh_globals.o)
                0x0203e5d0                __cxa_get_globals
 .text._ZL12read_sleb128PKhPl
                0x0203e5dc       0x4c d:/devkitpro/devkitarm/bin/../lib/gcc/arm-eabi/4.5.1/../../../../arm-eabi/lib\libstdc++.a(eh_personality.o)
 .text._ZL28read_encoded_value_with_basehjPKhPj
                0x0203e628      0x164 d:/devkitpro/devkitarm/bin/../lib/gcc/arm-eabi/4.5.1/../../../../arm-eabi/lib\libstdc++.a(eh_personality.o)
 .text._ZL21base_of_encoded_valuehP15_Unwind_Context
                0x0203e78c       0x7c d:/devkitpro/devkitarm/bin/../lib/gcc/arm-eabi/4.5.1/../../../../arm-eabi/lib\libstdc++.a(eh_personality.o)
 .text._ZL17parse_lsda_headerP15_Unwind_ContextPKhP16lsda_header_info
                0x0203e808       0xcc d:/devkitpro/devkitarm/bin/../lib/gcc/arm-eabi/4.5.1/../../../../arm-eabi/lib\libstdc++.a(eh_personality.o)
 .text.__gxx_personality_v0
                0x0203e8d4      0x61c d:/devkitpro/devkitarm/bin/../lib/gcc/arm-eabi/4.5.1/../../../../arm-eabi/lib\libstdc++.a(eh_personality.o)
                0x0203e8d4                __gxx_personality_v0
 .text._ZN10__cxxabiv111__terminateEPFvvE
                0x0203eef0       0x3c d:/devkitpro/devkitarm/bin/../lib/gcc/arm-eabi/4.5.1/../../../../arm-eabi/lib\libstdc++.a(eh_terminate.o)
                0x0203eef0                __cxxabiv1::__terminate(void (*)())
 .text._ZSt9terminatev
                0x0203ef2c       0x14 d:/devkitpro/devkitarm/bin/../lib/gcc/arm-eabi/4.5.1/../../../../arm-eabi/lib\libstdc++.a(eh_terminate.o)
                0x0203ef2c                std::terminate()
 .text._ZN10__cxxabiv112__unexpectedEPFvvE
                0x0203ef40       0x10 d:/devkitpro/devkitarm/bin/../lib/gcc/arm-eabi/4.5.1/../../../../arm-eabi/lib\libstdc++.a(eh_terminate.o)
                0x0203ef40                __cxxabiv1::__unexpected(void (*)())
 .text._ZSt10unexpectedv
                0x0203ef50       0x1c d:/devkitpro/devkitarm/bin/../lib/gcc/arm-eabi/4.5.1/../../../../arm-eabi/lib\libstdc++.a(eh_terminate.o)
                0x0203ef50                std::unexpected()
 .text._ZSt13set_terminatePFvvE
                0x0203ef6c       0x18 d:/devkitpro/devkitarm/bin/../lib/gcc/arm-eabi/4.5.1/../../../../arm-eabi/lib\libstdc++.a(eh_terminate.o)
                0x0203ef6c                std::set_terminate(void (*)())
 .text._ZSt14set_unexpectedPFvvE
                0x0203ef84       0x18 d:/devkitpro/devkitarm/bin/../lib/gcc/arm-eabi/4.5.1/../../../../arm-eabi/lib\libstdc++.a(eh_terminate.o)
                0x0203ef84                std::set_unexpected(void (*)())
 .text._ZL23__gxx_exception_cleanup19_Unwind_Reason_CodeP21_Unwind_Control_Block
                0x0203ef9c       0x44 d:/devkitpro/devkitarm/bin/../lib/gcc/arm-eabi/4.5.1/../../../../arm-eabi/lib\libstdc++.a(eh_throw.o)
 .text.__cxa_throw
                0x0203efe0       0x94 d:/devkitpro/devkitarm/bin/../lib/gcc/arm-eabi/4.5.1/../../../../arm-eabi/lib\libstdc++.a(eh_throw.o)
                0x0203efe0                __cxa_throw
 .text.__cxa_rethrow
                0x0203f074       0xb0 d:/devkitpro/devkitarm/bin/../lib/gcc/arm-eabi/4.5.1/../../../../arm-eabi/lib\libstdc++.a(eh_throw.o)
                0x0203f074                __cxa_rethrow
 .text._ZN10__cxxabiv123__fundamental_type_infoD2Ev
                0x0203f124       0x24 d:/devkitpro/devkitarm/bin/../lib/gcc/arm-eabi/4.5.1/../../../../arm-eabi/lib\libstdc++.a(fundamental_type_info.o)
                0x0203f124                __cxxabiv1::__fundamental_type_info::~__fundamental_type_info()
                0x0203f124                __cxxabiv1::__fundamental_type_info::~__fundamental_type_info()
 .text._ZN10__cxxabiv123__fundamental_type_infoD0Ev
                0x0203f148       0x2c d:/devkitpro/devkitarm/bin/../lib/gcc/arm-eabi/4.5.1/../../../../arm-eabi/lib\libstdc++.a(fundamental_type_info.o)
                0x0203f148                __cxxabiv1::__fundamental_type_info::~__fundamental_type_info()
 .text._ZNKSt9bad_alloc4whatEv
                0x0203f174        0xc d:/devkitpro/devkitarm/bin/../lib/gcc/arm-eabi/4.5.1/../../../../arm-eabi/lib\libstdc++.a(new_handler.o)
                0x0203f174                std::bad_alloc::what() const
 .text._ZNSt9bad_allocD2Ev
                0x0203f180       0x24 d:/devkitpro/devkitarm/bin/../lib/gcc/arm-eabi/4.5.1/../../../../arm-eabi/lib\libstdc++.a(new_handler.o)
                0x0203f180                std::bad_alloc::~bad_alloc()
                0x0203f180                std::bad_alloc::~bad_alloc()
 .text._ZNSt9bad_allocD0Ev
                0x0203f1a4       0x2c d:/devkitpro/devkitarm/bin/../lib/gcc/arm-eabi/4.5.1/../../../../arm-eabi/lib\libstdc++.a(new_handler.o)
                0x0203f1a4                std::bad_alloc::~bad_alloc()
 .text._ZSt15set_new_handlerPFvvE
                0x0203f1d0       0x18 d:/devkitpro/devkitarm/bin/../lib/gcc/arm-eabi/4.5.1/../../../../arm-eabi/lib\libstdc++.a(new_handler.o)
                0x0203f1d0                std::set_new_handler(void (*)())
 .text._ZNK10__cxxabiv119__pointer_type_info14__is_pointer_pEv
                0x0203f1e8        0x8 d:/devkitpro/devkitarm/bin/../lib/gcc/arm-eabi/4.5.1/../../../../arm-eabi/lib\libstdc++.a(pointer_type_info.o)
                0x0203f1e8                __cxxabiv1::__pointer_type_info::__is_pointer_p() const
 .text._ZNK10__cxxabiv119__pointer_type_info15__pointer_catchEPKNS_17__pbase_type_infoEPPvj
                0x0203f1f0       0x88 d:/devkitpro/devkitarm/bin/../lib/gcc/arm-eabi/4.5.1/../../../../arm-eabi/lib\libstdc++.a(pointer_type_info.o)
                0x0203f1f0                __cxxabiv1::__pointer_type_info::__pointer_catch(__cxxabiv1::__pbase_type_info const*, void**, unsigned int) const
 .text._ZN10__cxxabiv119__pointer_type_infoD2Ev
                0x0203f278       0x24 d:/devkitpro/devkitarm/bin/../lib/gcc/arm-eabi/4.5.1/../../../../arm-eabi/lib\libstdc++.a(pointer_type_info.o)
                0x0203f278                __cxxabiv1::__pointer_type_info::~__pointer_type_info()
                0x0203f278                __cxxabiv1::__pointer_type_info::~__pointer_type_info()
 .text._ZN10__cxxabiv119__pointer_type_infoD0Ev
                0x0203f29c       0x2c d:/devkitpro/devkitarm/bin/../lib/gcc/arm-eabi/4.5.1/../../../../arm-eabi/lib\libstdc++.a(pointer_type_info.o)
                0x0203f29c                __cxxabiv1::__pointer_type_info::~__pointer_type_info()
 .text.__cxa_pure_virtual
                0x0203f2c8       0x1c d:/devkitpro/devkitarm/bin/../lib/gcc/arm-eabi/4.5.1/../../../../arm-eabi/lib\libstdc++.a(pure.o)
                0x0203f2c8                __cxa_pure_virtual
 .text._ZNK10__cxxabiv120__si_class_type_info11__do_upcastEPKNS_17__class_type_infoEPKvRNS1_15__upcast_resultE
                0x0203f2e4       0x4c d:/devkitpro/devkitarm/bin/../lib/gcc/arm-eabi/4.5.1/../../../../arm-eabi/lib\libstdc++.a(si_class_type_info.o)
                0x0203f2e4                __cxxabiv1::__si_class_type_info::__do_upcast(__cxxabiv1::__class_type_info const*, void const*, __cxxabiv1::__class_type_info::__upcast_result&) const
 .text._ZNK10__cxxabiv120__si_class_type_info12__do_dyncastEiNS_17__class_type_info10__sub_kindEPKS1_PKvS4_S6_RNS1_16__dyncast_resultE
                0x0203f330       0xe0 d:/devkitpro/devkitarm/bin/../lib/gcc/arm-eabi/4.5.1/../../../../arm-eabi/lib\libstdc++.a(si_class_type_info.o)
                0x0203f330                __cxxabiv1::__si_class_type_info::__do_dyncast(int, __cxxabiv1::__class_type_info::__sub_kind, __cxxabiv1::__class_type_info const*, void const*, __cxxabiv1::__class_type_info const*, void const*, __cxxabiv1::__class_type_info::__dyncast_result&) const
 .text._ZNK10__cxxabiv120__si_class_type_info20__do_find_public_srcEiPKvPKNS_17__class_type_infoES2_
                0x0203f410       0x6c d:/devkitpro/devkitarm/bin/../lib/gcc/arm-eabi/4.5.1/../../../../arm-eabi/lib\libstdc++.a(si_class_type_info.o)
                0x0203f410                __cxxabiv1::__si_class_type_info::__do_find_public_src(int, void const*, __cxxabiv1::__class_type_info const*, void const*) const
 .text._ZN10__cxxabiv120__si_class_type_infoD2Ev
                0x0203f47c       0x24 d:/devkitpro/devkitarm/bin/../lib/gcc/arm-eabi/4.5.1/../../../../arm-eabi/lib\libstdc++.a(si_class_type_info.o)
                0x0203f47c                __cxxabiv1::__si_class_type_info::~__si_class_type_info()