Archive member included because of file (symbol)

d:/devkitPro/libnds/lib\libul.a(ulib.o)
                              main.o (ulInit)
d:/devkitPro/libnds/lib\libul.a(drawing.o)
                              main.o (ulInitGfx)
d:/devkitPro/libnds/lib\libul.a(text.o)
                              main.o (ulDrawString)
d:/devkitPro/libnds/lib\libul.a(VirtualFile.o)
                              d:/devkitPro/libnds/lib\libul.a(text.o) (VirtualFileSources)
d:/devkitPro/libnds/lib\libul.a(vfsLibFat.o)
                              main.o (ulInitLibFat)
d:/devkitPro/libnds/lib\libul.a(vfsGBFS.o)
                              main.o (ulInitGBFS)
d:/devkitPro/libnds/lib\libul.a(texVramManager.o)
                              d:/devkitPro/libnds/lib\libul.a(ulib.o) (ulTexVramInit)
d:/devkitPro/libnds/lib\libul.a(texPalManager.o)
                              d:/devkitPro/libnds/lib\libul.a(ulib.o) (ulTexPalInit)
d:/devkitPro/libnds/lib\libul.a(keys.o)
                              main.o (ulReadKeys)
d:/devkitPro/libnds/lib\libul.a(ulDrawImage.o)
                              main.o (ulDrawImage)
d:/devkitPro/libnds/lib\libul.a(ulCreateImagePalette.o)
                              d:/devkitPro/libnds/lib\libul.a(drawing.o) (ulCreateImagePalette)
d:/devkitPro/libnds/lib\libul.a(ulDrawGradientRect.o)
                              main.o (ulDrawGradientRect)
d:/devkitPro/libnds/lib\libul.a(messagebox.o)
                              main.o (ulMessageBoxEx)
d:/devkitPro/libnds/lib\libul.a(textSize.o)
                              d:/devkitPro/libnds/lib\libul.a(messagebox.o) (ulGetStringWidth)
d:/devkitPro/libnds/lib\libul.a(loading_utility.o)
                              main.o (ul_loadUtilActiveSource)
d:/devkitPro/libnds/lib\libul.a(ulLoadImageFilePNG.o)
                              main.o (ulLoadImageFilePNG)
d:/devkitPro/libnds/lib\libul.a(ulLoadImageFileJPG.o)
                              main.o (ulLoadImageFileJPG)
d:/devkitPro/libnds/lib\libul.a(ulShowSplashScreen1.o)
                              main.o (ulShowSplashScreen1)
d:/devkitPro/libnds/lib\libul.a(ulShowSplashScreen2.o)
                              main.o (ulShowSplashScreen2)
d:/devkitPro/libnds/lib\libul.a(glWrapper.o)
                              d:/devkitPro/libnds/lib\libul.a(texVramManager.o) (ulChangeVramAllocation)
d:/devkitPro/libnds/lib\libul.a(libLoadPng.o)
                              d:/devkitPro/libnds/lib\libul.a(ulLoadImageFilePNG.o) (ulLoadImagePNG)
d:/devkitPro/libnds/lib\libul.a(libLoadJpg.o)
                              d:/devkitPro/libnds/lib\libul.a(ulLoadImageFileJPG.o) (ulLoadImageJPG)
d:/devkitPro/libnds/lib\libul.a(ulDrawFillRect.o)
                              d:/devkitPro/libnds/lib\libul.a(ulShowSplashScreen1.o) (ulDrawFillRect)
d:/devkitPro/libnds/lib\libul.a(ulDrawLine.o)
                              d:/devkitPro/libnds/lib\libul.a(messagebox.o) (ulDrawLine)
d:/devkitPro/libnds/lib\libul.a(ulDrawRect.o)
                              d:/devkitPro/libnds/lib\libul.a(messagebox.o) (ulDrawRect)
d:/devkitPro/libnds/lib\libul.a(ulSetImagePixel.o)
                              d:/devkitPro/libnds/lib\libul.a(ulShowSplashScreen1.o) (ulSetImagePixel)
d:/devkitPro/libnds/lib\libul.a(ulGetImagePixel.o)
                              d:/devkitPro/libnds/lib\libul.a(ulShowSplashScreen1.o) (ulGetImagePixel)
d:/devkitPro/libnds/lib\libul.a(ulLoadImageFileGIF.o)
                              d:/devkitPro/libnds/lib\libul.a(ulShowSplashScreen1.o) (ulLoadImageFileGIF)
d:/devkitPro/libnds/lib\libul.a(ulReadEntireFileToMemory.o)
                              d:/devkitPro/libnds/lib\libul.a(libLoadJpg.o) (ulReadEntireFileToMemory)
d:/devkitPro/libnds/lib\libul.a(gba-jpeg-decode.o)
                              d:/devkitPro/libnds/lib\libul.a(libLoadJpg.o) (JPEG_Decoder_ReadImage)
d:/devkitPro/libnds/lib\libul.a(libLoadGif.o)
                              d:/devkitPro/libnds/lib\libul.a(ulLoadImageFileGIF.o) (ulLoadImageGIF)
d:/devkitPro/libnds/lib\libul.a(dgif_lib.o)
                              d:/devkitPro/libnds/lib\libul.a(libLoadGif.o) (DGifOpen)
d:/devkitPro/libnds/lib\libul.a(gif_err.o)
                              d:/devkitPro/libnds/lib\libul.a(dgif_lib.o) (_GifError)
d:/devkitPro/libnds/lib\libul.a(gifalloc.o)
                              d:/devkitPro/libnds/lib\libul.a(dgif_lib.o) (MakeMapObject)
d:/devkitPro/libnds/lib\libpng.a(png.o)
                              d:/devkitPro/libnds/lib\libul.a(libLoadPng.o) (png_get_io_ptr)
d:/devkitPro/libnds/lib\libpng.a(pngread.o)
                              d:/devkitPro/libnds/lib\libul.a(libLoadPng.o) (png_destroy_read_struct)
d:/devkitPro/libnds/lib\libpng.a(pngrio.o)
                              d:/devkitPro/libnds/lib\libul.a(libLoadPng.o) (png_set_read_fn)
d:/devkitPro/libnds/lib\libpng.a(pngrtran.o)
                              d:/devkitPro/libnds/lib\libpng.a(pngread.o) (png_set_strip_16)
[...]
Memory Configuration

Name             Origin             Length             Attributes
rom              0x08000000         0x02000000
ewram            0x02000000         0x003ff000
dtcm             0x0b000000         0x00004000
vectors          0x01000000         0x00000100
itcm             0x01000100         0x00007f00
*default*        0x00000000         0xffffffff

Linker script and memory map

                0x01000000                __vectors_start = 0x1000000
                0x01000100                __itcm_start = 0x1000100
                0x023ff000                __ewram_end = 0x23ff000
                0x023ff000                __eheap_end = 0x23ff000
                0x0b000000                __dtcm_start = 0xb000000
                0x0b004000                __dtcm_top = 0xb004000
                0x0b003ff8                __irq_flags = (__dtcm_top - 0x8)
                0x0b003ffc                __irq_vector = (__dtcm_top - 0x4)
                0x0b003f00                __sp_svc = (__dtcm_top - 0x100)
                0x0b003e00                __sp_irq = (__sp_svc - 0x100)
                0x0b003d00                __sp_usr = (__sp_irq - 0x100)

.init           0x02000000      0x248
                0x02000000                __text_start = .
 *(.init)
 .init          0x02000000      0x230 d:/devkitpro/devkitarm/bin/../lib/gcc/arm-eabi/4.5.1/../../../../arm-eabi/lib/ds_arm9_crt0.o
                0x02000000                _start
 .init          0x02000230        0xc d:/devkitpro/devkitarm/bin/../lib/gcc/arm-eabi/4.5.1/crti.o
                0x02000230                _init
 .init          0x0200023c        0xc d:/devkitpro/devkitarm/bin/../lib/gcc/arm-eabi/4.5.1/crtn.o
                0x02000248                . = ALIGN (0x4)

.plt
 *(.plt)

.text           0x02000280    0x4a0f0
 *(EXCLUDE_FILE(*.itcm*) .text)
 .text          0x02000280        0x0 d:/devkitpro/devkitarm/bin/../lib/gcc/arm-eabi/4.5.1/../../../../arm-eabi/lib/ds_arm9_crt0.o
 .text          0x02000280        0x0 d:/devkitpro/devkitarm/bin/../lib/gcc/arm-eabi/4.5.1/crti.o
 .text          0x02000280       0x94 d:/devkitpro/devkitarm/bin/../lib/gcc/arm-eabi/4.5.1/crtbegin.o
 .text          0x02000314        0x0 roll.png.o
 .text          0x02000314      0x648 main.o
                0x02000314                drawShadowedText
                0x02000360                main
 .text          0x0200095c      0x15c d:/devkitPro/libnds/lib\libul.a(ulib.o)
                0x0200095c                _initSinTables
                0x02000a48                ulInit
                0x02000a80                ulTerminate
                0x02000a84                ulGetPowerOf2Count
 .text          0x02000ab8     0x148c d:/devkitPro/libnds/lib\libul.a(drawing.o)
                0x02000ab8                ulInitGfx
                0x02000b2c                ulInitDualScreenMode
                0x02000c60                ulStopDualScreenMode
                0x02000c74                ulSetRegCapture
                0x02000cd8                ulEndDrawing
                0x02000d08                ulSetScreenWindow
                0x02000fa8                ulSetScreenClipping
                0x0200124c                ulResetScreenClipping
                0x020014b0                ulEndFrame
                0x020015dc                ulSyncFrame
                0x02001618                ulResetScreenView
                0x0200185c                ulStartDrawing2D
                0x02001910                ulMoveScreenView
                0x02001928                ulScaleScreenView
                0x02001940                ulRotateScreenView
                0x020019a0                ulSetAlpha
                0x020019c0                ulRealizeImage
                0x02001b24                ulSetTexture
                0x02001b94                ulResetImageProperties
                0x02001be4                ulDeleteImage
                0x02001c64                ulCreateImage
                0x02001ed0                ulSetScreenBackgroundColor
                0x02001edc                ulSetTransparentColor
 .text          0x02001f44      0xa58 d:/devkitPro/libnds/lib\libul.a(text.o)
                0x02001f44                ulDrawChar1BitToImage
                0x02002098                ulCreateFont
                0x020023a0                ulLoadFont
                0x02002548                ulDeleteFont
                0x02002574                ulDrawTile
                0x0200266c                ulDrawChar
                0x02002718                ulDrawString
                0x020027ec                ulDrawTextBox
                0x02002954                ulSetTextColor
                0x02002964                ulInitText
 .text          0x0200299c      0x5fc d:/devkitPro/libnds/lib\libul.a(VirtualFile.o)
                0x0200299c                vfsMemClose
                0x020029a4                vfsMemGetc
                0x020029e8                vfsMemPutc
                0x02002a34                vfsMemGets
                0x02002be0                vfsMemSeek
                0x02002c54                vfsMemEof
                0x02002c6c                vfsMemPuts
                0x02002ca8                vfsMemRead
                0x02002cfc                vfsMemWrite
                0x02002d58                VirtualFileRegisterSource
                0x02002d88                VirtualFileOpen
                0x02002e24                VirtualFileClose
                0x02002e5c                ulSetVirtualFilenameList
                0x02002e78                ulFindFileInVirtualFilenameList
                0x02002f08                vfsMemOpen
                0x02002f48                VirtualFileInit
 .text          0x02002f98       0xf4 d:/devkitPro/libnds/lib\libul.a(vfsLibFat.o)
                0x02002f98                vfsFatEof
                0x02002fb0                vfsFatSeek
                0x02002fe4                vfsFatPuts
                0x02002fec                vfsFatGets
                0x02002ff4                vfsFatPutc
                0x02002ffc                vfsFatGetc
                0x02003004                vfsFatRead
                0x0200300c                vfsFatWrite
                0x02003014                vfsFatClose
                0x02003028                vfsFatOpen
                0x0200306c                ulInitLibFat
 .text          0x0200308c      0x12c d:/devkitPro/libnds/lib\libul.a(vfsGBFS.o)
                0x0200308c                vfsGBFSWrite
                0x02003094                vfsGBFSPutc
                0x0200309c                vfsGBFSPuts
                0x020030a0                vfsGBFSEof
                0x020030a4                vfsGBFSSeek
                0x020030a8                vfsGBFSGets
                0x020030ac                vfsGBFSGetc
                0x020030b0                vfsGBFSRead
                0x020030b4                vfsGBFSClose
                0x020030b8                vfsGBFSOpen
                0x02003114                ulInitGBFS
 .text          0x020031b8      0x8c0 d:/devkitPro/libnds/lib\libul.a(texVramManager.o)
                0x020031b8                ulTexVramInit
                0x02003218                ulTexVramAllocBlock
                0x02003380                ulTexVramFreeBlock
                0x020034d0                ulTexImage2D
                0x020036d4                ulInitTextures
                0x02003728                ulGetNextAvailableTexture
                0x0200380c                ulGenTextures
                0x02003864                ulFreeTextures
                0x020038c8                ulTexParameter
                0x02003900                ulBindTexture
                0x02003928                ulBindTextureToGl
                0x02003964                ulSetTexVramParameters
                0x02003a04                ulGetTexVramAvailMemory
                0x02003a30                ulGetTexVramTotalMemory
                0x02003a40                ulGetTexVramUsedMemory
 .text          0x02003a78      0x584 d:/devkitPro/libnds/lib\libul.a(texPalManager.o)
                0x02003a78                ulTexPalInit
                0x02003ad8                ulTexPalAllocBlock
                0x02003ce8                ulTexPalFreeBlock
                0x02003e38                uluTexUnloadPal
                0x02003e40                ulTexLoadPal
                0x02003e8c                uluTexLoadPal
                0x02003ee8                ulSetTexPalVramParameters
                0x02003f88                ulGetTexPalAvailMemory
                0x02003fb4                ulGetTexPalTotalMemory
                0x02003fc4                ulGetTexPalUsedMemory
 .text          0x02003ffc      0x190 d:/devkitPro/libnds/lib\libul.a(keys.o)
                0x02003ffc                ulReadKeys
 .text          0x0200418c      0x348 d:/devkitPro/libnds/lib\libul.a(ulDrawImage.o)
                0x0200418c                ulDrawImage
 .text          0x020044d4       0xe8 d:/devkitPro/libnds/lib\libul.a(ulCreateImagePalette.o)
                0x020044d4                ulCreateImagePalette
 .text          0x020045bc       0xbc d:/devkitPro/libnds/lib\libul.a(ulDrawGradientRect.o)
                0x020045bc                ulDrawGradientRect
 .text          0x02004678      0x5f0 d:/devkitPro/libnds/lib\libul.a(messagebox.o)
                0x02004678                _drawButton
                0x020047a4                ulMessageBoxEx
 .text          0x02004c68      0x124 d:/devkitPro/libnds/lib\libul.a(textSize.o)
                0x02004c68                ulGetStringWidth
                0x02004c9c                ulGetTextBoxHeight
 .text          0x02004d8c        0x0 d:/devkitPro/libnds/lib\libul.a(loading_utility.o)
 .text          0x02004d8c       0x68 d:/devkitPro/libnds/lib\libul.a(ulLoadImageFilePNG.o)
                0x02004d8c                ulLoadImageFilePNG
 .text          0x02004df4       0x68 d:/devkitPro/libnds/lib\libul.a(ulLoadImageFileJPG.o)
                0x02004df4                ulLoadImageFileJPG
 .text          0x02004e5c      0xb54 d:/devkitPro/libnds/lib\libul.a(ulShowSplashScreen1.o)
                0x02004e5c                ul_splash1_applyMask
                0x02004efc                ul_splash1_createCircle
                0x02004fb8                ul_splash1_createMaskedImage
                0x020050c8                ul_splash1_handleFade
                0x0200512c                ul_splash1_drawFade
                0x02005190                ul_splash1_fadeTerminated
                0x020051c8                ul_splash1_drawBackText
                0x02005254                ul_splash1_fillSecondScreen
                0x02005398                ulShowSplashScreen1
 .text          0x020059b0      0x65c d:/devkitPro/libnds/lib\libul.a(ulShowSplashScreen2.o)
                0x020059b0                ul_neoflashlogo_LogoDrawTiles
                0x02005af8                ulShowSplashScreen2
 .text          0x0200600c       0x7c d:/devkitPro/libnds/lib\libul.a(glWrapper.o)
                0x0200600c                ulChangeVramAllocation
 .text          0x02006088      0x97c d:/devkitPro/libnds/lib\libul.a(libLoadPng.o)
                0x0200616c                ulLoadImagePNG
 .text          0x02006a04       0xf8 d:/devkitPro/libnds/lib\libul.a(libLoadJpg.o)
                0x02006a04                ulLoadImageJPG
 .text          0x02006afc       0x94 d:/devkitPro/libnds/lib\libul.a(ulDrawFillRect.o)
                0x02006afc                ulDrawFillRect
 .text          0x02006b90       0x78 d:/devkitPro/libnds/lib\libul.a(ulDrawLine.o)
                0x02006b90                ulDrawLine
 .text          0x02006c08      0x128 d:/devkitPro/libnds/lib\libul.a(ulDrawRect.o)
                0x02006c08                ulDrawRect
 .text          0x02006d30       0xb8 d:/devkitPro/libnds/lib\libul.a(ulSetImagePixel.o)
                0x02006d30                ulSetImagePixel
 .text          0x02006de8       0xa8 d:/devkitPro/libnds/lib\libul.a(ulGetImagePixel.o)
                0x02006de8                ulGetImagePixel
 .text          0x02006e90       0x68 d:/devkitPro/libnds/lib\libul.a(ulLoadImageFileGIF.o)
                0x02006e90                ulLoadImageFileGIF
 .text          0x02006ef8       0xc0 d:/devkitPro/libnds/lib\libul.a(ulReadEntireFileToMemory.o)
                0x02006ef8                ulReadEntireFileToMemory
 .text          0x02006fb8     0x198c d:/devkitPro/libnds/lib\libul.a(gba-jpeg-decode.o)
                0x02007a18                JPEG_IDCT
                0x02007a40                JPEG_HuffmanTable_Read
                0x02007c58                JPEG_HuffmanTable_Skip
                0x02007c88                JPEG_Decoder_ReadImage
                0x02008444                JPEG_FrameHeader_Read
                0x020084fc                JPEG_ScanHeader_Read
                0x02008598                JPEG_Decoder_ReadHeaders
                0x020088a0                JPEG_DecompressImage
                0x02008904                JPEG_Match
 .text          0x02008944      0x65c d:/devkitPro/libnds/lib\libul.a(libLoadGif.o)
                0x02008944                fnGifReadFunc
                0x02008978                fnCopyLine
                0x02008aa8                DGifGetLineByte
                0x02008af0                ulLoadImageGIF
 .text          0x02008fa0     0x1198 d:/devkitPro/libnds/lib\libul.a(dgif_lib.o)
                0x02009500                DGifGetScreenDesc
                0x020096bc                DGifOpen
                0x020097e4                DGifGetRecordType
                0x020098a4                DGifGetImageDesc
                0x02009c08                DGifGetExtensionNext
                0x02009cd4                DGifGetExtension
                0x02009d64                DGifCloseFile
                0x02009e28                DGifGetCodeNext
                0x02009efc                DGifGetCode
                0x02009f40                DGifGetPixel
                0x02009fec                DGifGetLine
                0x0200a084                DGifGetLZCodes
 .text          0x0200a138       0x18 d:/devkitPro/libnds/lib\libul.a(gif_err.o)
                0x0200a138                GifLastError
 .text          0x0200a150      0x610 d:/devkitPro/libnds/lib\libul.a(gifalloc.o)
                0x0200a150                BitSize
                0x0200a174                MakeMapObject
                0x0200a1e4                FreeMapObject
                0x0200a204                UnionColorMap
                0x0200a3dc                ApplyTranslation
                0x0200a414                MakeExtension
                0x0200a41c                AddExtensionBlock
                0x0200a4c8                FreeExtension
                0x0200a51c                FreeLastSavedImage
                0x0200a588                MakeSavedImage
                0x0200a6d8                FreeSavedImages
 .text          0x0200a760      0xa58 d:/devkitPro/libnds/lib\libpng.a(png.o)
                0x0200a760                png_data_freer
                0x0200a798                png_get_io_ptr
                0x0200a7a4                png_init_io
                0x0200a7b0                png_get_copyright
                0x0200a7bc                png_get_libpng_ver
                0x0200a7c8                png_get_header_ver
                0x0200a7d4                png_get_header_version
                0x0200a7e0                png_access_version_number
                0x0200a7ec                png_mmx_support
                0x0200a7f4                png_64bit_product
                0x0200a840                png_check_cHRM_fixed
                0x0200a93c                png_reset_zstream
                0x0200a960                png_handle_as_unknown
                0x0200a9c8                png_sig_cmp
                0x0200aa3c                png_check_sig
                0x0200aa64                png_zalloc
                0x0200aab8                png_convert_to_rfc1123
                0x0200ab7c                png_zfree
                0x0200ab94                png_free_data
                0x0200afc8                png_info_init_3
                0x0200b008                png_info_destroy
                0x0200b064                png_info_init
                0x0200b08c                png_destroy_info_struct
                0x0200b0d8                png_create_info_struct
                0x0200b120                png_calculate_crc
                0x0200b164                png_reset_crc
                0x0200b188                png_set_sig_bytes
 .text          0x0200b1b8     0x1a04 d:/devkitPro/libnds/lib\libpng.a(pngread.o)
                0x0200b1b8                png_set_read_status_fn
                0x0200b1c4                png_read_destroy
                0x0200b410                png_destroy_read_struct
                0x0200b4f0                png_read_end
                0x0200b998                png_start_read_image
                0x0200b9c0                png_read_row
                0x0200be18                png_read_image
                0x0200be7c                png_read_rows
                0x0200bf48                png_read_update_info
                0x0200bf80                png_read_info
                0x0200c4f0                png_read_png
                0x0200c6c0                png_read_init_3
                0x0200c814                png_read_init_2
                0x0200c8dc                png_read_init
                0x0200c8f0                png_create_read_struct_2
                0x0200cb94                png_create_read_struct
 .text          0x0200cbbc       0xa0 d:/devkitPro/libnds/lib\libpng.a(pngrio.o)
                0x0200cbbc                png_set_read_fn
                0x0200cbf0                png_default_read_data
                0x0200cc2c                png_read_data
 .text          0x0200cc5c     0x5814 d:/devkitPro/libnds/lib\libpng.a(pngrtran.o)
                0x0200cc5c                png_set_crc_action
                0x0200cd04                png_set_strip_16
                0x0200cd18                png_set_strip_alpha
                0x0200cd2c                png_set_gamma
                0x0200cde8                png_set_expand
                0x0200ce10                png_set_palette_to_rgb
                0x0200ce38                png_set_expand_gray_1_2_4_to_8
                0x0200ce5c                png_set_gray_1_2_4_to_8
                0x0200ce74                png_set_tRNS_to_alpha
                0x0200ce94                png_set_gray_to_rgb
                0x0200ceb0                png_set_rgb_to_gray_fixed
                0x0200cfb0                png_set_rgb_to_gray
                0x0200d04c                png_set_read_user_transform_fn
                0x0200d064                png_read_transform_info
                0x0200d2bc                png_do_unpack
                0x0200d40c                png_do_unshift
                0x0200d624                png_do_chop
                0x0200d67c                png_do_read_swap_alpha
                0x0200d7bc                png_do_read_invert_alpha
                0x0200d8bc                png_do_read_filler
                0x0200dbb4                png_do_gray_to_rgb
                0x0200dda8                png_do_rgb_to_gray
                0x0200e444                png_build_grayscale_palette
                0x0200e4f8                png_do_gamma
                0x0200e944                png_do_expand_palette
                0x0200ebe4                png_do_expand
                0x0200f060                png_do_dither
                0x0200f1d4                png_do_read_intrapixel
                0x0200f2e8                png_build_gamma_table
                0x0200fa04                png_init_read_transformations
                0x0201073c                png_do_background
                0x02011770                png_set_background
                0x020117d8                png_do_read_transformations
                0x02011c44                png_set_dither
 .text          0x02012470      0x270 d:/devkitPro/libnds/lib\libpng.a(pngmem.o)
                0x02012470                png_set_mem_fn
                0x02012484                png_get_mem_ptr
                0x02012490                png_memset_check
                0x020124b4                png_memcpy_check
                0x020124d8                png_free_default
                0x020124fc                png_free
                0x02012540                png_destroy_struct_2
                0x02012584                png_destroy_struct
                0x02012590                png_malloc_default
                0x020125b8                png_malloc
                0x0201261c                png_malloc_warn
                0x02012650                png_create_struct_2
                0x020126d4                png_create_struct
 .text          0x020126e0      0x128 d:/devkitPro/libnds/lib\libpng.a(pngerror.o)
                0x020126e0                png_set_error_fn
                0x020126f4                png_get_error_ptr
                0x02012700                png_set_strip_error_numbers
                0x02012718                png_err
 .text          0x02012808      0xb28 d:/devkitPro/libnds/lib\libpng.a(pngget.o)
                0x02012808                png_get_valid
                0x02012824                png_get_rowbytes
                0x0201283c                png_get_rows
                0x02012854                png_get_image_width
                0x0201286c                png_get_image_height
                0x02012884                png_get_bit_depth
                0x0201289c                png_get_color_type
                0x020128b4                png_get_filter_type
                0x020128cc                png_get_interlace_type
                0x020128e4                png_get_compression_type
                0x020128fc                png_get_x_pixels_per_meter
                0x0201292c                png_get_y_pixels_per_meter
                0x0201295c                png_get_pixels_per_meter
                0x02012998                png_get_pixel_aspect_ratio
                0x020129f8                png_get_x_offset_microns
                0x02012a28                png_get_y_offset_microns
                0x02012a58                png_get_x_offset_pixels
                0x02012a88                png_get_y_offset_pixels
                0x02012ab8                png_get_channels
                0x02012ad0                png_get_signature
                0x02012ae8                png_get_bKGD
                0x02012b20                png_get_cHRM
                0x02012c1c                png_get_cHRM_fixed
                0x02012cc0                png_get_gAMA
                0x02012d0c                png_get_gAMA_fixed
                0x02012d44                png_get_sRGB
                0x02012d7c                png_get_iCCP
                0x02012df0                png_get_sPLT
                0x02012e18                png_get_hIST
                0x02012e50                png_get_oFFs
                0x02012eb8                png_get_pCAL
                0x02012f64                png_get_sCAL
                0x02012fc0                png_get_pHYs
                0x02013020                png_get_PLTE
                0x02013068                png_get_sBIT
                0x020130a0                png_get_text
                0x020130f0                png_get_tIME
                0x02013128                png_get_tRNS
                0x020131bc                png_get_unknown_chunks
                0x020131e4                png_get_rgb_to_gray_status
                0x020131f0                png_get_user_chunk_ptr
                0x020131fc                png_get_asm_flags
                0x02013204                png_get_asm_flagmask
                0x0201320c                png_get_mmx_flagmask
                0x0201321c                png_get_mmx_bitdepth_threshold
                0x02013224                png_get_mmx_rowbytes_threshold
                0x0201322c                png_get_user_width_max
                0x02013238                png_get_user_height_max
                0x02013244                png_get_IHDR
 .text          0x02013330     0x32c0 d:/devkitPro/libnds/lib\libpng.a(pngrutil.o)
                0x02013330                png_get_uint_32
                0x02013350                png_get_int_32
                0x02013370                png_get_uint_16
                0x02013388                png_read_filter_row
                0x02013554                png_check_chunk_name
                0x0201360c                png_get_uint_31
                0x0201363c                png_read_start_row
                0x0201394c                png_crc_error
                0x020139d4                png_do_read_interlace
                0x02013ddc                png_combine_row
                0x02014094                png_decompress_chunk
                0x020143e8                png_crc_read
                0x02014418                png_crc_finish
                0x020144a0                png_handle_IEND
                0x020144e0                png_read_finish_row
                0x02014734                png_handle_unknown
                0x02014898                png_handle_zTXt
                0x02014a20                png_handle_tEXt
                0x02014b54                png_handle_tIME
                0x02014c34                png_handle_sCAL
                0x02014df8                png_handle_pCAL
                0x020150b8                png_handle_oFFs
                0x02015198                png_handle_pHYs
                0x02015278                png_handle_hIST
                0x02015368                png_handle_bKGD
                0x0201550c                png_handle_tRNS
                0x020156a4                png_handle_sPLT
                0x020158fc                png_handle_iCCP
                0x02015aac                png_handle_sRGB
                0x02015b9c                png_handle_cHRM
                0x02016070                png_handle_sBIT
                0x0201617c                png_handle_gAMA
                0x020162c0                png_handle_PLTE
                0x02016420                png_handle_IHDR
                0x02016578                png_read_chunk_header
 .text          0x020165f0      0x704 d:/devkitPro/libnds/lib\libpng.a(pngtrans.o)
                0x020165f0                png_set_bgr
                0x02016604                png_set_swap
                0x02016624                png_set_packing
                0x0201664c                png_set_packswap
                0x0201666c                png_set_shift
                0x020166a4                png_set_interlace_handling
                0x020166d4                png_set_filler
                0x0201673c                png_set_add_alpha
                0x02016760                png_set_swap_alpha
                0x02016774                png_set_invert_alpha
                0x02016788                png_set_invert_mono
                0x0201679c                png_do_invert
                0x02016858                png_do_swap
                0x0201689c                png_do_packswap
                0x020168fc                png_do_strip_filler
                0x02016bb0                png_do_bgr
                0x02016cd4                png_set_user_transform_info
                0x02016ce8                png_get_user_transform_ptr
 .text          0x02016cf4     0x1438 d:/devkitPro/libnds/lib\libpng.a(pngset.o)
                0x02016cf4                png_set_cHRM
                0x02016efc                png_set_gAMA
                0x02016f94                png_set_gAMA_fixed
                0x02016fec                png_set_oFFs
                0x0201701c                png_set_sCAL
                0x02017060                png_set_pHYs
                0x02017090                png_set_sRGB
                0x020170ac                png_set_unknown_chunk_location
                0x020170e4                png_permit_empty_plte
                0x02017100                png_permit_mng_features
                0x02017114                png_set_read_user_chunk_fn
                0x02017124                png_set_invalid
                0x0201713c                png_set_asm_flags
                0x0201714c                png_set_mmx_thresholds
                0x02017150                png_set_user_limits
                0x02017160                png_set_rows
                0x020171bc                png_set_tRNS
                0x02017274                png_set_tIME
                0x020172b8                png_set_sBIT
                0x020172f0                png_set_bKGD
                0x02017328                png_set_keep_unknown_chunks
                0x02017424                png_set_unknown_chunks
                0x02017530                png_set_hIST
                0x020175e4                png_set_sPLT
                0x0201772c                png_set_text_2
                0x0201790c                png_set_iCCP
                0x020179f4                png_set_text
                0x02017a14                png_set_IHDR
                0x02017c20                png_set_cHRM_fixed
                0x02017d9c                png_set_sRGB_gAMA_and_cHRM
                0x02017f10                png_set_PLTE
                0x02017fd0                png_set_pCAL
 .text          0x0201812c      0x934 d:/devkitPro/libnds/lib\libz.a(crc32.o)
                0x0201812c                get_crc_table
                0x02018138                crc32
                0x0201887c                crc32_combine
 .text          0x02018a60     0x1e8c d:/devkitPro/libnds/lib\libz.a(inflate.o)
                0x02018a60                inflateReset
                0x02018adc                inflatePrime
                0x02018b38                inflateInit2_
                0x02018c54                inflateInit_
                0x02018c64                inflateEnd
                0x02018ccc                inflateGetHeader
                0x02018d08                inflateSync
                0x02018eac                inflateSyncPoint
                0x02018ee8                inflateCopy
                0x020191b0                inflateSetDictionary
                0x020192a8                inflate
 .text          0x0201a8ec      0x590 d:/devkitPro/libnds/lib\libz.a(inftrees.o)
                0x0201a8ec                inflate_table
 .text          0x0201ae7c      0x570 d:/devkitPro/libnds/lib\libz.a(inffast.o)
                0x0201ae7c                inflate_fast
 .text          0x0201b3ec      0x3fc d:/devkitPro/libnds/lib\libz.a(adler32.o)
                0x0201b3ec                adler32
                0x0201b72c                adler32_combine
 .text          0x0201b7e8       0x60 d:/devkitPro/libnds/lib\libz.a(zutil.o)
                0x0201b7e8                zlibVersion
                0x0201b7f4                zlibCompileFlags
                0x0201b7fc                zError
                0x0201b810                zcfree
                0x0201b82c                zcalloc
 .text          0x0201b848      0x348 d:/devkitPro/libnds/lib\libfat.a(libfat.o)
                0x0201b848                fatMount
                0x0201b900                fatMountSimple
                0x0201b914                fatUnmount
                0x0201b94c                fatInit
                0x0201baa8                fatInitDefault
                0x0201bab4                fatGetVolumeLabel
 .text          0x0201bb90      0x6d4 d:/devkitPro/libnds/lib\libfat.a(partition.o)
                0x0201bbac                FindFirstValidPartition
                0x0201bd58                _FAT_partition_getPartitionFromPath
                0x0201bd6c                _FAT_partition_createFSinfo
                0x0201be38                _FAT_partition_readFSinfo
                0x0201bef8                _FAT_partition_constructor
                0x0201c170                _FAT_partition_writeFSinfo
                0x0201c224                _FAT_partition_destructor
 .text          0x0201c264      0x4bc d:/devkitPro/libnds/lib\libfat.a(cache.o)
                0x0201c364                _FAT_cache_constructor
                0x0201c400                _FAT_cache_readSectors
                0x0201c45c                _FAT_cache_readPartialSector
                0x0201c4a4                _FAT_cache_readLittleEndianValue
                0x0201c500                _FAT_cache_writePartialSector
                0x0201c550                _FAT_cache_writeLittleEndianValue
                0x0201c598                _FAT_cache_eraseWritePartialSector
                0x0201c5fc                _FAT_cache_writeSectors
                0x0201c668                _FAT_cache_flush
                0x0201c6c0                _FAT_cache_destructor
                0x0201c6f4                _FAT_cache_invalidate
 .text          0x0201c720     0x1414 d:/devkitPro/libnds/lib\libfat.a(directory.o)
                0x0201c944                _FAT_directory_entryGetCluster
                0x0201c96c                _FAT_directory_getNextEntry
                0x0201cc3c                _FAT_directory_getFirstEntry
                0x0201cc5c                _FAT_directory_getRootEntry
                0x0201ccb8                _FAT_directory_getVolumeLabel
                0x0201cd6c                _FAT_directory_entryFromPosition
                0x0201ceb4                _FAT_directory_entryFromPath
                0x0201d0c4                _FAT_directory_removeEntry
                0x0201d198                _FAT_directory_addEntry
                0x0201da3c                _FAT_directory_chdir
                0x0201da78                _FAT_directory_entryStat
 .text          0x0201db34        0x8 d:/devkitPro/libnds/lib\libfat.a(disc.o)
 .text          0x0201db3c      0x924 d:/devkitPro/libnds/lib\libfat.a(fatdir.o)
                0x0201db3c                _FAT_stat_r
                0x0201dbdc                _FAT_link_r
                0x0201dbe8                _FAT_unlink_r
                0x0201dd60                _FAT_chdir_r
                0x0201ddd0                _FAT_rename_r
                0x0201dfa8                _FAT_mkdir_r
                0x0201e220                _FAT_statvfs_r
                0x0201e2ac                _FAT_diropen_r
                0x0201e370                _FAT_dirreset_r
                0x0201e3bc                _FAT_dirnext_r
                0x0201e440                _FAT_dirclose_r
 .text          0x0201e460     0x123c d:/devkitPro/libnds/lib\libfat.a(fatfile.o)
                0x0201e6d8                _FAT_open_r
                0x0201e9e8                _FAT_syncToDisc
                0x0201eac4                _FAT_close_r
                0x0201eb30                _FAT_read_r
                0x0201ee98                _FAT_write_r
                0x0201f31c                _FAT_seek_r
                0x0201f46c                _FAT_fstat_r
                0x0201f508                _FAT_ftruncate_r
                0x0201f65c                _FAT_fsync_r
 .text          0x0201f69c      0x434 d:/devkitPro/libnds/lib\libfat.a(file_allocation_table.o)
                0x0201f7b0                _FAT_fat_nextCluster
                0x0201f88c                _FAT_fat_linkFreeCluster
                0x0201f920                _FAT_fat_linkFreeClusterCleared
                0x0201f990                _FAT_fat_clearLinks
                0x0201f9f0                _FAT_fat_trimChain
                0x0201fa74                _FAT_fat_lastCluster
                0x0201faa8                _FAT_fat_freeClusterCount
 .text          0x0201fad0       0xc8 d:/devkitPro/libnds/lib\libfat.a(filetime.o)
                0x0201fad0                _FAT_filetime_getTimeFromRTC
                0x0201fb18                _FAT_filetime_getDateFromRTC
                0x0201fb60                _FAT_filetime_to_time_t
 .text          0x0201fb98       0x10 d:/devkitPro/libnds/lib\libfat.a(lock.o)
                0x0201fb98                _FAT_lock_init
                0x0201fb9c                _FAT_lock_deinit
                0x0201fba0                _FAT_lock
                0x0201fba4                _FAT_unlock
 .text          0x0201fba8      0xa2c d:/devkitPro/libnds/lib\libnds9.a(console.o)
                0x0201fc3c                nocash_write
                0x0201fc4c                consoleGetDefault
                0x0201fc58                consoleSelect
                0x0201fc68                consoleDebugInit
                0x0201fcb8                consolePrintChar
                0x0201fe58                consoleLoadFont
                0x020200f0                consoleSetFont
                0x02020110                consoleInit
                0x02020288                consoleDemoInit
                0x020202cc                con_write
                0x020205a0                consoleClear
                0x020205b0                consoleSetWindow
 .text          0x020205d4       0x94 d:/devkitPro/libnds/lib\libnds9.a(dynamicArray.o)
                0x020205d4                DynamicArrayInit
                0x020205ec                DynamicArrayDelete
                0x02020600                DynamicArrayGet
                0x0202061c                DynamicArraySet
 .text          0x02020668       0xf8 d:/devkitPro/libnds/lib\libnds9.a(keys.o)
                0x02020668                scanKeys
                0x020206d8                keysHeld
                0x020206e4                keysDown
                0x020206f4                keysDownRepeat
                0x02020704                keysSetRepeat
                0x0202071c                keysUp
                0x0202072c                keysCurrent
 .text          0x02020760       0xf4 d:/devkitPro/libnds/lib\libnds9.a(system.o)
                0x02020760                systemMsgHandler
                0x020207a4                systemSleep
                0x020207bc                powerValueHandler
                0x020207cc                powerOn
                0x020207f8                powerOff
                0x02020820                ledBlink
                0x02020834                getBatteryLevel
 .text          0x02020854       0x4c d:/devkitPro/libnds/lib\libnds9.a(touch.o)
                0x02020854                touchRead
                0x0202087c                touchReadXY
 .text          0x020208a0      0x238 d:/devkitPro/libnds/lib\libnds9.a(trig.o)
                0x020208a0                asinComp
                0x020208c4                sinLutLookup
                0x02020900                sinLerp
                0x02020934                cosLerp
                0x0202094c                tanLutLookup
                0x02020984                tanLerp
                0x02020a34                asinLerp
                0x02020a9c                acosLerp
                0x02020ab4                atanComp
 .text          0x02020ad8     0x14b8 d:/devkitPro/libnds/lib\libnds9.a(videoGL.o)
                0x02020ad8                glGetGlobals
                0x02020ae0                glRotatef32i
                0x02020dbc                glMaterialf
                0x02020e2c                glTexCoord2f32
                0x02020ea0                vramBlock_init
                0x02020f0c                vramBlock_Construct
                0x02020f34                vramBlock_terminate
                0x02020f60                vramBlock_Deconstruct
                0x02020f74                vramBlock__allocateBlock
                0x020210d4                vramBlock__deallocateBlock
                0x020211ec                vramBlock_examineSpecial
                0x02021428                vramBlock_allocateSpecial
                0x02021494                vramBlock_allocateBlock
                0x020214cc                vramBlock_deallocateBlock
                0x02021510                vramBlock_deallocateAll
                0x02021520                vramBlock_getAddr
                0x02021534                vramBlock_getSize
                0x02021548                glInit_C
                0x020216e8                glResetTextures
                0x02021770                removePaletteFromTexture
                0x020217e0                glGenTextures
                0x0202187c                glDeleteTextures
                0x02021954                vramGetBank
                0x02021a14                glBindTexture
                0x02021a78                glColorTableEXT
                0x02021be0                glAssignColorTable
                0x02021c54                glTexParameter
                0x02021c8c                glGetTexturePointer
                0x02021cac                glGetTexParameter
                0x02021ccc                glTexImage2D
 .text          0x02021f90      0x298 d:/devkitPro/libnds/lib\libnds9.a(dldi.o)
                0x02021f90                dldiGetInternal
                0x02021fc8                dldiIsValid
                0x02022000                dldiFixDriverAddresses
                0x02022124                dldiLoadFromFile
                0x0202221c                dldiFree
 .text          0x02022228      0x108 d:/devkitPro/libnds/lib\libnds9.a(dsi_sd.o)
                0x02022228                sdio_IsInserted
                0x02022238                sdio_ClearStatus
                0x02022248                sdio_Shutdown
                0x02022258                sdio_WriteSectors
                0x020222ac                sdio_ReadSectors
                0x02022300                sdio_Startup
 .text          0x02022330      0x14c d:/devkitPro/libnds/lib\libnds9.a(initSystem.o)
                0x02022330                initSystem
 .text          0x0202247c      0xc98 d:/devkitPro/libnds/lib\libnds9.a(fifosystem.o)
                0x020226ec                fifoSendAddress
                0x02022718                fifoSendValue32
                0x02022758                fifoSendDatamsg
                0x020227d0                fifoGetAddress
                0x02022840                fifoSetAddressHandler
                0x020228b4                fifoGetValue32
                0x02022920                fifoSetValue32Handler
                0x02022994                fifoGetDatamsg
                0x02022e24                fifoSetDatamsgHandler
                0x02022ebc                fifoCheckAddress
                0x02022ee0                fifoCheckDatamsg
                0x02022f04                fifoCheckValue32
                0x02022f28                fifoInit
 .text          0x02023114      0x1c0 d:/devkitPro/libnds/lib\libnds9.a(gbfs.o)
                0x02023120                gbfs_search_range
                0x02023148                find_first_gbfs_file
                0x020231f4                skip_gbfs_file
                0x020231fc                gbfs_get_obj
                0x02023258                gbfs_get_nth_obj
                0x0202329c                gbfs_copy_obj
                0x020232c4                gbfs_count_objs
 .text          0x020232d4      0x1cc d:/devkitPro/libnds/lib\libnds9.a(interrupts.o)
                0x020232d4                irqDummy
                0x020232d8                irqSet
                0x02023344                irqInit
                0x02023390                irqInitHandler
                0x020233c0                irqEnable
                0x02023420                irqDisable
                0x02023474                irqClear
 .text          0x020234a0       0x40 d:/devkitPro/libnds/lib\libnds9.a(libnds_exit.o)
                0x020234a0                systemErrorExit
                0x020234a4                __libnds_exit
 .text          0x020234e0       0x70 d:/devkitPro/libnds/lib\libnds9.a(dcache.o)
                0x020234e0                DC_FlushAll
                0x0202350c                DC_FlushRange
                0x02023528                DC_InvalidateAll
                0x02023534                DC_InvalidateRange
 *fill*         0x02023550       0x30 ff
 .text          0x02023580     0x8000 d:/devkitPro/libnds/lib\libnds9.a(dldi_stub.o)
                0x02023580                _io_dldi_stub
 .text          0x0202b580      0x1b4 d:/devkitPro/libnds/lib\libnds9.a(mpu_setup.o)
                0x0202b580                __libnds_mpu_setup
                0x0202b6c0                memCached
                0x0202b6d8                memUncached
 *fill*         0x0202b734        0xc ff
 .text          0x0202b740       0x70 d:/devkitPro/libnds/lib\libnds9.a(biosCalls.o)
                0x0202b740                swiDelay
                0x0202b744                swiIntrWait
                0x0202b748                swiWaitForVBlank
                0x0202b74c                swiSleep
                0x0202b750                swiChangeSoundBias
                0x0202b754                swiDivide
                0x0202b758                swiRemainder
                0x0202b75e                swiDivMod
                0x0202b76a                swiCopy
                0x0202b76e                swiFastCopy
                0x0202b772                swiSqrt
                0x0202b776                swiCRC16
                0x0202b77a                swiIsDebugger
                0x0202b77e                swiUnpackBits
                0x0202b782                swiDecompressLZSSWram
                0x0202b786                swiDecompressLZSSVramNTR
                0x0202b78a                swiDecompressLZSSVramTWL
                0x0202b78e                swiDecompressHuffman
                0x0202b792                swiDecompressRLEWram
                0x0202b796                swiDecompressRLEVram
                0x0202b79a                swiWaitForIRQ
                0x0202b79e                swiDecodeDelta8
                0x0202b7a2                swiDecodeDelta16
                0x0202b7a6                swiSetHaltCR
 .text          0x0202b7b0       0xa4 d:/devkitPro/libnds/lib\libnds9.a(debugprint.o)
                0x0202b7b0                nocashWrite
                0x0202b7b2                nocashMessage
 .text          0x0202b854        0x0 d:/devkitPro/libnds/lib\libnds9.a(interruptDispatcher.o)
 *fill*         0x0202b854        0xc ff
 .text          0x0202b860       0x30 d:/devkitPro/libnds/lib\libnds9.a(swiSoftReset.o)
                0x0202b860                swiSoftReset
 .text          0x0202b890        0x0 d:/devkitPro/libnds/lib\libnds9.a(default_font.bin.o)
 .text          0x0202b890      0x318 d:/devkitPro/libnds/lib\libnds9.a(background.o)
                0x0202b890                bgIsText
                0x0202b89c                checkIfText
                0x0202b8fc                bgUpdate
                0x0202ba1c                bgInit_call
                0x0202bae0                bgInitSub_call
 .text          0x0202bba8      0x148 d:/devkitPro/libnds/lib\libnds9.a(video.o)
                0x0202bba8                vramSetPrimaryBanks
                0x0202bbec                vramSetMainBanks
                0x0202bc30                vramSetBanks_EFG
                0x0202bc68                vramRestorePrimaryBanks
                0x0202bc74                vramRestoreMainBanks
                0x0202bc80                vramRestoreBanks_EFG
                0x0202bc8c                setBrightness
                0x0202bccc                vramDefault
 .text          0x0202bcf0      0x104 d:/devkitpro/devkitarm/bin/../lib/gcc/arm-eabi/4.5.1/../../../../arm-eabi/lib\libm.a(lib_a-s_cos.o)
                0x0202bcf0                cos
 .text          0x0202bdf4      0x110 d:/devkitpro/devkitarm/bin/../lib/gcc/arm-eabi/4.5.1/../../../../arm-eabi/lib\libm.a(lib_a-s_sin.o)
                0x0202bdf4                sin
 .text          0x0202bf04      0x520 d:/devkitpro/devkitarm/bin/../lib/gcc/arm-eabi/4.5.1/../../../../arm-eabi/lib\libm.a(lib_a-w_pow.o)
                0x0202bf04                pow
 *fill*         0x0202c424        0x4 ff
 .text          0x0202c428      0xff8 d:/devkitpro/devkitarm/bin/../lib/gcc/arm-eabi/4.5.1/../../../../arm-eabi/lib\libm.a(lib_a-e_pow.o)
                0x0202c428                __ieee754_pow
 .text          0x0202d420      0x678 d:/devkitpro/devkitarm/bin/../lib/gcc/arm-eabi/4.5.1/../../../../arm-eabi/lib\libm.a(lib_a-e_rem_pio2.o)
                0x0202d420                __ieee754_rem_pio2
 .text          0x0202da98      0x238 d:/devkitpro/devkitarm/bin/../lib/gcc/arm-eabi/4.5.1/../../../../arm-eabi/lib\libm.a(lib_a-e_sqrt.o)
                0x0202da98                __ieee754_sqrt
 .text          0x0202dcd0      0x358 d:/devkitpro/devkitarm/bin/../lib/gcc/arm-eabi/4.5.1/../../../../arm-eabi/lib\libm.a(lib_a-k_cos.o)
                0x0202dcd0                __kernel_cos
 .text          0x0202e028      0xb08 d:/devkitpro/devkitarm/bin/../lib/gcc/arm-eabi/4.5.1/../../../../arm-eabi/lib\libm.a(lib_a-k_rem_pio2.o)
                0x0202e028                __kernel_rem_pio2
 .text          0x0202eb30      0x218 d:/devkitpro/devkitarm/bin/../lib/gcc/arm-eabi/4.5.1/../../../../arm-eabi/lib\libm.a(lib_a-k_sin.o)
                0x0202eb30                __kernel_sin
 .text          0x0202ed48       0x14 d:/devkitpro/devkitarm/bin/../lib/gcc/arm-eabi/4.5.1/../../../../arm-eabi/lib\libm.a(lib_a-s_fabs.o)
                0x0202ed48                fabs
 .text          0x0202ed5c       0x14 d:/devkitpro/devkitarm/bin/../lib/gcc/arm-eabi/4.5.1/../../../../arm-eabi/lib\libm.a(lib_a-s_finite.o)
                0x0202ed5c                finite
 .text          0x0202ed70      0x198 d:/devkitpro/devkitarm/bin/../lib/gcc/arm-eabi/4.5.1/../../../../arm-eabi/lib\libm.a(lib_a-s_floor.o)
                0x0202ed70                floor
 .text          0x0202ef08       0x8c d:/devkitpro/devkitarm/bin/../lib/gcc/arm-eabi/4.5.1/../../../../arm-eabi/lib\libm.a(lib_a-s_fpclassify.o)
                0x0202ef08                __fpclassifyd
 .text          0x0202ef94        0x0 d:/devkitpro/devkitarm/bin/../lib/gcc/arm-eabi/4.5.1/../../../../arm-eabi/lib\libm.a(lib_a-s_lib_ver.o)
 .text          0x0202ef94        0x8 d:/devkitpro/devkitarm/bin/../lib/gcc/arm-eabi/4.5.1/../../../../arm-eabi/lib\libm.a(lib_a-s_matherr.o)
                0x0202ef94                matherr
 .text          0x0202ef9c       0x10 d:/devkitpro/devkitarm/bin/../lib/gcc/arm-eabi/4.5.1/../../../../arm-eabi/lib\libm.a(lib_a-s_nan.o)
                0x0202ef9c                nan
 .text          0x0202efac      0x19c d:/devkitpro/devkitarm/bin/../lib/gcc/arm-eabi/4.5.1/../../../../arm-eabi/lib\libm.a(lib_a-s_rint.o)
                0x0202efac                rint
 .text          0x0202f148      0x1a8 d:/devkitpro/devkitarm/bin/../lib/gcc/arm-eabi/4.5.1/../../../../arm-eabi/lib\libm.a(lib_a-s_scalbn.o)
                0x0202f148                scalbn
 .text          0x0202f2f0       0x24 d:/devkitpro/devkitarm/bin/../lib/gcc/arm-eabi/4.5.1/../../../../arm-eabi/lib\libm.a(lib_a-s_copysign.o)
                0x0202f2f0                copysign
 .text          0x0202f314      0x114 d:/devkitpro/devkitarm/bin/../lib/gcc/arm-eabi/4.5.1\libgcc.a(_udivsi3.o)
                0x0202f314                __aeabi_uidiv
                0x0202f314                __udivsi3
                0x0202f408                __aeabi_uidivmod
 .text          0x0202f428      0x148 d:/devkitpro/devkitarm/bin/../lib/gcc/arm-eabi/4.5.1\libgcc.a(_divsi3.o)
                0x0202f428                __divsi3
                0x0202f428                __aeabi_idiv
                0x0202f550                __aeabi_idivmod
 .text          0x0202f570        0x4 d:/devkitpro/devkitarm/bin/../lib/gcc/arm-eabi/4.5.1\libgcc.a(_dvmd_tls.o)
                0x0202f570                __aeabi_idiv0
                0x0202f570                __aeabi_ldiv0
 .text          0x0202f574      0x41c d:/devkitpro/devkitarm/bin/../lib/gcc/arm-eabi/4.5.1\libgcc.a(_arm_addsubdf3.o)
                0x0202f574                __aeabi_drsub
                0x0202f57c                __aeabi_dsub
                0x0202f57c                __subdf3
                0x0202f580                __aeabi_dadd
                0x0202f580                __adddf3
                0x0202f890                __floatunsidf
                0x0202f890                __aeabi_ui2d
                0x0202f8b4                __floatsidf
                0x0202f8b4                __aeabi_i2d
                0x0202f8dc                __aeabi_f2d
                0x0202f8dc                __extendsfdf2
                0x0202f91c                __floatundidf
                0x0202f91c                __aeabi_ul2d
                0x0202f930                __floatdidf
                0x0202f930                __aeabi_l2d
 .text          0x0202f990      0x49c d:/devkitpro/devkitarm/bin/../lib/gcc/arm-eabi/4.5.1\libgcc.a(_arm_muldivdf3.o)
                0x0202f990                __aeabi_dmul
                0x0202f990                __muldf3
                0x0202fc20                __divdf3
                0x0202fc20                __aeabi_ddiv
 .text          0x0202fe2c      0x144 d:/devkitpro/devkitarm/bin/../lib/gcc/arm-eabi/4.5.1\libgcc.a(_arm_cmpdf2.o)
                0x0202fe2c                __gtdf2
                0x0202fe2c                __gedf2
                0x0202fe34                __ltdf2
                0x0202fe34                __ledf2
                0x0202fe3c                __nedf2
                0x0202fe3c                __eqdf2
                0x0202fe3c                __cmpdf2
                0x0202fec4                __aeabi_cdrcmple
                0x0202fee0                __aeabi_cdcmpeq
                0x0202fee0                __aeabi_cdcmple
                0x0202fef8                __aeabi_dcmpeq
                0x0202ff10                __aeabi_dcmplt
                0x0202ff28                __aeabi_dcmple
                0x0202ff40                __aeabi_dcmpge
                0x0202ff58                __aeabi_dcmpgt
 .text          0x0202ff70       0x5c d:/devkitpro/devkitarm/bin/../lib/gcc/arm-eabi/4.5.1\libgcc.a(_arm_fixdfsi.o)
                0x0202ff70                __aeabi_d2iz
                0x0202ff70                __fixdfsi
 .text          0x0202ffcc       0x54 d:/devkitpro/devkitarm/bin/../lib/gcc/arm-eabi/4.5.1\libgcc.a(_arm_fixunsdfsi.o)
                0x0202ffcc                __aeabi_d2uiz
                0x0202ffcc                __fixunsdfsi
 .text          0x02030020       0xa0 d:/devkitpro/devkitarm/bin/../lib/gcc/arm-eabi/4.5.1\libgcc.a(_arm_truncdfsf2.o)
                0x02030020                __truncdfsf2
                0x02030020                __aeabi_d2f
 .text          0x020300c0      0x2ac d:/devkitpro/devkitarm/bin/../lib/gcc/arm-eabi/4.5.1\libgcc.a(_arm_addsubsf3.o)
                0x020300c0                __aeabi_frsub
                0x020300c8                __subsf3
                0x020300c8                __aeabi_fsub
                0x020300cc                __aeabi_fadd
                0x020300cc                __addsf3
                0x02030288                __aeabi_ui2f
                0x02030288                __floatunsisf
                0x02030290                __aeabi_i2f
                0x02030290                __floatsisf
                0x020302b0                __aeabi_ul2f
                0x020302b0                __floatundisf
                0x020302c0                __aeabi_l2f
                0x020302c0                __floatdisf
 .text          0x0203036c      0x2f8 d:/devkitpro/devkitarm/bin/../lib/gcc/arm-eabi/4.5.1\libgcc.a(_arm_muldivsf3.o)
                0x0203036c                __mulsf3
                0x0203036c                __aeabi_fmul
                0x02030504                __aeabi_fdiv
                0x02030504                __divsf3
 .text          0x02030664      0x114 d:/devkitpro/devkitarm/bin/../lib/gcc/arm-eabi/4.5.1\libgcc.a(_arm_cmpsf2.o)
                0x02030664                __gesf2
                0x02030664                __gtsf2
                0x0203066c                __lesf2
                0x0203066c                __ltsf2
                0x02030674                __nesf2
                0x02030674                __eqsf2
                0x02030674                __cmpsf2
                0x020306d8                __aeabi_cfrcmple
                0x020306e8                __aeabi_cfcmpeq
                0x020306e8                __aeabi_cfcmple
                0x02030700                __aeabi_fcmpeq
                0x02030718                __aeabi_fcmplt
                0x02030730                __aeabi_fcmple
                0x02030748                __aeabi_fcmpge
                0x02030760                __aeabi_fcmpgt
 .text          0x02030778       0x5c d:/devkitpro/devkitarm/bin/../lib/gcc/arm-eabi/4.5.1\libgcc.a(_arm_fixsfsi.o)
                0x02030778                __aeabi_f2iz
                0x02030778                __fixsfsi
 .text          0x020307d4       0x54 d:/devkitpro/devkitarm/bin/../lib/gcc/arm-eabi/4.5.1\libgcc.a(_arm_fixunssfsi.o)
                0x020307d4                __fixunssfsi
                0x020307d4                __aeabi_f2uiz
 .text          0x02030828       0x48 d:/devkitpro/devkitarm/bin/../lib/gcc/arm-eabi/4.5.1\libgcc.a(_muldi3.o)
                0x02030828                __muldi3
                0x02030828                __aeabi_lmul
 .text          0x02030870       0x14 d:/devkitpro/devkitarm/bin/../lib/gcc/arm-eabi/4.5.1/../../../../arm-eabi/lib\libg.a(lib_a-abort.o)
                0x02030870                abort
 .text          0x02030884       0x7c d:/devkitpro/devkitarm/bin/../lib/gcc/arm-eabi/4.5.1/../../../../arm-eabi/lib\libg.a(lib_a-bsearch.o)
                0x02030884                bsearch
 .text          0x02030900       0x28 d:/devkitpro/devkitarm/bin/../lib/gcc/arm-eabi/4.5.1/../../../../arm-eabi/lib\libg.a(lib_a-calloc.o)
                0x02030900                calloc
 .text          0x02030928       0x9c d:/devkitpro/devkitarm/bin/../lib/gcc/arm-eabi/4.5.1/../../../../arm-eabi/lib\libg.a(lib_a-callocr.o)
                0x02030928                _calloc_r
 .text          0x020309c4       0x10 d:/devkitpro/devkitarm/bin/../lib/gcc/arm-eabi/4.5.1/../../../../arm-eabi/lib\libg.a(lib_a-errno.o)
                0x020309c4                __errno
 .text          0x020309d4      0x10c d:/devkitpro/devkitarm/bin/../lib/gcc/arm-eabi/4.5.1/../../../../arm-eabi/lib\libg.a(lib_a-fclose.o)
                0x020309d4                _fclose_r
                0x02030acc                fclose
 .text          0x02030ae0      0x298 d:/devkitpro/devkitarm/bin/../lib/gcc/arm-eabi/4.5.1/../../../../arm-eabi/lib\libg.a(lib_a-fflush.o)
                0x02030ae0                _fflush_r
                0x02030d38                fflush
 .text          0x02030d78       0xd8 d:/devkitpro/devkitarm/bin/../lib/gcc/arm-eabi/4.5.1/../../../../arm-eabi/lib\libg.a(lib_a-fgetc.o)
                0x02030d78                _fgetc_r
                0x02030dd4                fgetc
 .text          0x02030e50      0x148 d:/devkitpro/devkitarm/bin/../lib/gcc/arm-eabi/4.5.1/../../../../arm-eabi/lib\libg.a(lib_a-fgets.o)
                0x02030e50                _fgets_r
                0x02030f6c                fgets
 .text          0x02030f98      0x334 d:/devkitpro/devkitarm/bin/../lib/gcc/arm-eabi/4.5.1/../../../../arm-eabi/lib\libg.a(lib_a-findfp.o)
                0x02030fa8                _cleanup_r
                0x02030fc0                __sfmoreglue
                0x02031008                _cleanup
                0x02031018                __sinit
                0x02031180                __sfp
                0x02031274                __sfp_lock_acquire
                0x02031278                __sfp_lock_release
                0x0203127c                __sinit_lock_acquire
                0x02031280                __sinit_lock_release
                0x02031284                __fp_lock_all
                0x020312a8                __fp_unlock_all
 .text          0x020312cc      0x108 d:/devkitpro/devkitarm/bin/../lib/gcc/arm-eabi/4.5.1/../../../../arm-eabi/lib\libg.a(lib_a-fopen.o)
                0x020312cc                _fopen_r
                0x020313b8                fopen
 .text          0x020313d4       0x70 d:/devkitpro/devkitarm/bin/../lib/gcc/arm-eabi/4.5.1/../../../../arm-eabi/lib\libg.a(lib_a-fprintf.o)
                0x020313d4                _fprintf_r
                0x02031404                fprintf
 .text          0x02031444       0x94 d:/devkitpro/devkitarm/bin/../lib/gcc/arm-eabi/4.5.1/../../../../arm-eabi/lib\libg.a(lib_a-fputc.o)
                0x02031444                _fputc_r
                0x02031488                fputc
 .text          0x020314d8       0xa8 d:/devkitpro/devkitarm/bin/../lib/gcc/arm-eabi/4.5.1/../../../../arm-eabi/lib\libg.a(lib_a-fputs.o)
                0x020314d8                _fputs_r
                0x02031564                fputs
 .text          0x02031580      0x270 d:/devkitpro/devkitarm/bin/../lib/gcc/arm-eabi/4.5.1/../../../../arm-eabi/lib\libg.a(lib_a-fread.o)
                0x02031580                _fread_r
                0x020317ac                fread
 .text          0x020317f0      0x360 d:/devkitpro/devkitarm/bin/../lib/gcc/arm-eabi/4.5.1/../../../../arm-eabi/lib\libg.a(lib_a-freer.o)
                0x020317f0                _malloc_trim_r
                0x020318ec                _free_r
 .text          0x02031b50      0x4d8 d:/devkitpro/devkitarm/bin/../lib/gcc/arm-eabi/4.5.1/../../../../arm-eabi/lib\libg.a(lib_a-fseek.o)
                0x02031b50                _fseek_r
                0x02031ffc                fseek
 .text          0x02032028       0xec d:/devkitpro/devkitarm/bin/../lib/gcc/arm-eabi/4.5.1/../../../../arm-eabi/lib\libg.a(lib_a-ftell.o)
                0x02032028                _ftell_r
                0x02032100                ftell
 .text          0x02032114      0x4ac d:/devkitpro/devkitarm/bin/../lib/gcc/arm-eabi/4.5.1/../../../../arm-eabi/lib\libg.a(lib_a-fvwrite.o)
                0x02032114                __sfvwrite_r
 .text          0x020325c0      0x10c d:/devkitpro/devkitarm/bin/../lib/gcc/arm-eabi/4.5.1/../../../../arm-eabi/lib\libg.a(lib_a-fwalk.o)
                0x020325c0                _fwalk
                0x02032644                _fwalk_reent
 .text          0x020326cc       0xec d:/devkitpro/devkitarm/bin/../lib/gcc/arm-eabi/4.5.1/../../../../arm-eabi/lib\libg.a(lib_a-fwrite.o)
                0x020326cc                _fwrite_r
                0x02032774                fwrite
 .text          0x020327b8        0x0 d:/devkitpro/devkitarm/bin/../lib/gcc/arm-eabi/4.5.1/../../../../arm-eabi/lib\libg.a(lib_a-impure.o)
 .text          0x020327b8       0xc4 d:/devkitpro/devkitarm/bin/../lib/gcc/arm-eabi/4.5.1/../../../../arm-eabi/lib\libg.a(lib_a-init.o)
                0x020327b8                __libc_init_array
                0x02032838                __libc_fini_array
 .text          0x0203287c       0x74 d:/devkitpro/devkitarm/bin/../lib/gcc/arm-eabi/4.5.1/../../../../arm-eabi/lib\libg.a(lib_a-iprintf.o)
                0x0203287c                iprintf
                0x020328bc                _iprintf_r
 .text          0x020328f0       0x14 d:/devkitpro/devkitarm/bin/../lib/gcc/arm-eabi/4.5.1/../../../../arm-eabi/lib\libg.a(lib_a-lcltime_r.o)
                0x020328f0                localtime_r
 .text          0x02032904      0xbb0 d:/devkitpro/devkitarm/bin/../lib/gcc/arm-eabi/4.5.1/../../../../arm-eabi/lib\libg.a(lib_a-locale.o)
                0x0203311c                _setlocale_r
                0x02033458                __locale_charset
                0x02033464                __locale_msgcharset
                0x02033470                __locale_cjk_lang
                0x02033480                _localeconv_r
                0x0203348c                setlocale
                0x020334a8                localeconv
 .text          0x020334b4      0x164 d:/devkitpro/devkitarm/bin/../lib/gcc/arm-eabi/4.5.1/../../../../arm-eabi/lib\libg.a(lib_a-makebuf.o)
                0x020334b4                __smakebuf_r
 .text          0x02033618       0x40 d:/devkitpro/devkitarm/bin/../lib/gcc/arm-eabi/4.5.1/../../../../arm-eabi/lib\libg.a(lib_a-malloc.o)
                0x02033618                malloc
                0x02033638                free
 .text          0x02033658      0x710 d:/devkitpro/devkitarm/bin/../lib/gcc/arm-eabi/4.5.1/../../../../arm-eabi/lib\libg.a(lib_a-mallocr.o)
                0x02033658                _malloc_r
 .text          0x02033d68      0x164 d:/devkitpro/devkitarm/bin/../lib/gcc/arm-eabi/4.5.1/../../../../arm-eabi/lib\libg.a(lib_a-mbrtowc.o)
                0x02033d68                _mbrtowc_r
                0x02033e14                mbrtowc
 .text          0x02033ecc       0x68 d:/devkitpro/devkitarm/bin/../lib/gcc/arm-eabi/4.5.1/../../../../arm-eabi/lib\libg.a(lib_a-mbsrtowcs.o)
                0x02033ecc                _mbsrtowcs_r
                0x02033ef4                mbsrtowcs
 .text          0x02033f34      0x720 d:/devkitpro/devkitarm/bin/../lib/gcc/arm-eabi/4.5.1/../../../../arm-eabi/lib\libg.a(lib_a-mbtowc_r.o)
                0x02033f34                __utf8_mbtowc
                0x02034238                _mbtowc_r
                0x0203428c                __ascii_mbtowc
                0x020342d0                __sjis_mbtowc
                0x020343a4                __eucjp_mbtowc
                0x020344d0                __jis_mbtowc
 .text          0x02034654      0x108 d:/devkitpro/devkitarm/bin/../lib/gcc/arm-eabi/4.5.1/../../../../arm-eabi/lib\libg.a(lib_a-memchr.o)
                0x02034654                memchr
 .text          0x0203475c       0xa8 d:/devkitpro/devkitarm/bin/../lib/gcc/arm-eabi/4.5.1/../../../../arm-eabi/lib\libg.a(lib_a-memcmp.o)
                0x0203475c                memcmp
 .text          0x02034804       0xf8 d:/devkitpro/devkitarm/bin/../lib/gcc/arm-eabi/4.5.1/../../../../arm-eabi/lib\libg.a(lib_a-memcpy.o)
                0x02034804                memcpy
 .text          0x020348fc      0x138 d:/devkitpro/devkitarm/bin/../lib/gcc/arm-eabi/4.5.1/../../../../arm-eabi/lib\libg.a(lib_a-memmove.o)
                0x020348fc                memmove
 .text          0x02034a34      0x100 d:/devkitpro/devkitarm/bin/../lib/gcc/arm-eabi/4.5.1/../../../../arm-eabi/lib\libg.a(lib_a-memset.o)
                0x02034a34                memset
 .text          0x02034b34      0x720 d:/devkitpro/devkitarm/bin/../lib/gcc/arm-eabi/4.5.1/../../../../arm-eabi/lib\libg.a(lib_a-mktime.o)
                0x02034e70                mktime
 .text          0x02035254      0x760 d:/devkitpro/devkitarm/bin/../lib/gcc/arm-eabi/4.5.1/../../../../arm-eabi/lib\libg.a(lib_a-mktm_r.o)
                0x02035254                __tzcalc_limits
                0x020354a0                _mktm_r
 .text          0x020359b4        0x8 d:/devkitpro/devkitarm/bin/../lib/gcc/arm-eabi/4.5.1/../../../../arm-eabi/lib\libg.a(lib_a-mlock.o)
                0x020359b4                __malloc_lock
                0x020359b8                __malloc_unlock
 .text          0x020359bc      0x168 d:/devkitpro/devkitarm/bin/../lib/gcc/arm-eabi/4.5.1/../../../../arm-eabi/lib\libg.a(lib_a-putc.o)
                0x020359bc                _putc_r
                0x02035a68                putc
 .text          0x02035b24       0x78 d:/devkitpro/devkitarm/bin/../lib/gcc/arm-eabi/4.5.1/../../../../arm-eabi/lib\libg.a(lib_a-rand.o)
                0x02035b24                srand
                0x02035b40                rand
 .text          0x02035b9c       0x28 d:/devkitpro/devkitarm/bin/../lib/gcc/arm-eabi/4.5.1/../../../../arm-eabi/lib\libg.a(lib_a-realloc.o)
                0x02035b9c                realloc
 .text          0x02035bc4      0x5c0 d:/devkitpro/devkitarm/bin/../lib/gcc/arm-eabi/4.5.1/../../../../arm-eabi/lib\libg.a(lib_a-reallocr.o)
                0x02035bc4                _realloc_r
 .text          0x02036184      0x1d0 d:/devkitpro/devkitarm/bin/../lib/gcc/arm-eabi/4.5.1/../../../../arm-eabi/lib\libg.a(lib_a-refill.o)
                0x020361ac                __srefill_r
 .text          0x02036354       0x6c d:/devkitpro/devkitarm/bin/../lib/gcc/arm-eabi/4.5.1/../../../../arm-eabi/lib\libg.a(lib_a-rget.o)
                0x02036354                __srget_r
                0x020363ac                __srget
 .text          0x020363c0       0x2c d:/devkitpro/devkitarm/bin/../lib/gcc/arm-eabi/4.5.1/../../../../arm-eabi/lib\libg.a(lib_a-setjmp.o)
                0x020363c0                setjmp
                0x020363d4                longjmp
 .text          0x020363ec      0x178 d:/devkitpro/devkitarm/bin/../lib/gcc/arm-eabi/4.5.1/../../../../arm-eabi/lib\libg.a(lib_a-setvbuf.o)
                0x020363ec                setvbuf
 .text          0x02036564      0x238 d:/devkitpro/devkitarm/bin/../lib/gcc/arm-eabi/4.5.1/../../../../arm-eabi/lib\libg.a(lib_a-signal.o)
                0x02036564                _init_signal_r
                0x020365b8                _signal_r
                0x02036620                _raise_r
                0x020366b4                __sigtramp_r
                0x02036748                raise
                0x0203675c                signal
                0x02036778                _init_signal
                0x02036788                __sigtramp
 .text          0x0203679c      0x100 d:/devkitpro/devkitarm/bin/../lib/gcc/arm-eabi/4.5.1/../../../../arm-eabi/lib\libg.a(lib_a-siscanf.o)
                0x0203679c                siscanf
                0x0203681c                _siscanf_r
 .text          0x0203689c      0x130 d:/devkitpro/devkitarm/bin/../lib/gcc/arm-eabi/4.5.1/../../../../arm-eabi/lib\libg.a(lib_a-snprintf.o)
                0x0203689c                _snprintf_r
                0x02036930                snprintf
 .text          0x020369cc       0xdc d:/devkitpro/devkitarm/bin/../lib/gcc/arm-eabi/4.5.1/../../../../arm-eabi/lib\libg.a(lib_a-sprintf.o)
                0x020369cc                _sprintf_r
                0x02036a34                sprintf
 .text          0x02036aa8       0xe0 d:/devkitpro/devkitarm/bin/../lib/gcc/arm-eabi/4.5.1/../../../../arm-eabi/lib\libg.a(lib_a-stdio.o)
                0x02036aa8                __sread
                0x02036adc                __seofread
                0x02036ae4                __swrite
                0x02036b3c                __sseek
                0x02036b74                __sclose
 .text          0x02036b88       0x64 d:/devkitpro/devkitarm/bin/../lib/gcc/arm-eabi/4.5.1/../../../../arm-eabi/lib\libg.a(lib_a-strcasecmp.o)
                0x02036b88                strcasecmp
 .text          0x02036bec       0xb0 d:/devkitpro/devkitarm/bin/../lib/gcc/arm-eabi/4.5.1/../../../../arm-eabi/lib\libg.a(lib_a-strcat.o)
                0x02036bec                strcat
 .text          0x02036c9c      0x23c d:/devkitpro/devkitarm/bin/../lib/gcc/arm-eabi/4.5.1/../../../../arm-eabi/lib\libg.a(lib_a-strchr.o)
                0x02036c9c                strchr
 .text          0x02036ed8      0x230 d:/devkitpro/devkitarm/bin/../lib/gcc/arm-eabi/4.5.1/../../../../arm-eabi/lib\libg.a(lib_a-strcmp.o)
                0x02036ed8                strcmp
 .text          0x02037108       0xf0 d:/devkitpro/devkitarm/bin/../lib/gcc/arm-eabi/4.5.1/../../../../arm-eabi/lib\libg.a(lib_a-strcpy.o)
                0x02037108                strcpy
 .text          0x020371f8       0x7c d:/devkitpro/devkitarm/bin/../lib/gcc/arm-eabi/4.5.1/../../../../arm-eabi/lib\libg.a(lib_a-strlcpy.o)
                0x020371f8                strlcpy
 .text          0x02037274       0x60 d:/devkitpro/devkitarm/bin/../lib/gcc/arm-eabi/4.5.1/../../../../arm-eabi/lib\libg.a(lib_a-strlen.o)
                0x02037274                strlen
 .text          0x020372d4       0x7c d:/devkitpro/devkitarm/bin/../lib/gcc/arm-eabi/4.5.1/../../../../arm-eabi/lib\libg.a(lib_a-strncasecmp.o)
                0x020372d4                strncasecmp
 .text          0x02037350      0x170 d:/devkitpro/devkitarm/bin/../lib/gcc/arm-eabi/4.5.1/../../../../arm-eabi/lib\libg.a(lib_a-strncmp.o)
                0x02037350                strncmp
 .text          0x020374c0       0xec d:/devkitpro/devkitarm/bin/../lib/gcc/arm-eabi/4.5.1/../../../../arm-eabi/lib\libg.a(lib_a-strncpy.o)
                0x020374c0                strncpy
 .text          0x020375ac       0x58 d:/devkitpro/devkitarm/bin/../lib/gcc/arm-eabi/4.5.1/../../../../arm-eabi/lib\libg.a(lib_a-strnlen.o)
                0x020375ac                strnlen
 .text          0x02037604       0xa4 d:/devkitpro/devkitarm/bin/../lib/gcc/arm-eabi/4.5.1/../../../../arm-eabi/lib\libg.a(lib_a-strpbrk.o)
                0x02037604                strpbrk
 .text          0x020376a8       0x4c d:/devkitpro/devkitarm/bin/../lib/gcc/arm-eabi/4.5.1/../../../../arm-eabi/lib\libg.a(lib_a-strrchr.o)
                0x020376a8                strrchr
 *fill*         0x020376f4        0x4 ff
 .text          0x020376f8     0x16a0 d:/devkitpro/devkitarm/bin/../lib/gcc/arm-eabi/4.5.1/../../../../arm-eabi/lib\libg.a(lib_a-strtod.o)
                0x02037740                _strtod_r
                0x02038d2c                strtod
                0x02038d48                strtof
 .text          0x02038d98      0x1f4 d:/devkitpro/devkitarm/bin/../lib/gcc/arm-eabi/4.5.1/../../../../arm-eabi/lib\libg.a(lib_a-strtol.o)
                0x02038d98                _strtol_r
                0x02038f60                strtol
 .text          0x02038f8c     0x12f0 d:/devkitpro/devkitarm/bin/../lib/gcc/arm-eabi/4.5.1/../../../../arm-eabi/lib\libg.a(lib_a-svfiscanf.o)
                0x02038f8c                _sungetc_r
                0x0203908c                __ssrefill_r
                0x020390f8                _sfread_r
                0x020391b8                __ssvfiscanf_r
 .text          0x0203a27c     0x233c d:/devkitpro/devkitarm/bin/../lib/gcc/arm-eabi/4.5.1/../../../../arm-eabi/lib\libg.a(lib_a-svfprintf.o)
                0x0203a27c                _svfprintf_r
 .text          0x0203c5b8       0x20 d:/devkitpro/devkitarm/bin/../lib/gcc/arm-eabi/4.5.1/../../../../arm-eabi/lib\libg.a(lib_a-sysclose.o)
                0x0203c5b8                close
 .text          0x0203c5d8       0x30 d:/devkitpro/devkitarm/bin/../lib/gcc/arm-eabi/4.5.1/../../../../arm-eabi/lib\libg.a(lib_a-syslseek.o)
                0x0203c5d8                lseek
 .text          0x0203c608       0x44 d:/devkitpro/devkitarm/bin/../lib/gcc/arm-eabi/4.5.1/../../../../arm-eabi/lib\libg.a(lib_a-sysopen.o)
                0x0203c608                open
 .text          0x0203c64c       0x30 d:/devkitpro/devkitarm/bin/../lib/gcc/arm-eabi/4.5.1/../../../../arm-eabi/lib\libg.a(lib_a-sysread.o)
                0x0203c64c                read
 .text          0x0203c67c       0x4c d:/devkitpro/devkitarm/bin/../lib/gcc/arm-eabi/4.5.1/../../../../arm-eabi/lib\libg.a(lib_a-time.o)
                0x0203c67c                time
 .text          0x0203c6c8      0x704 d:/devkitpro/devkitarm/bin/../lib/gcc/arm-eabi/4.5.1/../../../../arm-eabi/lib\libg.a(lib_a-towlower.o)
                0x0203c6c8                towlower
 .text          0x0203cdcc      0x888 d:/devkitpro/devkitarm/bin/../lib/gcc/arm-eabi/4.5.1/../../../../arm-eabi/lib\libg.a(lib_a-towupper.o)
                0x0203cdcc                towupper
 .text          0x0203d654        0x8 d:/devkitpro/devkitarm/bin/../lib/gcc/arm-eabi/4.5.1/../../../../arm-eabi/lib\libg.a(lib_a-tzlock.o)
                0x0203d654                __tz_lock
                0x0203d658                __tz_unlock
 .text          0x0203d65c        0x0 d:/devkitpro/devkitarm/bin/../lib/gcc/arm-eabi/4.5.1/../../../../arm-eabi/lib\libg.a(lib_a-tzvars.o)
 .text          0x0203d65c      0x24c d:/devkitpro/devkitarm/bin/../lib/gcc/arm-eabi/4.5.1/../../../../arm-eabi/lib\libg.a(lib_a-ungetc.o)
                0x0203d65c                __submore
                0x0203d708                _ungetc_r
                0x0203d88c                ungetc
 .text          0x0203d8a8     0x16dc d:/devkitpro/devkitarm/bin/../lib/gcc/arm-eabi/4.5.1/../../../../arm-eabi/lib\libg.a(lib_a-vfiprintf.o)
                0x0203d8a8                __sprint_r
                0x0203d968                _vfiprintf_r
                0x0203ef58                vfiprintf
 .text          0x0203ef84     0x2588 d:/devkitpro/devkitarm/bin/../lib/gcc/arm-eabi/4.5.1/../../../../arm-eabi/lib\libg.a(lib_a-vfprintf.o)
                0x0203ef84                _vfprintf_r
                0x020414e0                vfprintf
 .text          0x0204150c      0x15c d:/devkitpro/devkitarm/bin/../lib/gcc/arm-eabi/4.5.1/../../../../arm-eabi/lib\libg.a(lib_a-wbuf.o)
                0x0204150c                __swbuf_r
                0x0204164c                __swbuf
 .text          0x02041668      0x14c d:/devkitpro/devkitarm/bin/../lib/gcc/arm-eabi/4.5.1/../../../../arm-eabi/lib\libg.a(lib_a-wcrtomb.o)
                0x02041668                _wcrtomb_r
                0x02041704                wcrtomb
 .text          0x020417b4       0x68 d:/devkitpro/devkitarm/bin/../lib/gcc/arm-eabi/4.5.1/../../../../arm-eabi/lib\libg.a(lib_a-wcsrtombs.o)
                0x020417b4                _wcsrtombs_r
                0x020417dc                wcsrtombs
 .text          0x0204181c       0x84 d:/devkitpro/devkitarm/bin/../lib/gcc/arm-eabi/4.5.1/../../../../arm-eabi/lib\libg.a(lib_a-wctob.o)
                0x0204181c                wctob
 .text          0x020418a0      0x3a8 d:/devkitpro/devkitarm/bin/../lib/gcc/arm-eabi/4.5.1/../../../../arm-eabi/lib\libg.a(lib_a-wctomb_r.o)
                0x020418a0                __utf8_wctomb
                0x020419bc                _wctomb_r
                0x02041a0c                __ascii_wctomb
                0x02041a38                __sjis_wctomb
                0x02041ab8                __eucjp_wctomb
                0x02041b70                __jis_wctomb
 .text          0x02041c48      0x134 d:/devkitpro/devkitarm/bin/../lib/gcc/arm-eabi/4.5.1/../../../../arm-eabi/lib\libg.a(lib_a-wsetup.o)
                0x02041c48                __swsetup_r
 .text          0x02041d7c       0x18 d:/devkitpro/devkitarm/bin/../lib/gcc/arm-eabi/4.5.1/../../../../arm-eabi/lib\libg.a(lib_a-ctype_.o)
                0x02041d7c                __set_ctype
 .text          0x02041d94       0x64 d:/devkitpro/devkitarm/bin/../lib/gcc/arm-eabi/4.5.1/../../../../arm-eabi/lib\libg.a(lib_a-div.o)
                0x02041d94                div
 .text          0x02041df8     0x1810 d:/devkitpro/devkitarm/bin/../lib/gcc/arm-eabi/4.5.1/../../../../arm-eabi/lib\libg.a(lib_a-dtoa.o)
                0x02041fc8                _dtoa_r
 .text          0x02043608       0xc8 d:/devkitpro/devkitarm/bin/../lib/gcc/arm-eabi/4.5.1/../../../../arm-eabi/lib\libg.a(lib_a-flags.o)
                0x02043608                __sflags
 .text          0x020436d0      0x1c0 d:/devkitpro/devkitarm/bin/../lib/gcc/arm-eabi/4.5.1/../../../../arm-eabi/lib\libg.a(lib_a-fputwc.o)
                0x020436d0                _fputwc_r
                0x02043844                fputwc
 .text          0x02043890      0x9b4 d:/devkitpro/devkitarm/bin/../lib/gcc/arm-eabi/4.5.1/../../../../arm-eabi/lib\libg.a(lib_a-gdtoa-gethex.o)
                0x0204396c                __hexdig_init
                0x020439f0                __gethex
 .text          0x02044244      0x2bc d:/devkitpro/devkitarm/bin/../lib/gcc/arm-eabi/4.5.1/../../../../arm-eabi/lib\libg.a(lib_a-gdtoa-hexnan.o)
                0x02044244                __hexnan
 .text          0x02044500      0x100 d:/devkitpro/devkitarm/bin/../lib/gcc/arm-eabi/4.5.1/../../../../arm-eabi/lib\libg.a(lib_a-getenv_r.o)
                0x02044500                _findenv_r
                0x020445e4                _getenv_r
 .text          0x02044600        0xc d:/devkitpro/devkitarm/bin/../lib/gcc/arm-eabi/4.5.1/../../../../arm-eabi/lib\libg.a(lib_a-gettzinfo.o)
                0x02044600                __gettzinfo
 .text          0x0204460c       0x80 d:/devkitpro/devkitarm/bin/../lib/gcc/arm-eabi/4.5.1/../../../../arm-eabi/lib\libg.a(lib_a-iswspace.o)
                0x0204460c                iswspace
 .text          0x0204468c      0x2b0 d:/devkitpro/devkitarm/bin/../lib/gcc/arm-eabi/4.5.1/../../../../arm-eabi/lib\libg.a(lib_a-jp2uc.o)
                0x020448b0                _jp2uc
 .text          0x0204493c      0x138 d:/devkitpro/devkitarm/bin/../lib/gcc/arm-eabi/4.5.1/../../../../arm-eabi/lib\libg.a(lib_a-mbsnrtowcs.o)
                0x0204493c                _mbsnrtowcs_r
                0x02044a28                mbsnrtowcs
 .text          0x02044a74      0xd3c d:/devkitpro/devkitarm/bin/../lib/gcc/arm-eabi/4.5.1/../../../../arm-eabi/lib\libg.a(lib_a-mprec.o)
                0x02044a74                _Balloc
                0x02044afc                _Bfree
                0x02044b18                __multadd
                0x02044bf4                __s2b
                0x02044ce4                __hi0bits
                0x02044d34                __lo0bits
                0x02044dc4                __i2b
                0x02044de8                __multiply
                0x02044fd8                __pow5mult
                0x020450d0                __lshift
                0x020451d4                __mcmp
                0x02045234                __mdiff
                0x0204538c                __ulp
                0x020453ec                __b2d
                0x020454b4                __d2b
                0x020455c0                __ratio
                0x02045660                _mprec_log10
                0x020456b4                __copybits
                0x02045728                __any_on
 .text          0x020457b0       0xc8 d:/devkitpro/devkitarm/bin/../lib/gcc/arm-eabi/4.5.1/../../../../arm-eabi/lib\libg.a(lib_a-sccl.o)
                0x020457b0                __sccl
 .text          0x02045878        0xc d:/devkitpro/devkitarm/bin/../lib/gcc/arm-eabi/4.5.1/../../../../arm-eabi/lib\libg.a(lib_a-sf_nan.o)
                0x02045878                nanf
 .text          0x02045884      0x2b4 d:/devkitpro/devkitarm/bin/../lib/gcc/arm-eabi/4.5.1/../../../../arm-eabi/lib\libg.a(lib_a-strtoll_r.o)
                0x02045884                _strtoll_r
 .text          0x02045b38      0x1f4 d:/devkitpro/devkitarm/bin/../lib/gcc/arm-eabi/4.5.1/../../../../arm-eabi/lib\libg.a(lib_a-strtoul.o)
                0x02045b38                _strtoul_r
                0x02045d00                strtoul
 *fill*         0x02045d2c        0x4 ff
 .text          0x02045d30      0x290 d:/devkitpro/devkitarm/bin/../lib/gcc/arm-eabi/4.5.1/../../../../arm-eabi/lib\libg.a(lib_a-strtoull_r.o)
                0x02045d30                _strtoull_r
 .text          0x02045fc0     0x16b4 d:/devkitpro/devkitarm/bin/../lib/gcc/arm-eabi/4.5.1/../../../../arm-eabi/lib\libg.a(lib_a-svfiprintf.o)
                0x02045fc0                __ssprint_r
                0x02046154                _svfiprintf_r
 .text          0x02047674      0x1dc d:/devkitpro/devkitarm/bin/../lib/gcc/arm-eabi/4.5.1/../../../../arm-eabi/lib\libg.a(lib_a-wcsnrtombs.o)
                0x02047674                _wcsnrtombs_r
                0x02047804                wcsnrtombs
 .text          0x02047850        0x0 d:/devkitpro/devkitarm/bin/../lib/gcc/arm-eabi/4.5.1/../../../../arm-eabi/lib\libg.a(lib_a-environ.o)
 .text          0x02047850        0x8 d:/devkitpro/devkitarm/bin/../lib/gcc/arm-eabi/4.5.1/../../../../arm-eabi/lib\libg.a(lib_a-envlock.o)
                0x02047850                __env_lock
                0x02047854                __env_unlock
 .text          0x02047858      0x1b4 d:/devkitpro/devkitarm/bin/../lib/gcc/arm-eabi/4.5.1/../../../../arm-eabi/lib\libsysbase.a(iosupport.o)
                0x02047858                setDefaultDevice
                0x02047870                FindDevice
                0x0204791c                RemoveDevice
                0x0204794c                AddDevice
                0x020479e4                GetDeviceOpTab
 .text          0x02047a0c       0x78 d:/devkitpro/devkitarm/bin/../lib/gcc/arm-eabi/4.5.1/../../../../arm-eabi/lib\libsysbase.a(close.o)
                0x02047a0c                _close_r
 .text          0x02047a84       0x88 d:/devkitpro/devkitarm/bin/../lib/gcc/arm-eabi/4.5.1/../../../../arm-eabi/lib\libsysbase.a(fstat.o)
                0x02047a84                _fstat_r
 .text          0x02047b0c       0x10 d:/devkitpro/devkitarm/bin/../lib/gcc/arm-eabi/4.5.1/../../../../arm-eabi/lib\libsysbase.a(getpid.o)
                0x02047b0c                _getpid_r
 .text          0x02047b1c        0x8 d:/devkitpro/devkitarm/bin/../lib/gcc/arm-eabi/4.5.1/../../../../arm-eabi/lib\libsysbase.a(isatty.o)
                0x02047b1c                _isatty_r
 .text          0x02047b24       0x10 d:/devkitpro/devkitarm/bin/../lib/gcc/arm-eabi/4.5.1/../../../../arm-eabi/lib\libsysbase.a(kill.o)
                0x02047b24                _kill_r
 .text          0x02047b34       0x8c d:/devkitpro/devkitarm/bin/../lib/gcc/arm-eabi/4.5.1/../../../../arm-eabi/lib\libsysbase.a(lseek.o)
                0x02047b34                _lseek_r
 .text          0x02047bc0       0xd0 d:/devkitpro/devkitarm/bin/../lib/gcc/arm-eabi/4.5.1/../../../../arm-eabi/lib\libsysbase.a(open.o)
                0x02047bc0                _open_r
 .text          0x02047c90       0x8c d:/devkitpro/devkitarm/bin/../lib/gcc/arm-eabi/4.5.1/../../../../arm-eabi/lib\libsysbase.a(read.o)
                0x02047c90                _read_r
 .text          0x02047d1c       0x78 d:/devkitpro/devkitarm/bin/../lib/gcc/arm-eabi/4.5.1/../../../../arm-eabi/lib\libsysbase.a(sbrk.o)
                0x02047d1c                _sbrk_r
 .text          0x02047d94       0x68 d:/devkitpro/devkitarm/bin/../lib/gcc/arm-eabi/4.5.1/../../../../arm-eabi/lib\libsysbase.a(times.o)
                0x02047d94                _times
                0x02047db0                _times_r
                0x02047db8                _gettimeofday_r
 .text          0x02047dfc       0x8c d:/devkitpro/devkitarm/bin/../lib/gcc/arm-eabi/4.5.1/../../../../arm-eabi/lib\libsysbase.a(write.o)
                0x02047dfc                _write_r
 .text          0x02047e88       0x20 d:/devkitpro/devkitarm/bin/../lib/gcc/arm-eabi/4.5.1/../../../../arm-eabi/lib\libsysbase.a(_exit.o)
                0x02047e88                _exit
 .text          0x02047ea8        0x0 d:/devkitpro/devkitarm/bin/../lib/gcc/arm-eabi/4.5.1/../../../../arm-eabi/lib\libsysbase.a(malloc_vars.o)
 .text          0x02047ea8      0x344 d:/devkitpro/devkitarm/bin/../lib/gcc/arm-eabi/4.5.1/../../../../arm-eabi/lib\libsysbase.a(chdir.o)
                0x02047ea8                _concatenate_path
                0x0204803c                chdir
                0x02048184                getcwd
 .text          0x020481ec       0x84 d:/devkitpro/devkitarm/bin/../lib/gcc/arm-eabi/4.5.1/../../../../arm-eabi/lib\libsysbase.a(build_argv.o)
                0x020481ec                build_argv
 .text          0x02048270        0x0 d:/devkitpro/devkitarm/bin/../lib/gcc/arm-eabi/4.5.1/../../../../arm-eabi/lib\libsysbase.a(syscall_support.o)
 .text          0x02048270       0xac d:/devkitpro/devkitarm/bin/../lib/gcc/arm-eabi/4.5.1/../../../../arm-eabi/lib\libsysbase.a(handle_manager.o)
                0x02048270                __release_handle
                0x020482a8                __alloc_handle
                0x02048300                __get_handle
 .text          0x0204831c       0x3c d:/devkitpro/devkitarm/bin/../lib/gcc/arm-eabi/4.5.1\libgcc.a(_aeabi_uldivmod.o)
                0x0204831c                __aeabi_uldivmod
 .text          0x02048358       0x80 d:/devkitpro/devkitarm/bin/../lib/gcc/arm-eabi/4.5.1\libgcc.a(bpabi.o)
                0x02048358                __gnu_ldivmod_helper
                0x02048398                __gnu_uldivmod_helper
 .text          0x020483d8      0xf3c d:/devkitpro/devkitarm/bin/../lib/gcc/arm-eabi/4.5.1\libgcc.a(unwind-arm.o)
                0x02048810                _Unwind_VRS_Get
                0x02048884                _Unwind_VRS_Set
                0x02048cf0                __aeabi_unwind_cpp_pr2
                0x02048cf8                __aeabi_unwind_cpp_pr1
                0x02048d00                __aeabi_unwind_cpp_pr0
                0x02048d08                _Unwind_VRS_Pop
                0x020490a4                _Unwind_GetCFA
                0x020490ac                __gnu_Unwind_RaiseException
                0x02049160                __gnu_Unwind_ForcedUnwind
                0x02049184                __gnu_Unwind_Resume
                0x020491f0                __gnu_Unwind_Resume_or_Rethrow
                0x02049210                _Unwind_Complete
                0x02049214                _Unwind_DeleteException
                0x02049238                __gnu_Unwind_Backtrace
 .text          0x02049314      0x1b0 d:/devkitpro/devkitarm/bin/../lib/gcc/arm-eabi/4.5.1\libgcc.a(libunwind.o)
                0x02049314                __restore_core_regs
                0x02049314                restore_core_regs
                0x02049330                __gnu_Unwind_Restore_VFP
                0x02049338                __gnu_Unwind_Save_VFP
                0x02049340                __gnu_Unwind_Restore_VFP_D
                0x02049348                __gnu_Unwind_Save_VFP_D
                0x02049350                __gnu_Unwind_Restore_VFP_D_16_to_31
                0x02049358                __gnu_Unwind_Save_VFP_D_16_to_31
                0x02049360                __gnu_Unwind_Restore_WMMXD
                0x020493a4                __gnu_Unwind_Save_WMMXD
                0x020493e8                __gnu_Unwind_Restore_WMMXC
                0x020493fc                __gnu_Unwind_Save_WMMXC
                0x02049410                ___Unwind_RaiseException
                0x02049410                _Unwind_RaiseException
                0x02049434                _Unwind_Resume
                0x02049434                ___Unwind_Resume
                0x02049458                _Unwind_Resume_or_Rethrow
                0x02049458                ___Unwind_Resume_or_Rethrow
                0x0204947c                _Unwind_ForcedUnwind
                0x0204947c                ___Unwind_ForcedUnwind
                0x020494a0                ___Unwind_Backtrace
                0x020494a0                _Unwind_Backtrace
 .text          0x020494c4      0x554 d:/devkitpro/devkitarm/bin/../lib/gcc/arm-eabi/4.5.1\libgcc.a(pr-support.o)
                0x02049564                __gnu_unwind_execute
                0x0204998c                __gnu_unwind_frame
                0x020499d4                _Unwind_GetRegionStart
                0x020499e8                _Unwind_GetLanguageSpecificData
                0x02049a08                _Unwind_GetDataRelBase
                0x02049a10                _Unwind_GetTextRelBase
 .text          0x02049a18      0x4b8 d:/devkitpro/devkitarm/bin/../lib/gcc/arm-eabi/4.5.1\libgcc.a(_divdi3.o)
                0x02049a18                __divdi3
 .text          0x02049ed0      0x44c d:/devkitpro/devkitarm/bin/../lib/gcc/arm-eabi/4.5.1\libgcc.a(_udivdi3.o)
                0x02049ed0                __udivdi3
 .text          0x0204a31c       0x48 d:/devkitpro/devkitarm/bin/../lib/gcc/arm-eabi/4.5.1\libgcc.a(_clzsi2.o)
                0x0204a31c                __clzsi2
 .text          0x0204a364        0x0 d:/devkitpro/devkitarm/bin/../lib/gcc/arm-eabi/4.5.1/crtend.o
 .text          0x0204a364        0x0 d:/devkitpro/devkitarm/bin/../lib/gcc/arm-eabi/4.5.1/crtn.o
 *fill*         0x0204a364        0x4 ff
 .text.stub     0x0204a368        0x8 linker stubs
 *(.text.*)
 *(.stub)
 *(.gnu.warning)
 *(.gnu.linkonce.t*)
 *(.glue_7)
 .glue_7        0x00000000        0x0 linker stubs
 *(.glue_7t)
 .glue_7t       0x00000000        0x0 linker stubs
                0x0204a370                . = ALIGN (0x4)

.vfp11_veneer   0x00000000        0x0 load address 0x0204a370
 .vfp11_veneer  0x00000000        0x0 linker stubs

.v4_bx          0x00000000        0x0 load address 0x0204a370
 .v4_bx         0x00000000        0x0 linker stubs

.fini           0x0204a370       0x18
 *(.fini)
 .fini          0x0204a370        0xc d:/devkitpro/devkitarm/bin/../lib/gcc/arm-eabi/4.5.1/crti.o
                0x0204a370                _fini
 .fini          0x0204a37c        0xc d:/devkitpro/devkitarm/bin/../lib/gcc/arm-eabi/4.5.1/crtn.o
                0x0204a388                __text_end = .

.rodata         0x0204a388    0x1af78
 *(.rodata)
 .rodata        0x0204a388     0x3bc8 roll.png.o
                0x0204a388                roll_png