Archive member included because of file (symbol)

d:/devkitPro/libnds/lib\libul.a(ulib.o)
                              CBall.o (ul_sin)
d:/devkitPro/libnds/lib\libul.a(drawing.o)
                              main.o (ulInitGfx)
d:/devkitPro/libnds/lib\libul.a(text.o)
                              main.o (ulDrawString)
d:/devkitPro/libnds/lib\libul.a(VirtualFile.o)
                              d:/devkitPro/libnds/lib\libul.a(text.o) (VirtualFileSources)
d:/devkitPro/libnds/lib\libul.a(texVramManager.o)
                              d:/devkitPro/libnds/lib\libul.a(ulib.o) (ulTexVramInit)
d:/devkitPro/libnds/lib\libul.a(texPalManager.o)
                              d:/devkitPro/libnds/lib\libul.a(ulib.o) (ulTexPalInit)
d:/devkitPro/libnds/lib\libul.a(keys.o)
                              main.o (ulReadKeys)
d:/devkitPro/libnds/lib\libul.a(ulDrawImage.o)
                              CBall.o (ulDrawImage)
d:/devkitPro/libnds/lib\libul.a(ulCreateImagePalette.o)
                              d:/devkitPro/libnds/lib\libul.a(drawing.o) (ulCreateImagePalette)
d:/devkitPro/libnds/lib\libul.a(ulDrawGradientRect.o)
                              main.o (ulDrawGradientRect)
d:/devkitPro/libnds/lib\libul.a(ulLoadImageFilePNG.o)
                              CBall.o (ulLoadImageFilePNG)
d:/devkitPro/libnds/lib\libul.a(ulShowSplashScreen1.o)
                              main.o (ulShowSplashScreen1)
d:/devkitPro/libnds/lib\libul.a(ulShowSplashScreen2.o)
                              main.o (ulShowSplashScreen2)
d:/devkitPro/libnds/lib\libul.a(glWrapper.o)
                              d:/devkitPro/libnds/lib\libul.a(texVramManager.o) (ulChangeVramAllocation)
d:/devkitPro/libnds/lib\libul.a(libLoadPng.o)
                              d:/devkitPro/libnds/lib\libul.a(ulLoadImageFilePNG.o) (ulLoadImagePNG)
d:/devkitPro/libnds/lib\libul.a(ulDrawFillRect.o)
                              d:/devkitPro/libnds/lib\libul.a(ulShowSplashScreen1.o) (ulDrawFillRect)
d:/devkitPro/libnds/lib\libul.a(ulSetImagePixel.o)
                              d:/devkitPro/libnds/lib\libul.a(ulShowSplashScreen1.o) (ulSetImagePixel)
d:/devkitPro/libnds/lib\libul.a(ulGetImagePixel.o)
                              d:/devkitPro/libnds/lib\libul.a(ulShowSplashScreen1.o) (ulGetImagePixel)
d:/devkitPro/libnds/lib\libul.a(textSize.o)
                              d:/devkitPro/libnds/lib\libul.a(ulShowSplashScreen1.o) (ulGetStringWidth)
d:/devkitPro/libnds/lib\libul.a(loading_utility.o)
                              d:/devkitPro/libnds/lib\libul.a(ulLoadImageFilePNG.o) (ul_loadUtilActiveSource)
d:/devkitPro/libnds/lib\libul.a(ulLoadImageFileJPG.o)
                              d:/devkitPro/libnds/lib\libul.a(ulShowSplashScreen2.o) (ulLoadImageFileJPG)
d:/devkitPro/libnds/lib\libul.a(ulLoadImageFileGIF.o)
                              d:/devkitPro/libnds/lib\libul.a(ulShowSplashScreen1.o) (ulLoadImageFileGIF)
d:/devkitPro/libnds/lib\libul.a(libLoadJpg.o)
                              d:/devkitPro/libnds/lib\libul.a(ulLoadImageFileJPG.o) (ulLoadImageJPG)
d:/devkitPro/libnds/lib\libul.a(libLoadGif.o)
                              d:/devkitPro/libnds/lib\libul.a(ulLoadImageFileGIF.o) (ulLoadImageGIF)
d:/devkitPro/libnds/lib\libul.a(dgif_lib.o)
                              d:/devkitPro/libnds/lib\libul.a(libLoadGif.o) (DGifOpen)
d:/devkitPro/libnds/lib\libul.a(gif_err.o)
                              d:/devkitPro/libnds/lib\libul.a(dgif_lib.o) (_GifError)
d:/devkitPro/libnds/lib\libul.a(gifalloc.o)
                              d:/devkitPro/libnds/lib\libul.a(dgif_lib.o) (MakeMapObject)
d:/devkitPro/libnds/lib\libul.a(ulReadEntireFileToMemory.o)
                              d:/devkitPro/libnds/lib\libul.a(libLoadJpg.o) (ulReadEntireFileToMemory)
d:/devkitPro/libnds/lib\libul.a(gba-jpeg-decode.o)
                              d:/devkitPro/libnds/lib\libul.a(libLoadJpg.o) (JPEG_Decoder_ReadImage)
d:/devkitPro/libnds/lib\libpng.a(png.o)
                              d:/devkitPro/libnds/lib\libul.a(libLoadPng.o) (png_get_io_ptr)
d:/devkitPro/libnds/lib\libpng.a(pngread.o)
                              d:/devkitPro/libnds/lib\libul.a(libLoadPng.o) (png_destroy_read_struct)
d:/devkitPro/libnds/lib\libpng.a(pngrio.o)
                              d:/devkitPro/libnds/lib\libul.a(libLoadPng.o) (png_set_read_fn)
d:/devkitPro/libnds/lib\libpng.a(pngrtran.o)
                              d:/devkitPro/libnds/lib\libpng.a(pngread.o) (png_set_strip_16)
d:/devkitPro/libnds/lib\libpng.a(pngmem.o)
                              d:/devkitPro/libnds/lib\libpng.a(pngread.o) (png_set_mem_fn)
d:/devkitPro/libnds/lib\libpng.a(pngerror.o)
                              d:/devkitPro/libnds/lib\libpng.a(pngread.o) (png_set_error_fn)
d:/devkitPro/libnds/lib\libpng.a(pngget.o)
                              d:/devkitPro/libnds/lib\libpng.a(pngread.o) (png_get_valid)
d:/devkitPro/libnds/lib\libpng.a(pngrutil.o)
[...]
Memory Configuration

Name             Origin             Length             Attributes
rom              0x08000000         0x02000000
ewram            0x02000000         0x003ff000
dtcm             0x0b000000         0x00004000
vectors          0x01000000         0x00000100
itcm             0x01000100         0x00007f00
*default*        0x00000000         0xffffffff

Linker script and memory map

                0x01000000                __vectors_start = 0x1000000
                0x01000100                __itcm_start = 0x1000100
                0x023ff000                __ewram_end = 0x23ff000
                0x023ff000                __eheap_end = 0x23ff000
                0x0b000000                __dtcm_start = 0xb000000
                0x0b004000                __dtcm_top = 0xb004000
                0x0b003ff8                __irq_flags = (__dtcm_top - 0x8)
                0x0b003ffc                __irq_vector = (__dtcm_top - 0x4)
                0x0b003f00                __sp_svc = (__dtcm_top - 0x100)
                0x0b003e00                __sp_irq = (__sp_svc - 0x100)
                0x0b003d00                __sp_usr = (__sp_irq - 0x100)

.init           0x02000000      0x248
                0x02000000                __text_start = .
 *(.init)
 .init          0x02000000      0x230 d:/devkitpro/devkitarm/bin/../lib/gcc/arm-eabi/4.5.1/../../../../arm-eabi/lib/ds_arm9_crt0.o
                0x02000000                _start
 .init          0x02000230        0xc d:/devkitpro/devkitarm/bin/../lib/gcc/arm-eabi/4.5.1/crti.o
                0x02000230                _init
 .init          0x0200023c        0xc d:/devkitpro/devkitarm/bin/../lib/gcc/arm-eabi/4.5.1/crtn.o
                0x02000248                . = ALIGN (0x4)

.plt
 *(.plt)

.text           0x02000250    0x3f980
 *(EXCLUDE_FILE(*.itcm*) .text)
 .text          0x02000250        0x0 d:/devkitpro/devkitarm/bin/../lib/gcc/arm-eabi/4.5.1/../../../../arm-eabi/lib/ds_arm9_crt0.o
 .text          0x02000250        0x0 d:/devkitpro/devkitarm/bin/../lib/gcc/arm-eabi/4.5.1/crti.o
 .text          0x02000250       0x94 d:/devkitpro/devkitarm/bin/../lib/gcc/arm-eabi/4.5.1/crtbegin.o
 .text          0x020002e4        0x0 ball.png.o
 .text          0x020002e4      0x21c CBall.o
                0x020002e4                CBall::CBall(int, int, int, int)
                0x020002e4                CBall::CBall(int, int, int, int)
                0x02000388                CBall::~CBall()
                0x02000388                CBall::~CBall()
                0x020003bc                CBall::handle()
                0x02000488                CBall::draw(int)
                0x020004f8                CBall::setColor(unsigned short)
 .text          0x02000500      0x260 main.o
                0x02000500                main
 .text          0x02000760      0x15c d:/devkitPro/libnds/lib\libul.a(ulib.o)
                0x02000760                _initSinTables
                0x0200084c                ulInit
                0x02000884                ulTerminate
                0x02000888                ulGetPowerOf2Count
 .text          0x020008bc     0x148c d:/devkitPro/libnds/lib\libul.a(drawing.o)
                0x020008bc                ulInitGfx
                0x02000930                ulInitDualScreenMode
                0x02000a64                ulStopDualScreenMode
                0x02000a78                ulSetRegCapture
                0x02000adc                ulEndDrawing
                0x02000b0c                ulSetScreenWindow
                0x02000dac                ulSetScreenClipping
                0x02001050                ulResetScreenClipping
                0x020012b4                ulEndFrame
                0x020013e0                ulSyncFrame
                0x0200141c                ulResetScreenView
                0x02001660                ulStartDrawing2D
                0x02001714                ulMoveScreenView
                0x0200172c                ulScaleScreenView
                0x02001744                ulRotateScreenView
                0x020017a4                ulSetAlpha
                0x020017c4                ulRealizeImage
                0x02001928                ulSetTexture
                0x02001998                ulResetImageProperties
                0x020019e8                ulDeleteImage
                0x02001a68                ulCreateImage
                0x02001cd4                ulSetScreenBackgroundColor
                0x02001ce0                ulSetTransparentColor
 .text          0x02001d48      0xa58 d:/devkitPro/libnds/lib\libul.a(text.o)
                0x02001d48                ulDrawChar1BitToImage
                0x02001e9c                ulCreateFont
                0x020021a4                ulLoadFont
                0x0200234c                ulDeleteFont
                0x02002378                ulDrawTile
                0x02002470                ulDrawChar
                0x0200251c                ulDrawString
                0x020025f0                ulDrawTextBox
                0x02002758                ulSetTextColor
                0x02002768                ulInitText
 .text          0x020027a0      0x5fc d:/devkitPro/libnds/lib\libul.a(VirtualFile.o)
                0x020027a0                vfsMemClose
                0x020027a8                vfsMemGetc
                0x020027ec                vfsMemPutc
                0x02002838                vfsMemGets
                0x020029e4                vfsMemSeek
                0x02002a58                vfsMemEof
                0x02002a70                vfsMemPuts
                0x02002aac                vfsMemRead
                0x02002b00                vfsMemWrite
                0x02002b5c                VirtualFileRegisterSource
                0x02002b8c                VirtualFileOpen
                0x02002c28                VirtualFileClose
                0x02002c60                ulSetVirtualFilenameList
                0x02002c7c                ulFindFileInVirtualFilenameList
                0x02002d0c                vfsMemOpen
                0x02002d4c                VirtualFileInit
 .text          0x02002d9c      0x8c0 d:/devkitPro/libnds/lib\libul.a(texVramManager.o)
                0x02002d9c                ulTexVramInit
                0x02002dfc                ulTexVramAllocBlock
                0x02002f64                ulTexVramFreeBlock
                0x020030b4                ulTexImage2D
                0x020032b8                ulInitTextures
                0x0200330c                ulGetNextAvailableTexture
                0x020033f0                ulGenTextures
                0x02003448                ulFreeTextures
                0x020034ac                ulTexParameter
                0x020034e4                ulBindTexture
                0x0200350c                ulBindTextureToGl
                0x02003548                ulSetTexVramParameters
                0x020035e8                ulGetTexVramAvailMemory
                0x02003614                ulGetTexVramTotalMemory
                0x02003624                ulGetTexVramUsedMemory
 .text          0x0200365c      0x584 d:/devkitPro/libnds/lib\libul.a(texPalManager.o)
                0x0200365c                ulTexPalInit
                0x020036bc                ulTexPalAllocBlock
                0x020038cc                ulTexPalFreeBlock
                0x02003a1c                uluTexUnloadPal
                0x02003a24                ulTexLoadPal
                0x02003a70                uluTexLoadPal
                0x02003acc                ulSetTexPalVramParameters
                0x02003b6c                ulGetTexPalAvailMemory
                0x02003b98                ulGetTexPalTotalMemory
                0x02003ba8                ulGetTexPalUsedMemory
 .text          0x02003be0      0x190 d:/devkitPro/libnds/lib\libul.a(keys.o)
                0x02003be0                ulReadKeys
 .text          0x02003d70      0x348 d:/devkitPro/libnds/lib\libul.a(ulDrawImage.o)
                0x02003d70                ulDrawImage
 .text          0x020040b8       0xe8 d:/devkitPro/libnds/lib\libul.a(ulCreateImagePalette.o)
                0x020040b8                ulCreateImagePalette
 .text          0x020041a0       0xbc d:/devkitPro/libnds/lib\libul.a(ulDrawGradientRect.o)
                0x020041a0                ulDrawGradientRect
 .text          0x0200425c       0x68 d:/devkitPro/libnds/lib\libul.a(ulLoadImageFilePNG.o)
                0x0200425c                ulLoadImageFilePNG
 .text          0x020042c4      0xb64 d:/devkitPro/libnds/lib\libul.a(ulShowSplashScreen1.o)
                0x020042c4                ul_splash1_applyMask
                0x02004364                ul_splash1_createCircle
                0x02004420                ul_splash1_createMaskedImage
                0x02004530                ul_splash1_handleFade
                0x02004594                ul_splash1_drawFade
                0x020045f8                ul_splash1_fadeTerminated
                0x02004630                ul_splash1_drawBackText
                0x020046bc                ul_splash1_fillSecondScreen
                0x02004800                ulShowSplashScreen1
 .text          0x02004e28      0x65c d:/devkitPro/libnds/lib\libul.a(ulShowSplashScreen2.o)
                0x02004e28                ul_neoflashlogo_LogoDrawTiles
                0x02004f70                ulShowSplashScreen2
 .text          0x02005484       0x7c d:/devkitPro/libnds/lib\libul.a(glWrapper.o)
                0x02005484                ulChangeVramAllocation
 .text          0x02005500      0x97c d:/devkitPro/libnds/lib\libul.a(libLoadPng.o)
                0x020055e4                ulLoadImagePNG
 .text          0x02005e7c       0x94 d:/devkitPro/libnds/lib\libul.a(ulDrawFillRect.o)
                0x02005e7c                ulDrawFillRect
 .text          0x02005f10       0xb8 d:/devkitPro/libnds/lib\libul.a(ulSetImagePixel.o)
                0x02005f10                ulSetImagePixel
 .text          0x02005fc8       0xa8 d:/devkitPro/libnds/lib\libul.a(ulGetImagePixel.o)
                0x02005fc8                ulGetImagePixel
 .text          0x02006070      0x124 d:/devkitPro/libnds/lib\libul.a(textSize.o)
                0x02006070                ulGetStringWidth
                0x020060a4                ulGetTextBoxHeight
 .text          0x02006194        0x0 d:/devkitPro/libnds/lib\libul.a(loading_utility.o)
 .text          0x02006194       0x68 d:/devkitPro/libnds/lib\libul.a(ulLoadImageFileJPG.o)
                0x02006194                ulLoadImageFileJPG
 .text          0x020061fc       0x68 d:/devkitPro/libnds/lib\libul.a(ulLoadImageFileGIF.o)
                0x020061fc                ulLoadImageFileGIF
 .text          0x02006264       0xf8 d:/devkitPro/libnds/lib\libul.a(libLoadJpg.o)
                0x02006264                ulLoadImageJPG
 .text          0x0200635c      0x65c d:/devkitPro/libnds/lib\libul.a(libLoadGif.o)
                0x0200635c                fnGifReadFunc
                0x02006390                fnCopyLine
                0x020064c0                DGifGetLineByte
                0x02006508                ulLoadImageGIF
 .text          0x020069b8     0x1198 d:/devkitPro/libnds/lib\libul.a(dgif_lib.o)
                0x02006f18                DGifGetScreenDesc
                0x020070d4                DGifOpen
                0x020071fc                DGifGetRecordType
                0x020072bc                DGifGetImageDesc
                0x02007620                DGifGetExtensionNext
                0x020076ec                DGifGetExtension
                0x0200777c                DGifCloseFile
                0x02007840                DGifGetCodeNext
                0x02007914                DGifGetCode
                0x02007958                DGifGetPixel
                0x02007a04                DGifGetLine
                0x02007a9c                DGifGetLZCodes
 .text          0x02007b50       0x18 d:/devkitPro/libnds/lib\libul.a(gif_err.o)
                0x02007b50                GifLastError
 .text          0x02007b68      0x610 d:/devkitPro/libnds/lib\libul.a(gifalloc.o)
                0x02007b68                BitSize
                0x02007b8c                MakeMapObject
                0x02007bfc                FreeMapObject
                0x02007c1c                UnionColorMap
                0x02007df4                ApplyTranslation
                0x02007e2c                MakeExtension
                0x02007e34                AddExtensionBlock
                0x02007ee0                FreeExtension
                0x02007f34                FreeLastSavedImage
                0x02007fa0                MakeSavedImage
                0x020080f0                FreeSavedImages
 .text          0x02008178       0xc0 d:/devkitPro/libnds/lib\libul.a(ulReadEntireFileToMemory.o)
                0x02008178                ulReadEntireFileToMemory
 .text          0x02008238     0x198c d:/devkitPro/libnds/lib\libul.a(gba-jpeg-decode.o)
                0x02008c98                JPEG_IDCT
                0x02008cc0                JPEG_HuffmanTable_Read
                0x02008ed8                JPEG_HuffmanTable_Skip
                0x02008f08                JPEG_Decoder_ReadImage
                0x020096c4                JPEG_FrameHeader_Read
                0x0200977c                JPEG_ScanHeader_Read
                0x02009818                JPEG_Decoder_ReadHeaders
                0x02009b20                JPEG_DecompressImage
                0x02009b84                JPEG_Match
 .text          0x02009bc4      0xa58 d:/devkitPro/libnds/lib\libpng.a(png.o)
                0x02009bc4                png_data_freer
                0x02009bfc                png_get_io_ptr
                0x02009c08                png_init_io
                0x02009c14                png_get_copyright
                0x02009c20                png_get_libpng_ver
                0x02009c2c                png_get_header_ver
                0x02009c38                png_get_header_version
                0x02009c44                png_access_version_number
                0x02009c50                png_mmx_support
                0x02009c58                png_64bit_product
                0x02009ca4                png_check_cHRM_fixed
                0x02009da0                png_reset_zstream
                0x02009dc4                png_handle_as_unknown
                0x02009e2c                png_sig_cmp
                0x02009ea0                png_check_sig
                0x02009ec8                png_zalloc
                0x02009f1c                png_convert_to_rfc1123
                0x02009fe0                png_zfree
                0x02009ff8                png_free_data
                0x0200a42c                png_info_init_3
                0x0200a46c                png_info_destroy
                0x0200a4c8                png_info_init
                0x0200a4f0                png_destroy_info_struct
                0x0200a53c                png_create_info_struct
                0x0200a584                png_calculate_crc
                0x0200a5c8                png_reset_crc
                0x0200a5ec                png_set_sig_bytes
 .text          0x0200a61c     0x1a04 d:/devkitPro/libnds/lib\libpng.a(pngread.o)
                0x0200a61c                png_set_read_status_fn
                0x0200a628                png_read_destroy
                0x0200a874                png_destroy_read_struct
                0x0200a954                png_read_end
                0x0200adfc                png_start_read_image
                0x0200ae24                png_read_row
                0x0200b27c                png_read_image
                0x0200b2e0                png_read_rows
                0x0200b3ac                png_read_update_info
                0x0200b3e4                png_read_info
                0x0200b954                png_read_png
                0x0200bb24                png_read_init_3
                0x0200bc78                png_read_init_2
                0x0200bd40                png_read_init
                0x0200bd54                png_create_read_struct_2
                0x0200bff8                png_create_read_struct
 .text          0x0200c020       0xa0 d:/devkitPro/libnds/lib\libpng.a(pngrio.o)
                0x0200c020                png_set_read_fn
                0x0200c054                png_default_read_data
                0x0200c090                png_read_data
 .text          0x0200c0c0     0x5814 d:/devkitPro/libnds/lib\libpng.a(pngrtran.o)
                0x0200c0c0                png_set_crc_action
                0x0200c168                png_set_strip_16
                0x0200c17c                png_set_strip_alpha
                0x0200c190                png_set_gamma
                0x0200c24c                png_set_expand
                0x0200c274                png_set_palette_to_rgb
                0x0200c29c                png_set_expand_gray_1_2_4_to_8
                0x0200c2c0                png_set_gray_1_2_4_to_8
                0x0200c2d8                png_set_tRNS_to_alpha
                0x0200c2f8                png_set_gray_to_rgb
                0x0200c314                png_set_rgb_to_gray_fixed
                0x0200c414                png_set_rgb_to_gray
                0x0200c4b0                png_set_read_user_transform_fn
                0x0200c4c8                png_read_transform_info
                0x0200c720                png_do_unpack
                0x0200c870                png_do_unshift
                0x0200ca88                png_do_chop
                0x0200cae0                png_do_read_swap_alpha
                0x0200cc20                png_do_read_invert_alpha
                0x0200cd20                png_do_read_filler
                0x0200d018                png_do_gray_to_rgb
                0x0200d20c                png_do_rgb_to_gray
                0x0200d8a8                png_build_grayscale_palette
                0x0200d95c                png_do_gamma
                0x0200dda8                png_do_expand_palette
                0x0200e048                png_do_expand
                0x0200e4c4                png_do_dither
                0x0200e638                png_do_read_intrapixel
                0x0200e74c                png_build_gamma_table
                0x0200ee68                png_init_read_transformations
                0x0200fba0                png_do_background
                0x02010bd4                png_set_background
                0x02010c3c                png_do_read_transformations
                0x020110a8                png_set_dither
 .text          0x020118d4      0x270 d:/devkitPro/libnds/lib\libpng.a(pngmem.o)
                0x020118d4                png_set_mem_fn
                0x020118e8                png_get_mem_ptr
                0x020118f4                png_memset_check
                0x02011918                png_memcpy_check
                0x0201193c                png_free_default
                0x02011960                png_free
                0x020119a4                png_destroy_struct_2
                0x020119e8                png_destroy_struct
                0x020119f4                png_malloc_default
                0x02011a1c                png_malloc
                0x02011a80                png_malloc_warn
                0x02011ab4                png_create_struct_2
                0x02011b38                png_create_struct
 .text          0x02011b44      0x128 d:/devkitPro/libnds/lib\libpng.a(pngerror.o)
                0x02011b44                png_set_error_fn
                0x02011b58                png_get_error_ptr
                0x02011b64                png_set_strip_error_numbers
                0x02011b7c                png_err
 .text          0x02011c6c      0xb28 d:/devkitPro/libnds/lib\libpng.a(pngget.o)
                0x02011c6c                png_get_valid
                0x02011c88                png_get_rowbytes
                0x02011ca0                png_get_rows
                0x02011cb8                png_get_image_width
                0x02011cd0                png_get_image_height
                0x02011ce8                png_get_bit_depth
                0x02011d00                png_get_color_type
                0x02011d18                png_get_filter_type
                0x02011d30                png_get_interlace_type
                0x02011d48                png_get_compression_type
                0x02011d60                png_get_x_pixels_per_meter
                0x02011d90                png_get_y_pixels_per_meter
                0x02011dc0                png_get_pixels_per_meter
                0x02011dfc                png_get_pixel_aspect_ratio
                0x02011e5c                png_get_x_offset_microns
                0x02011e8c                png_get_y_offset_microns
                0x02011ebc                png_get_x_offset_pixels
                0x02011eec                png_get_y_offset_pixels
                0x02011f1c                png_get_channels
                0x02011f34                png_get_signature
                0x02011f4c                png_get_bKGD
                0x02011f84                png_get_cHRM
                0x02012080                png_get_cHRM_fixed
                0x02012124                png_get_gAMA
                0x02012170                png_get_gAMA_fixed
                0x020121a8                png_get_sRGB
                0x020121e0                png_get_iCCP
                0x02012254                png_get_sPLT
                0x0201227c                png_get_hIST
                0x020122b4                png_get_oFFs
                0x0201231c                png_get_pCAL
                0x020123c8                png_get_sCAL
                0x02012424                png_get_pHYs
                0x02012484                png_get_PLTE
                0x020124cc                png_get_sBIT
                0x02012504                png_get_text
                0x02012554                png_get_tIME
                0x0201258c                png_get_tRNS
                0x02012620                png_get_unknown_chunks
                0x02012648                png_get_rgb_to_gray_status
                0x02012654                png_get_user_chunk_ptr
                0x02012660                png_get_asm_flags
                0x02012668                png_get_asm_flagmask
                0x02012670                png_get_mmx_flagmask
                0x02012680                png_get_mmx_bitdepth_threshold
                0x02012688                png_get_mmx_rowbytes_threshold
                0x02012690                png_get_user_width_max
                0x0201269c                png_get_user_height_max
                0x020126a8                png_get_IHDR
 .text          0x02012794     0x32c0 d:/devkitPro/libnds/lib\libpng.a(pngrutil.o)
                0x02012794                png_get_uint_32
                0x020127b4                png_get_int_32
                0x020127d4                png_get_uint_16
                0x020127ec                png_read_filter_row
                0x020129b8                png_check_chunk_name
                0x02012a70                png_get_uint_31
                0x02012aa0                png_read_start_row
                0x02012db0                png_crc_error
                0x02012e38                png_do_read_interlace
                0x02013240                png_combine_row
                0x020134f8                png_decompress_chunk
                0x0201384c                png_crc_read
                0x0201387c                png_crc_finish
                0x02013904                png_handle_IEND
                0x02013944                png_read_finish_row
                0x02013b98                png_handle_unknown
                0x02013cfc                png_handle_zTXt
                0x02013e84                png_handle_tEXt
                0x02013fb8                png_handle_tIME
                0x02014098                png_handle_sCAL
                0x0201425c                png_handle_pCAL
                0x0201451c                png_handle_oFFs
                0x020145fc                png_handle_pHYs
                0x020146dc                png_handle_hIST
                0x020147cc                png_handle_bKGD
                0x02014970                png_handle_tRNS
                0x02014b08                png_handle_sPLT
                0x02014d60                png_handle_iCCP
                0x02014f10                png_handle_sRGB
                0x02015000                png_handle_cHRM
                0x020154d4                png_handle_sBIT
                0x020155e0                png_handle_gAMA
                0x02015724                png_handle_PLTE
                0x02015884                png_handle_IHDR
                0x020159dc                png_read_chunk_header
 .text          0x02015a54      0x704 d:/devkitPro/libnds/lib\libpng.a(pngtrans.o)
                0x02015a54                png_set_bgr
                0x02015a68                png_set_swap
                0x02015a88                png_set_packing
                0x02015ab0                png_set_packswap
                0x02015ad0                png_set_shift
                0x02015b08                png_set_interlace_handling
                0x02015b38                png_set_filler
                0x02015ba0                png_set_add_alpha
                0x02015bc4                png_set_swap_alpha
                0x02015bd8                png_set_invert_alpha
                0x02015bec                png_set_invert_mono
                0x02015c00                png_do_invert
                0x02015cbc                png_do_swap
                0x02015d00                png_do_packswap
                0x02015d60                png_do_strip_filler
                0x02016014                png_do_bgr
                0x02016138                png_set_user_transform_info
                0x0201614c                png_get_user_transform_ptr
 .text          0x02016158     0x1438 d:/devkitPro/libnds/lib\libpng.a(pngset.o)
                0x02016158                png_set_cHRM
                0x02016360                png_set_gAMA
                0x020163f8                png_set_gAMA_fixed
                0x02016450                png_set_oFFs
                0x02016480                png_set_sCAL
                0x020164c4                png_set_pHYs
                0x020164f4                png_set_sRGB
                0x02016510                png_set_unknown_chunk_location
                0x02016548                png_permit_empty_plte
                0x02016564                png_permit_mng_features
                0x02016578                png_set_read_user_chunk_fn
                0x02016588                png_set_invalid
                0x020165a0                png_set_asm_flags
                0x020165b0                png_set_mmx_thresholds
                0x020165b4                png_set_user_limits
                0x020165c4                png_set_rows
                0x02016620                png_set_tRNS
                0x020166d8                png_set_tIME
                0x0201671c                png_set_sBIT
                0x02016754                png_set_bKGD
                0x0201678c                png_set_keep_unknown_chunks
                0x02016888                png_set_unknown_chunks
                0x02016994                png_set_hIST
                0x02016a48                png_set_sPLT
                0x02016b90                png_set_text_2
                0x02016d70                png_set_iCCP
                0x02016e58                png_set_text
                0x02016e78                png_set_IHDR
                0x02017084                png_set_cHRM_fixed
                0x02017200                png_set_sRGB_gAMA_and_cHRM
                0x02017374                png_set_PLTE
                0x02017434                png_set_pCAL
 .text          0x02017590      0x934 d:/devkitPro/libnds/lib\libz.a(crc32.o)
                0x02017590                get_crc_table
                0x0201759c                crc32
                0x02017ce0                crc32_combine
 .text          0x02017ec4     0x1e8c d:/devkitPro/libnds/lib\libz.a(inflate.o)
                0x02017ec4                inflateReset
                0x02017f40                inflatePrime
                0x02017f9c                inflateInit2_
                0x020180b8                inflateInit_
                0x020180c8                inflateEnd
                0x02018130                inflateGetHeader
                0x0201816c                inflateSync
                0x02018310                inflateSyncPoint
                0x0201834c                inflateCopy
                0x02018614                inflateSetDictionary
                0x0201870c                inflate
 .text          0x02019d50      0x590 d:/devkitPro/libnds/lib\libz.a(inftrees.o)
                0x02019d50                inflate_table
 .text          0x0201a2e0      0x570 d:/devkitPro/libnds/lib\libz.a(inffast.o)
                0x0201a2e0                inflate_fast
 .text          0x0201a850      0x3fc d:/devkitPro/libnds/lib\libz.a(adler32.o)
                0x0201a850                adler32
                0x0201ab90                adler32_combine
 .text          0x0201ac4c       0x60 d:/devkitPro/libnds/lib\libz.a(zutil.o)
                0x0201ac4c                zlibVersion
                0x0201ac58                zlibCompileFlags
                0x0201ac60                zError
                0x0201ac74                zcfree
                0x0201ac90                zcalloc
 .text          0x0201acac       0x94 d:/devkitPro/libnds/lib\libnds9.a(dynamicArray.o)
                0x0201acac                DynamicArrayInit
                0x0201acc4                DynamicArrayDelete
                0x0201acd8                DynamicArrayGet
                0x0201acf4                DynamicArraySet
 .text          0x0201ad40       0xf8 d:/devkitPro/libnds/lib\libnds9.a(keys.o)
                0x0201ad40                scanKeys
                0x0201adb0                keysHeld
                0x0201adbc                keysDown
                0x0201adcc                keysDownRepeat
                0x0201addc                keysSetRepeat
                0x0201adf4                keysUp
                0x0201ae04                keysCurrent
 .text          0x0201ae38       0xf4 d:/devkitPro/libnds/lib\libnds9.a(system.o)
                0x0201ae38                systemMsgHandler
                0x0201ae7c                systemSleep
                0x0201ae94                powerValueHandler
                0x0201aea4                powerOn
                0x0201aed0                powerOff
                0x0201aef8                ledBlink
                0x0201af0c                getBatteryLevel
 .text          0x0201af2c       0x4c d:/devkitPro/libnds/lib\libnds9.a(touch.o)
                0x0201af2c                touchRead
                0x0201af54                touchReadXY
 .text          0x0201af78      0x238 d:/devkitPro/libnds/lib\libnds9.a(trig.o)
                0x0201af78                asinComp
                0x0201af9c                sinLutLookup
                0x0201afd8                sinLerp
                0x0201b00c                cosLerp
                0x0201b024                tanLutLookup
                0x0201b05c                tanLerp
                0x0201b10c                asinLerp
                0x0201b174                acosLerp
                0x0201b18c                atanComp
 .text          0x0201b1b0     0x14b8 d:/devkitPro/libnds/lib\libnds9.a(videoGL.o)
                0x0201b1b0                glGetGlobals
                0x0201b1b8                glRotatef32i
                0x0201b494                glMaterialf
                0x0201b504                glTexCoord2f32
                0x0201b578                vramBlock_init
                0x0201b5e4                vramBlock_Construct
                0x0201b60c                vramBlock_terminate
                0x0201b638                vramBlock_Deconstruct
                0x0201b64c                vramBlock__allocateBlock
                0x0201b7ac                vramBlock__deallocateBlock
                0x0201b8c4                vramBlock_examineSpecial
                0x0201bb00                vramBlock_allocateSpecial
                0x0201bb6c                vramBlock_allocateBlock
                0x0201bba4                vramBlock_deallocateBlock
                0x0201bbe8                vramBlock_deallocateAll
                0x0201bbf8                vramBlock_getAddr
                0x0201bc0c                vramBlock_getSize
                0x0201bc20                glInit_C
                0x0201bdc0                glResetTextures
                0x0201be48                removePaletteFromTexture
                0x0201beb8                glGenTextures
                0x0201bf54                glDeleteTextures
                0x0201c02c                vramGetBank
                0x0201c0ec                glBindTexture
                0x0201c150                glColorTableEXT
                0x0201c2b8                glAssignColorTable
                0x0201c32c                glTexParameter
                0x0201c364                glGetTexturePointer
                0x0201c384                glGetTexParameter
                0x0201c3a4                glTexImage2D
 .text          0x0201c668      0x14c d:/devkitPro/libnds/lib\libnds9.a(initSystem.o)
                0x0201c668                initSystem
 .text          0x0201c7b4      0xc98 d:/devkitPro/libnds/lib\libnds9.a(fifosystem.o)
                0x0201ca24                fifoSendAddress
                0x0201ca50                fifoSendValue32
                0x0201ca90                fifoSendDatamsg
                0x0201cb08                fifoGetAddress
                0x0201cb78                fifoSetAddressHandler
                0x0201cbec                fifoGetValue32
                0x0201cc58                fifoSetValue32Handler
                0x0201cccc                fifoGetDatamsg
                0x0201d15c                fifoSetDatamsgHandler
                0x0201d1f4                fifoCheckAddress
                0x0201d218                fifoCheckDatamsg
                0x0201d23c                fifoCheckValue32
                0x0201d260                fifoInit
 .text          0x0201d44c      0x1cc d:/devkitPro/libnds/lib\libnds9.a(interrupts.o)
                0x0201d44c                irqDummy
                0x0201d450                irqSet
                0x0201d4bc                irqInit
                0x0201d508                irqInitHandler
                0x0201d538                irqEnable
                0x0201d598                irqDisable
                0x0201d5ec                irqClear
 .text          0x0201d618       0x40 d:/devkitPro/libnds/lib\libnds9.a(libnds_exit.o)
                0x0201d618                systemErrorExit
                0x0201d61c                __libnds_exit
 .text          0x0201d658      0x1b4 d:/devkitPro/libnds/lib\libnds9.a(mpu_setup.o)
                0x0201d658                __libnds_mpu_setup
                0x0201d798                memCached
                0x0201d7b0                memUncached
 *fill*         0x0201d80c        0x4 ff
 .text          0x0201d810       0x70 d:/devkitPro/libnds/lib\libnds9.a(biosCalls.o)
                0x0201d810                swiDelay
                0x0201d814                swiIntrWait
                0x0201d818                swiWaitForVBlank
                0x0201d81c                swiSleep
                0x0201d820                swiChangeSoundBias
                0x0201d824                swiDivide
                0x0201d828                swiRemainder
                0x0201d82e                swiDivMod
                0x0201d83a                swiCopy
                0x0201d83e                swiFastCopy
                0x0201d842                swiSqrt
                0x0201d846                swiCRC16
                0x0201d84a                swiIsDebugger
                0x0201d84e                swiUnpackBits
                0x0201d852                swiDecompressLZSSWram
                0x0201d856                swiDecompressLZSSVramNTR
                0x0201d85a                swiDecompressLZSSVramTWL
                0x0201d85e                swiDecompressHuffman
                0x0201d862                swiDecompressRLEWram
                0x0201d866                swiDecompressRLEVram
                0x0201d86a                swiWaitForIRQ
                0x0201d86e                swiDecodeDelta8
                0x0201d872                swiDecodeDelta16
                0x0201d876                swiSetHaltCR
 .text          0x0201d880        0x0 d:/devkitPro/libnds/lib\libnds9.a(interruptDispatcher.o)
 .text          0x0201d880       0x30 d:/devkitPro/libnds/lib\libnds9.a(swiSoftReset.o)
                0x0201d880                swiSoftReset
 .text          0x0201d8b0      0x148 d:/devkitPro/libnds/lib\libnds9.a(video.o)
                0x0201d8b0                vramSetPrimaryBanks
                0x0201d8f4                vramSetMainBanks
                0x0201d938                vramSetBanks_EFG
                0x0201d970                vramRestorePrimaryBanks
                0x0201d97c                vramRestoreMainBanks
                0x0201d988                vramRestoreBanks_EFG
                0x0201d994                setBrightness
                0x0201d9d4                vramDefault
 .text          0x0201d9f8        0x0 d:/devkitpro/devkitarm/bin/../lib/gcc/arm-eabi/4.5.1/../../../../arm-eabi/lib\libstdc++.a(new_op.o)
 .text          0x0201d9f8        0x0 d:/devkitpro/devkitarm/bin/../lib/gcc/arm-eabi/4.5.1/../../../../arm-eabi/lib\libstdc++.a(eh_alloc.o)
 .text          0x0201d9f8       0x10 d:/devkitpro/devkitarm/bin/../lib/gcc/arm-eabi/4.5.1/../../../../arm-eabi/lib\libstdc++.a(eh_arm.o)
                0x0201d9f8                __cxa_end_cleanup
 .text          0x0201da08        0x0 d:/devkitpro/devkitarm/bin/../lib/gcc/arm-eabi/4.5.1/../../../../arm-eabi/lib\libstdc++.a(eh_aux_runtime.o)
 .text          0x0201da08        0x0 d:/devkitpro/devkitarm/bin/../lib/gcc/arm-eabi/4.5.1/../../../../arm-eabi/lib\libstdc++.a(eh_call.o)
 .text          0x0201da08        0x0 d:/devkitpro/devkitarm/bin/../lib/gcc/arm-eabi/4.5.1/../../../../arm-eabi/lib\libstdc++.a(eh_catch.o)
 .text          0x0201da08        0x0 d:/devkitpro/devkitarm/bin/../lib/gcc/arm-eabi/4.5.1/../../../../arm-eabi/lib\libstdc++.a(eh_exception.o)
 .text          0x0201da08        0x0 d:/devkitpro/devkitarm/bin/../lib/gcc/arm-eabi/4.5.1/../../../../arm-eabi/lib\libstdc++.a(eh_globals.o)
 .text          0x0201da08        0x0 d:/devkitpro/devkitarm/bin/../lib/gcc/arm-eabi/4.5.1/../../../../arm-eabi/lib\libstdc++.a(eh_personality.o)
 .text          0x0201da08        0x0 d:/devkitpro/devkitarm/bin/../lib/gcc/arm-eabi/4.5.1/../../../../arm-eabi/lib\libstdc++.a(eh_terminate.o)
 .text          0x0201da08        0x0 d:/devkitpro/devkitarm/bin/../lib/gcc/arm-eabi/4.5.1/../../../../arm-eabi/lib\libstdc++.a(eh_term_handler.o)
 .text          0x0201da08        0x0 d:/devkitpro/devkitarm/bin/../lib/gcc/arm-eabi/4.5.1/../../../../arm-eabi/lib\libstdc++.a(eh_throw.o)
 .text          0x0201da08        0x0 d:/devkitpro/devkitarm/bin/../lib/gcc/arm-eabi/4.5.1/../../../../arm-eabi/lib\libstdc++.a(eh_unex_handler.o)
 .text          0x0201da08        0x0 d:/devkitpro/devkitarm/bin/../lib/gcc/arm-eabi/4.5.1/../../../../arm-eabi/lib\libstdc++.a(fundamental_type_info.o)
 .text          0x0201da08        0x0 d:/devkitpro/devkitarm/bin/../lib/gcc/arm-eabi/4.5.1/../../../../arm-eabi/lib\libstdc++.a(new_handler.o)
 .text          0x0201da08        0x0 d:/devkitpro/devkitarm/bin/../lib/gcc/arm-eabi/4.5.1/../../../../arm-eabi/lib\libstdc++.a(pointer_type_info.o)
 .text          0x0201da08        0x0 d:/devkitpro/devkitarm/bin/../lib/gcc/arm-eabi/4.5.1/../../../../arm-eabi/lib\libstdc++.a(pure.o)
 .text          0x0201da08        0x0 d:/devkitpro/devkitarm/bin/../lib/gcc/arm-eabi/4.5.1/../../../../arm-eabi/lib\libstdc++.a(si_class_type_info.o)
 .text          0x0201da08        0x0 d:/devkitpro/devkitarm/bin/../lib/gcc/arm-eabi/4.5.1/../../../../arm-eabi/lib\libstdc++.a(tinfo.o)
 .text          0x0201da08        0x0 d:/devkitpro/devkitarm/bin/../lib/gcc/arm-eabi/4.5.1/../../../../arm-eabi/lib\libstdc++.a(vterminate.o)
 .text          0x0201da08        0x0 d:/devkitpro/devkitarm/bin/../lib/gcc/arm-eabi/4.5.1/../../../../arm-eabi/lib\libstdc++.a(bad_cast.o)
 .text          0x0201da08        0x0 d:/devkitpro/devkitarm/bin/../lib/gcc/arm-eabi/4.5.1/../../../../arm-eabi/lib\libstdc++.a(bad_typeid.o)
 .text          0x0201da08        0x0 d:/devkitpro/devkitarm/bin/../lib/gcc/arm-eabi/4.5.1/../../../../arm-eabi/lib\libstdc++.a(class_type_info.o)
 .text          0x0201da08     0x7138 d:/devkitpro/devkitarm/bin/../lib/gcc/arm-eabi/4.5.1/../../../../arm-eabi/lib\libstdc++.a(cp-demangle.o)
                0x020249c8                __cxa_demangle
                0x02024b10                __gcclibcxx_demangle_callback
 .text          0x02024b40        0x0 d:/devkitpro/devkitarm/bin/../lib/gcc/arm-eabi/4.5.1/../../../../arm-eabi/lib\libstdc++.a(del_op.o)
 .text          0x02024b40        0x0 d:/devkitpro/devkitarm/bin/../lib/gcc/arm-eabi/4.5.1/../../../../arm-eabi/lib\libstdc++.a(eh_type.o)
 .text          0x02024b40        0x0 d:/devkitpro/devkitarm/bin/../lib/gcc/arm-eabi/4.5.1/../../../../arm-eabi/lib\libstdc++.a(pbase_type_info.o)
 .text          0x02024b40      0x104 d:/devkitpro/devkitarm/bin/../lib/gcc/arm-eabi/4.5.1/../../../../arm-eabi/lib\libm.a(lib_a-s_cos.o)
                0x02024b40                cos
 .text          0x02024c44      0x110 d:/devkitpro/devkitarm/bin/../lib/gcc/arm-eabi/4.5.1/../../../../arm-eabi/lib\libm.a(lib_a-s_sin.o)
                0x02024c44                sin
 .text          0x02024d54      0x520 d:/devkitpro/devkitarm/bin/../lib/gcc/arm-eabi/4.5.1/../../../../arm-eabi/lib\libm.a(lib_a-w_pow.o)
                0x02024d54                pow
 *fill*         0x02025274        0x4 ff
 .text          0x02025278      0xff8 d:/devkitpro/devkitarm/bin/../lib/gcc/arm-eabi/4.5.1/../../../../arm-eabi/lib\libm.a(lib_a-e_pow.o)
                0x02025278                __ieee754_pow
 .text          0x02026270      0x678 d:/devkitpro/devkitarm/bin/../lib/gcc/arm-eabi/4.5.1/../../../../arm-eabi/lib\libm.a(lib_a-e_rem_pio2.o)
                0x02026270                __ieee754_rem_pio2
 .text          0x020268e8      0x238 d:/devkitpro/devkitarm/bin/../lib/gcc/arm-eabi/4.5.1/../../../../arm-eabi/lib\libm.a(lib_a-e_sqrt.o)
                0x020268e8                __ieee754_sqrt
 .text          0x02026b20      0x358 d:/devkitpro/devkitarm/bin/../lib/gcc/arm-eabi/4.5.1/../../../../arm-eabi/lib\libm.a(lib_a-k_cos.o)
                0x02026b20                __kernel_cos
 .text          0x02026e78      0xb08 d:/devkitpro/devkitarm/bin/../lib/gcc/arm-eabi/4.5.1/../../../../arm-eabi/lib\libm.a(lib_a-k_rem_pio2.o)
                0x02026e78                __kernel_rem_pio2
 .text          0x02027980      0x218 d:/devkitpro/devkitarm/bin/../lib/gcc/arm-eabi/4.5.1/../../../../arm-eabi/lib\libm.a(lib_a-k_sin.o)
                0x02027980                __kernel_sin
 .text          0x02027b98       0x14 d:/devkitpro/devkitarm/bin/../lib/gcc/arm-eabi/4.5.1/../../../../arm-eabi/lib\libm.a(lib_a-s_fabs.o)
                0x02027b98                fabs
 .text          0x02027bac       0x14 d:/devkitpro/devkitarm/bin/../lib/gcc/arm-eabi/4.5.1/../../../../arm-eabi/lib\libm.a(lib_a-s_finite.o)
                0x02027bac                finite
 .text          0x02027bc0      0x198 d:/devkitpro/devkitarm/bin/../lib/gcc/arm-eabi/4.5.1/../../../../arm-eabi/lib\libm.a(lib_a-s_floor.o)
                0x02027bc0                floor
 .text          0x02027d58       0x8c d:/devkitpro/devkitarm/bin/../lib/gcc/arm-eabi/4.5.1/../../../../arm-eabi/lib\libm.a(lib_a-s_fpclassify.o)
                0x02027d58                __fpclassifyd
 .text          0x02027de4        0x0 d:/devkitpro/devkitarm/bin/../lib/gcc/arm-eabi/4.5.1/../../../../arm-eabi/lib\libm.a(lib_a-s_lib_ver.o)
 .text          0x02027de4        0x8 d:/devkitpro/devkitarm/bin/../lib/gcc/arm-eabi/4.5.1/../../../../arm-eabi/lib\libm.a(lib_a-s_matherr.o)
                0x02027de4                matherr
 .text          0x02027dec       0x10 d:/devkitpro/devkitarm/bin/../lib/gcc/arm-eabi/4.5.1/../../../../arm-eabi/lib\libm.a(lib_a-s_nan.o)
                0x02027dec                nan
 .text          0x02027dfc      0x19c d:/devkitpro/devkitarm/bin/../lib/gcc/arm-eabi/4.5.1/../../../../arm-eabi/lib\libm.a(lib_a-s_rint.o)
                0x02027dfc                rint
 .text          0x02027f98      0x1a8 d:/devkitpro/devkitarm/bin/../lib/gcc/arm-eabi/4.5.1/../../../../arm-eabi/lib\libm.a(lib_a-s_scalbn.o)
                0x02027f98                scalbn
 .text          0x02028140       0x24 d:/devkitpro/devkitarm/bin/../lib/gcc/arm-eabi/4.5.1/../../../../arm-eabi/lib\libm.a(lib_a-s_copysign.o)
                0x02028140                copysign
 .text          0x02028164      0x114 d:/devkitpro/devkitarm/bin/../lib/gcc/arm-eabi/4.5.1\libgcc.a(_udivsi3.o)
                0x02028164                __aeabi_uidiv
                0x02028164                __udivsi3
                0x02028258                __aeabi_uidivmod
 .text          0x02028278      0x148 d:/devkitpro/devkitarm/bin/../lib/gcc/arm-eabi/4.5.1\libgcc.a(_divsi3.o)
                0x02028278                __divsi3
                0x02028278                __aeabi_idiv
                0x020283a0                __aeabi_idivmod
 .text          0x020283c0        0x4 d:/devkitpro/devkitarm/bin/../lib/gcc/arm-eabi/4.5.1\libgcc.a(_dvmd_tls.o)
                0x020283c0                __aeabi_idiv0
                0x020283c0                __aeabi_ldiv0
 .text          0x020283c4      0x41c d:/devkitpro/devkitarm/bin/../lib/gcc/arm-eabi/4.5.1\libgcc.a(_arm_addsubdf3.o)
                0x020283c4                __aeabi_drsub
                0x020283cc                __aeabi_dsub
                0x020283cc                __subdf3
                0x020283d0                __aeabi_dadd
                0x020283d0                __adddf3
                0x020286e0                __floatunsidf
                0x020286e0                __aeabi_ui2d
                0x02028704                __floatsidf
                0x02028704                __aeabi_i2d
                0x0202872c                __aeabi_f2d
                0x0202872c                __extendsfdf2
                0x0202876c                __floatundidf
                0x0202876c                __aeabi_ul2d
                0x02028780                __floatdidf
                0x02028780                __aeabi_l2d
 .text          0x020287e0      0x49c d:/devkitpro/devkitarm/bin/../lib/gcc/arm-eabi/4.5.1\libgcc.a(_arm_muldivdf3.o)
                0x020287e0                __aeabi_dmul
                0x020287e0                __muldf3
                0x02028a70                __divdf3
                0x02028a70                __aeabi_ddiv
 .text          0x02028c7c      0x144 d:/devkitpro/devkitarm/bin/../lib/gcc/arm-eabi/4.5.1\libgcc.a(_arm_cmpdf2.o)
                0x02028c7c                __gtdf2
                0x02028c7c                __gedf2
                0x02028c84                __ltdf2
                0x02028c84                __ledf2
                0x02028c8c                __nedf2
                0x02028c8c                __eqdf2
                0x02028c8c                __cmpdf2
                0x02028d14                __aeabi_cdrcmple
                0x02028d30                __aeabi_cdcmpeq
                0x02028d30                __aeabi_cdcmple
                0x02028d48                __aeabi_dcmpeq
                0x02028d60                __aeabi_dcmplt
                0x02028d78                __aeabi_dcmple
                0x02028d90                __aeabi_dcmpge
                0x02028da8                __aeabi_dcmpgt
 .text          0x02028dc0       0x5c d:/devkitpro/devkitarm/bin/../lib/gcc/arm-eabi/4.5.1\libgcc.a(_arm_fixdfsi.o)
                0x02028dc0                __aeabi_d2iz
                0x02028dc0                __fixdfsi
 .text          0x02028e1c       0x54 d:/devkitpro/devkitarm/bin/../lib/gcc/arm-eabi/4.5.1\libgcc.a(_arm_fixunsdfsi.o)
                0x02028e1c                __aeabi_d2uiz
                0x02028e1c                __fixunsdfsi
 .text          0x02028e70       0xa0 d:/devkitpro/devkitarm/bin/../lib/gcc/arm-eabi/4.5.1\libgcc.a(_arm_truncdfsf2.o)
                0x02028e70                __truncdfsf2
                0x02028e70                __aeabi_d2f
 .text          0x02028f10      0x2ac d:/devkitpro/devkitarm/bin/../lib/gcc/arm-eabi/4.5.1\libgcc.a(_arm_addsubsf3.o)
                0x02028f10                __aeabi_frsub
                0x02028f18                __subsf3
                0x02028f18                __aeabi_fsub
                0x02028f1c                __aeabi_fadd
                0x02028f1c                __addsf3
                0x020290d8                __aeabi_ui2f
                0x020290d8                __floatunsisf
                0x020290e0                __aeabi_i2f
                0x020290e0                __floatsisf
                0x02029100                __aeabi_ul2f
                0x02029100                __floatundisf
                0x02029110                __aeabi_l2f
                0x02029110                __floatdisf
 .text          0x020291bc      0x2f8 d:/devkitpro/devkitarm/bin/../lib/gcc/arm-eabi/4.5.1\libgcc.a(_arm_muldivsf3.o)
                0x020291bc                __mulsf3
                0x020291bc                __aeabi_fmul
                0x02029354                __aeabi_fdiv
                0x02029354                __divsf3
 .text          0x020294b4      0x114 d:/devkitpro/devkitarm/bin/../lib/gcc/arm-eabi/4.5.1\libgcc.a(_arm_cmpsf2.o)
                0x020294b4                __gesf2
                0x020294b4                __gtsf2
                0x020294bc                __lesf2
                0x020294bc                __ltsf2
                0x020294c4                __nesf2
                0x020294c4                __eqsf2
                0x020294c4                __cmpsf2
                0x02029528                __aeabi_cfrcmple
                0x02029538                __aeabi_cfcmpeq
                0x02029538                __aeabi_cfcmple
                0x02029550                __aeabi_fcmpeq
                0x02029568                __aeabi_fcmplt
                0x02029580                __aeabi_fcmple
                0x02029598                __aeabi_fcmpge
                0x020295b0                __aeabi_fcmpgt
 .text          0x020295c8       0x5c d:/devkitpro/devkitarm/bin/../lib/gcc/arm-eabi/4.5.1\libgcc.a(_arm_fixsfsi.o)
                0x020295c8                __aeabi_f2iz
                0x020295c8                __fixsfsi
 .text          0x02029624       0x54 d:/devkitpro/devkitarm/bin/../lib/gcc/arm-eabi/4.5.1\libgcc.a(_arm_fixunssfsi.o)
                0x02029624                __fixunssfsi
                0x02029624                __aeabi_f2uiz
 .text          0x02029678       0x48 d:/devkitpro/devkitarm/bin/../lib/gcc/arm-eabi/4.5.1\libgcc.a(_muldi3.o)
                0x02029678                __muldi3
                0x02029678                __aeabi_lmul
 .text          0x020296c0      0xf3c d:/devkitpro/devkitarm/bin/../lib/gcc/arm-eabi/4.5.1\libgcc.a(unwind-arm.o)
                0x02029af8                _Unwind_VRS_Get
                0x02029b6c                _Unwind_VRS_Set
                0x02029fd8                __aeabi_unwind_cpp_pr2
                0x02029fe0                __aeabi_unwind_cpp_pr1
                0x02029fe8                __aeabi_unwind_cpp_pr0
                0x02029ff0                _Unwind_VRS_Pop
                0x0202a38c                _Unwind_GetCFA
                0x0202a394                __gnu_Unwind_RaiseException
                0x0202a448                __gnu_Unwind_ForcedUnwind
                0x0202a46c                __gnu_Unwind_Resume
                0x0202a4d8                __gnu_Unwind_Resume_or_Rethrow
                0x0202a4f8                _Unwind_Complete
                0x0202a4fc                _Unwind_DeleteException
                0x0202a520                __gnu_Unwind_Backtrace
 .text          0x0202a5fc      0x1b0 d:/devkitpro/devkitarm/bin/../lib/gcc/arm-eabi/4.5.1\libgcc.a(libunwind.o)
                0x0202a5fc                __restore_core_regs
                0x0202a5fc                restore_core_regs
                0x0202a618                __gnu_Unwind_Restore_VFP
                0x0202a620                __gnu_Unwind_Save_VFP
                0x0202a628                __gnu_Unwind_Restore_VFP_D
                0x0202a630                __gnu_Unwind_Save_VFP_D
                0x0202a638                __gnu_Unwind_Restore_VFP_D_16_to_31
                0x0202a640                __gnu_Unwind_Save_VFP_D_16_to_31
                0x0202a648                __gnu_Unwind_Restore_WMMXD
                0x0202a68c                __gnu_Unwind_Save_WMMXD
                0x0202a6d0                __gnu_Unwind_Restore_WMMXC
                0x0202a6e4                __gnu_Unwind_Save_WMMXC
                0x0202a6f8                ___Unwind_RaiseException
                0x0202a6f8                _Unwind_RaiseException
                0x0202a71c                _Unwind_Resume
                0x0202a71c                ___Unwind_Resume
                0x0202a740                _Unwind_Resume_or_Rethrow
                0x0202a740                ___Unwind_Resume_or_Rethrow
                0x0202a764                _Unwind_ForcedUnwind
                0x0202a764                ___Unwind_ForcedUnwind
                0x0202a788                ___Unwind_Backtrace
                0x0202a788                _Unwind_Backtrace
 .text          0x0202a7ac      0x554 d:/devkitpro/devkitarm/bin/../lib/gcc/arm-eabi/4.5.1\libgcc.a(pr-support.o)
                0x0202a84c                __gnu_unwind_execute
                0x0202ac74                __gnu_unwind_frame
                0x0202acbc                _Unwind_GetRegionStart
                0x0202acd0                _Unwind_GetLanguageSpecificData
                0x0202acf0                _Unwind_GetDataRelBase
                0x0202acf8                _Unwind_GetTextRelBase
 .text          0x0202ad00       0x14 d:/devkitpro/devkitarm/bin/../lib/gcc/arm-eabi/4.5.1/../../../../arm-eabi/lib\libg.a(lib_a-abort.o)
                0x0202ad00                abort
 .text          0x0202ad14       0x7c d:/devkitpro/devkitarm/bin/../lib/gcc/arm-eabi/4.5.1/../../../../arm-eabi/lib\libg.a(lib_a-bsearch.o)
                0x0202ad14                bsearch
 .text          0x0202ad90       0x28 d:/devkitpro/devkitarm/bin/../lib/gcc/arm-eabi/4.5.1/../../../../arm-eabi/lib\libg.a(lib_a-calloc.o)
                0x0202ad90                calloc
 .text          0x0202adb8       0x9c d:/devkitpro/devkitarm/bin/../lib/gcc/arm-eabi/4.5.1/../../../../arm-eabi/lib\libg.a(lib_a-callocr.o)
                0x0202adb8                _calloc_r
 .text          0x0202ae54       0x10 d:/devkitpro/devkitarm/bin/../lib/gcc/arm-eabi/4.5.1/../../../../arm-eabi/lib\libg.a(lib_a-errno.o)
                0x0202ae54                __errno
 .text          0x0202ae64      0x10c d:/devkitpro/devkitarm/bin/../lib/gcc/arm-eabi/4.5.1/../../../../arm-eabi/lib\libg.a(lib_a-fclose.o)
                0x0202ae64                _fclose_r
                0x0202af5c                fclose
 .text          0x0202af70      0x298 d:/devkitpro/devkitarm/bin/../lib/gcc/arm-eabi/4.5.1/../../../../arm-eabi/lib\libg.a(lib_a-fflush.o)
                0x0202af70                _fflush_r
                0x0202b1c8                fflush
 .text          0x0202b208      0x334 d:/devkitpro/devkitarm/bin/../lib/gcc/arm-eabi/4.5.1/../../../../arm-eabi/lib\libg.a(lib_a-findfp.o)
                0x0202b218                _cleanup_r
                0x0202b230                __sfmoreglue
                0x0202b278                _cleanup
                0x0202b288                __sinit
                0x0202b3f0                __sfp
                0x0202b4e4                __sfp_lock_acquire
                0x0202b4e8                __sfp_lock_release
                0x0202b4ec                __sinit_lock_acquire
                0x0202b4f0                __sinit_lock_release
                0x0202b4f4                __fp_lock_all
                0x0202b518                __fp_unlock_all
 .text          0x0202b53c       0x70 d:/devkitpro/devkitarm/bin/../lib/gcc/arm-eabi/4.5.1/../../../../arm-eabi/lib\libg.a(lib_a-fprintf.o)
                0x0202b53c                _fprintf_r
                0x0202b56c                fprintf
 .text          0x0202b5ac       0x94 d:/devkitpro/devkitarm/bin/../lib/gcc/arm-eabi/4.5.1/../../../../arm-eabi/lib\libg.a(lib_a-fputc.o)
                0x0202b5ac                _fputc_r
                0x0202b5f0                fputc
 .text          0x0202b640       0xa8 d:/devkitpro/devkitarm/bin/../lib/gcc/arm-eabi/4.5.1/../../../../arm-eabi/lib\libg.a(lib_a-fputs.o)
                0x0202b640                _fputs_r
                0x0202b6cc                fputs
 .text          0x0202b6e8      0x270 d:/devkitpro/devkitarm/bin/../lib/gcc/arm-eabi/4.5.1/../../../../arm-eabi/lib\libg.a(lib_a-fread.o)
                0x0202b6e8                _fread_r
                0x0202b914                fread
 .text          0x0202b958      0x360 d:/devkitpro/devkitarm/bin/../lib/gcc/arm-eabi/4.5.1/../../../../arm-eabi/lib\libg.a(lib_a-freer.o)
                0x0202b958                _malloc_trim_r
                0x0202ba54                _free_r
 .text          0x0202bcb8      0x4ac d:/devkitpro/devkitarm/bin/../lib/gcc/arm-eabi/4.5.1/../../../../arm-eabi/lib\libg.a(lib_a-fvwrite.o)
                0x0202bcb8                __sfvwrite_r
 .text          0x0202c164      0x10c d:/devkitpro/devkitarm/bin/../lib/gcc/arm-eabi/4.5.1/../../../../arm-eabi/lib\libg.a(lib_a-fwalk.o)
                0x0202c164                _fwalk
                0x0202c1e8                _fwalk_reent
 .text          0x0202c270       0xec d:/devkitpro/devkitarm/bin/../lib/gcc/arm-eabi/4.5.1/../../../../arm-eabi/lib\libg.a(lib_a-fwrite.o)
                0x0202c270                _fwrite_r
                0x0202c318                fwrite
 .text          0x0202c35c        0x0 d:/devkitpro/devkitarm/bin/../lib/gcc/arm-eabi/4.5.1/../../../../arm-eabi/lib\libg.a(lib_a-impure.o)
 .text          0x0202c35c       0xc4 d:/devkitpro/devkitarm/bin/../lib/gcc/arm-eabi/4.5.1/../../../../arm-eabi/lib\libg.a(lib_a-init.o)
                0x0202c35c                __libc_init_array
                0x0202c3dc                __libc_fini_array
 .text          0x0202c420       0x40 d:/devkitpro/devkitarm/bin/../lib/gcc/arm-eabi/4.5.1/../../../../arm-eabi/lib\libg.a(lib_a-malloc.o)
                0x0202c420                malloc
                0x0202c440                free
 .text          0x0202c460      0x710 d:/devkitpro/devkitarm/bin/../lib/gcc/arm-eabi/4.5.1/../../../../arm-eabi/lib\libg.a(lib_a-mallocr.o)
                0x0202c460                _malloc_r
 .text          0x0202cb70      0x108 d:/devkitpro/devkitarm/bin/../lib/gcc/arm-eabi/4.5.1/../../../../arm-eabi/lib\libg.a(lib_a-memchr.o)
                0x0202cb70                memchr
 .text          0x0202cc78       0xa8 d:/devkitpro/devkitarm/bin/../lib/gcc/arm-eabi/4.5.1/../../../../arm-eabi/lib\libg.a(lib_a-memcmp.o)
                0x0202cc78                memcmp
 .text          0x0202cd20       0xf8 d:/devkitpro/devkitarm/bin/../lib/gcc/arm-eabi/4.5.1/../../../../arm-eabi/lib\libg.a(lib_a-memcpy.o)
                0x0202cd20                memcpy
 .text          0x0202ce18      0x138 d:/devkitpro/devkitarm/bin/../lib/gcc/arm-eabi/4.5.1/../../../../arm-eabi/lib\libg.a(lib_a-memmove.o)
                0x0202ce18                memmove
 .text          0x0202cf50      0x100 d:/devkitpro/devkitarm/bin/../lib/gcc/arm-eabi/4.5.1/../../../../arm-eabi/lib\libg.a(lib_a-memset.o)
                0x0202cf50                memset
 .text          0x0202d050        0x8 d:/devkitpro/devkitarm/bin/../lib/gcc/arm-eabi/4.5.1/../../../../arm-eabi/lib\libg.a(lib_a-mlock.o)
                0x0202d050                __malloc_lock
                0x0202d054                __malloc_unlock
 .text          0x0202d058      0x168 d:/devkitpro/devkitarm/bin/../lib/gcc/arm-eabi/4.5.1/../../../../arm-eabi/lib\libg.a(lib_a-putc.o)
                0x0202d058                _putc_r
                0x0202d104                putc
 .text          0x0202d1c0       0x78 d:/devkitpro/devkitarm/bin/../lib/gcc/arm-eabi/4.5.1/../../../../arm-eabi/lib\libg.a(lib_a-rand.o)
                0x0202d1c0                srand
                0x0202d1dc                rand
 .text          0x0202d238       0x28 d:/devkitpro/devkitarm/bin/../lib/gcc/arm-eabi/4.5.1/../../../../arm-eabi/lib\libg.a(lib_a-realloc.o)
                0x0202d238                realloc
 .text          0x0202d260      0x5c0 d:/devkitpro/devkitarm/bin/../lib/gcc/arm-eabi/4.5.1/../../../../arm-eabi/lib\libg.a(lib_a-reallocr.o)
                0x0202d260                _realloc_r
 .text          0x0202d820      0x1d0 d:/devkitpro/devkitarm/bin/../lib/gcc/arm-eabi/4.5.1/../../../../arm-eabi/lib\libg.a(lib_a-refill.o)
                0x0202d848                __srefill_r
 .text          0x0202d9f0       0x2c d:/devkitpro/devkitarm/bin/../lib/gcc/arm-eabi/4.5.1/../../../../arm-eabi/lib\libg.a(lib_a-setjmp.o)
                0x0202d9f0                setjmp
                0x0202da04                longjmp
 .text          0x0202da1c      0x238 d:/devkitpro/devkitarm/bin/../lib/gcc/arm-eabi/4.5.1/../../../../arm-eabi/lib\libg.a(lib_a-signal.o)
                0x0202da1c                _init_signal_r
                0x0202da70                _signal_r
                0x0202dad8                _raise_r
                0x0202db6c                __sigtramp_r
                0x0202dc00                raise
                0x0202dc14                signal
                0x0202dc30                _init_signal
                0x0202dc40                __sigtramp
 .text          0x0202dc54      0x130 d:/devkitpro/devkitarm/bin/../lib/gcc/arm-eabi/4.5.1/../../../../arm-eabi/lib\libg.a(lib_a-snprintf.o)
                0x0202dc54                _snprintf_r
                0x0202dce8                snprintf
 .text          0x0202dd84       0xdc d:/devkitpro/devkitarm/bin/../lib/gcc/arm-eabi/4.5.1/../../../../arm-eabi/lib\libg.a(lib_a-sprintf.o)
                0x0202dd84                _sprintf_r
                0x0202ddec                sprintf
 .text          0x0202de60       0xe0 d:/devkitpro/devkitarm/bin/../lib/gcc/arm-eabi/4.5.1/../../../../arm-eabi/lib\libg.a(lib_a-stdio.o)
                0x0202de60                __sread
                0x0202de94                __seofread
                0x0202de9c                __swrite
                0x0202def4                __sseek
                0x0202df2c                __sclose
 .text          0x0202df40      0x230 d:/devkitpro/devkitarm/bin/../lib/gcc/arm-eabi/4.5.1/../../../../arm-eabi/lib\libg.a(lib_a-strcmp.o)
                0x0202df40                strcmp
 .text          0x0202e170       0xf0 d:/devkitpro/devkitarm/bin/../lib/gcc/arm-eabi/4.5.1/../../../../arm-eabi/lib\libg.a(lib_a-strcpy.o)
                0x0202e170                strcpy
 .text          0x0202e260       0x60 d:/devkitpro/devkitarm/bin/../lib/gcc/arm-eabi/4.5.1/../../../../arm-eabi/lib\libg.a(lib_a-strlen.o)
                0x0202e260                strlen
 .text          0x0202e2c0      0x170 d:/devkitpro/devkitarm/bin/../lib/gcc/arm-eabi/4.5.1/../../../../arm-eabi/lib\libg.a(lib_a-strncmp.o)
                0x0202e2c0                strncmp
 .text          0x0202e430     0x16a0 d:/devkitpro/devkitarm/bin/../lib/gcc/arm-eabi/4.5.1/../../../../arm-eabi/lib\libg.a(lib_a-strtod.o)
                0x0202e478                _strtod_r
                0x0202fa64                strtod
                0x0202fa80                strtof
 .text          0x0202fad0     0x233c d:/devkitpro/devkitarm/bin/../lib/gcc/arm-eabi/4.5.1/../../../../arm-eabi/lib\libg.a(lib_a-svfprintf.o)
                0x0202fad0                _svfprintf_r
 .text          0x02031e0c       0x30 d:/devkitpro/devkitarm/bin/../lib/gcc/arm-eabi/4.5.1/../../../../arm-eabi/lib\libg.a(lib_a-syswrite.o)
                0x02031e0c                write
 .text          0x02031e3c     0x2588 d:/devkitpro/devkitarm/bin/../lib/gcc/arm-eabi/4.5.1/../../../../arm-eabi/lib\libg.a(lib_a-vfprintf.o)
                0x02031e3c                _vfprintf_r
                0x02034398                vfprintf
 .text          0x020343c4      0x15c d:/devkitpro/devkitarm/bin/../lib/gcc/arm-eabi/4.5.1/../../../../arm-eabi/lib\libg.a(lib_a-wbuf.o)
                0x020343c4                __swbuf_r
                0x02034504                __swbuf
 .text          0x02034520      0x14c d:/devkitpro/devkitarm/bin/../lib/gcc/arm-eabi/4.5.1/../../../../arm-eabi/lib\libg.a(lib_a-wcrtomb.o)
                0x02034520                _wcrtomb_r
                0x020345bc                wcrtomb
 .text          0x0203466c       0x68 d:/devkitpro/devkitarm/bin/../lib/gcc/arm-eabi/4.5.1/../../../../arm-eabi/lib\libg.a(lib_a-wcsrtombs.o)
                0x0203466c                _wcsrtombs_r
                0x02034694                wcsrtombs
 .text          0x020346d4      0x3a8 d:/devkitpro/devkitarm/bin/../lib/gcc/arm-eabi/4.5.1/../../../../arm-eabi/lib\libg.a(lib_a-wctomb_r.o)
                0x020346d4                __utf8_wctomb
                0x020347f0                _wctomb_r
                0x02034840                __ascii_wctomb
                0x0203486c                __sjis_wctomb
                0x020348ec                __eucjp_wctomb
                0x020349a4                __jis_wctomb
 .text          0x02034a7c      0x134 d:/devkitpro/devkitarm/bin/../lib/gcc/arm-eabi/4.5.1/../../../../arm-eabi/lib\libg.a(lib_a-wsetup.o)
                0x02034a7c                __swsetup_r
 .text          0x02034bb0     0x1810 d:/devkitpro/devkitarm/bin/../lib/gcc/arm-eabi/4.5.1/../../../../arm-eabi/lib\libg.a(lib_a-dtoa.o)
                0x02034d80                _dtoa_r
 .text          0x020363c0      0x9b4 d:/devkitpro/devkitarm/bin/../lib/gcc/arm-eabi/4.5.1/../../../../arm-eabi/lib\libg.a(lib_a-gdtoa-gethex.o)
                0x0203649c                __hexdig_init
                0x02036520                __gethex
 .text          0x02036d74      0x2bc d:/devkitpro/devkitarm/bin/../lib/gcc/arm-eabi/4.5.1/../../../../arm-eabi/lib\libg.a(lib_a-gdtoa-hexnan.o)
                0x02036d74                __hexnan
 .text          0x02037030      0xbb0 d:/devkitpro/devkitarm/bin/../lib/gcc/arm-eabi/4.5.1/../../../../arm-eabi/lib\libg.a(lib_a-locale.o)
                0x02037848                _setlocale_r
                0x02037b84                __locale_charset
                0x02037b90                __locale_msgcharset
                0x02037b9c                __locale_cjk_lang
                0x02037bac                _localeconv_r
                0x02037bb8                setlocale
                0x02037bd4                localeconv
 .text          0x02037be0      0x164 d:/devkitpro/devkitarm/bin/../lib/gcc/arm-eabi/4.5.1/../../../../arm-eabi/lib\libg.a(lib_a-makebuf.o)
                0x02037be0                __smakebuf_r
 .text          0x02037d44      0x720 d:/devkitpro/devkitarm/bin/../lib/gcc/arm-eabi/4.5.1/../../../../arm-eabi/lib\libg.a(lib_a-mbtowc_r.o)
                0x02037d44                __utf8_mbtowc
                0x02038048                _mbtowc_r
                0x0203809c                __ascii_mbtowc
                0x020380e0                __sjis_mbtowc
                0x020381b4                __eucjp_mbtowc
                0x020382e0                __jis_mbtowc
 .text          0x02038464      0xd3c d:/devkitpro/devkitarm/bin/../lib/gcc/arm-eabi/4.5.1/../../../../arm-eabi/lib\libg.a(lib_a-mprec.o)
                0x02038464                _Balloc
                0x020384ec                _Bfree
                0x02038508                __multadd
                0x020385e4                __s2b
                0x020386d4                __hi0bits
                0x02038724                __lo0bits
                0x020387b4                __i2b
                0x020387d8                __multiply
                0x020389c8                __pow5mult
                0x02038ac0                __lshift
                0x02038bc4                __mcmp
                0x02038c24                __mdiff
                0x02038d7c                __ulp
                0x02038ddc                __b2d
                0x02038ea4                __d2b
                0x02038fb0                __ratio
                0x02039050                _mprec_log10
                0x020390a4                __copybits
                0x02039118                __any_on
 .text          0x020391a0        0xc d:/devkitpro/devkitarm/bin/../lib/gcc/arm-eabi/4.5.1/../../../../arm-eabi/lib\libg.a(lib_a-sf_nan.o)
                0x020391a0                nanf
 .text          0x020391ac       0x64 d:/devkitpro/devkitarm/bin/../lib/gcc/arm-eabi/4.5.1/../../../../arm-eabi/lib\libg.a(lib_a-strcasecmp.o)
                0x020391ac                strcasecmp
 .text          0x02039210       0xb0 d:/devkitpro/devkitarm/bin/../lib/gcc/arm-eabi/4.5.1/../../../../arm-eabi/lib\libg.a(lib_a-strcat.o)
                0x02039210                strcat
 .text          0x020392c0      0x23c d:/devkitpro/devkitarm/bin/../lib/gcc/arm-eabi/4.5.1/../../../../arm-eabi/lib\libg.a(lib_a-strchr.o)
                0x020392c0                strchr
 .text          0x020394fc       0x7c d:/devkitpro/devkitarm/bin/../lib/gcc/arm-eabi/4.5.1/../../../../arm-eabi/lib\libg.a(lib_a-strlcpy.o)
                0x020394fc                strlcpy
 .text          0x02039578       0x7c d:/devkitpro/devkitarm/bin/../lib/gcc/arm-eabi/4.5.1/../../../../arm-eabi/lib\libg.a(lib_a-strncasecmp.o)
                0x02039578                strncasecmp
 .text          0x020395f4       0xec d:/devkitpro/devkitarm/bin/../lib/gcc/arm-eabi/4.5.1/../../../../arm-eabi/lib\libg.a(lib_a-strncpy.o)
                0x020395f4                strncpy
 .text          0x020396e0      0x1f4 d:/devkitpro/devkitarm/bin/../lib/gcc/arm-eabi/4.5.1/../../../../arm-eabi/lib\libg.a(lib_a-strtol.o)
                0x020396e0                _strtol_r
                0x020398a8                strtol
 .text          0x020398d4     0x16b4 d:/devkitpro/devkitarm/bin/../lib/gcc/arm-eabi/4.5.1/../../../../arm-eabi/lib\libg.a(lib_a-svfiprintf.o)
                0x020398d4                __ssprint_r
                0x02039a68                _svfiprintf_r
 .text          0x0203af88     0x16dc d:/devkitpro/devkitarm/bin/../lib/gcc/arm-eabi/4.5.1/../../../../arm-eabi/lib\libg.a(lib_a-vfiprintf.o)
                0x0203af88                __sprint_r
                0x0203b048                _vfiprintf_r
                0x0203c638                vfiprintf
 .text          0x0203c664      0x1dc d:/devkitpro/devkitarm/bin/../lib/gcc/arm-eabi/4.5.1/../../../../arm-eabi/lib\libg.a(lib_a-wcsnrtombs.o)
                0x0203c664                _wcsnrtombs_r
                0x0203c7f4                wcsnrtombs
 .text          0x0203c840       0x18 d:/devkitpro/devkitarm/bin/../lib/gcc/arm-eabi/4.5.1/../../../../arm-eabi/lib\libg.a(lib_a-ctype_.o)
                0x0203c840                __set_ctype
 .text          0x0203c858      0x1c0 d:/devkitpro/devkitarm/bin/../lib/gcc/arm-eabi/4.5.1/../../../../arm-eabi/lib\libg.a(lib_a-fputwc.o)
                0x0203c858                _fputwc_r
                0x0203c9cc                fputwc
 .text          0x0203ca18      0x100 d:/devkitpro/devkitarm/bin/../lib/gcc/arm-eabi/4.5.1/../../../../arm-eabi/lib\libg.a(lib_a-getenv_r.o)
                0x0203ca18                _findenv_r
                0x0203cafc                _getenv_r
 .text          0x0203cb18        0x0 d:/devkitpro/devkitarm/bin/../lib/gcc/arm-eabi/4.5.1/../../../../arm-eabi/lib\libg.a(lib_a-environ.o)
 .text          0x0203cb18        0x8 d:/devkitpro/devkitarm/bin/../lib/gcc/arm-eabi/4.5.1/../../../../arm-eabi/lib\libg.a(lib_a-envlock.o)
                0x0203cb18                __env_lock
                0x0203cb1c                __env_unlock
 .text          0x0203cb20       0x78 d:/devkitpro/devkitarm/bin/../lib/gcc/arm-eabi/4.5.1/../../../../arm-eabi/lib\libsysbase.a(close.o)
                0x0203cb20                _close_r
 .text          0x0203cb98       0x88 d:/devkitpro/devkitarm/bin/../lib/gcc/arm-eabi/4.5.1/../../../../arm-eabi/lib\libsysbase.a(fstat.o)
                0x0203cb98                _fstat_r
 .text          0x0203cc20       0x10 d:/devkitpro/devkitarm/bin/../lib/gcc/arm-eabi/4.5.1/../../../../arm-eabi/lib\libsysbase.a(getpid.o)
                0x0203cc20                _getpid_r
 .text          0x0203cc30        0x8 d:/devkitpro/devkitarm/bin/../lib/gcc/arm-eabi/4.5.1/../../../../arm-eabi/lib\libsysbase.a(isatty.o)
                0x0203cc30                _isatty_r
 .text          0x0203cc38       0x10 d:/devkitpro/devkitarm/bin/../lib/gcc/arm-eabi/4.5.1/../../../../arm-eabi/lib\libsysbase.a(kill.o)
                0x0203cc38                _kill_r
 .text          0x0203cc48       0x8c d:/devkitpro/devkitarm/bin/../lib/gcc/arm-eabi/4.5.1/../../../../arm-eabi/lib\libsysbase.a(lseek.o)
                0x0203cc48                _lseek_r
 .text          0x0203ccd4       0x8c d:/devkitpro/devkitarm/bin/../lib/gcc/arm-eabi/4.5.1/../../../../arm-eabi/lib\libsysbase.a(read.o)
                0x0203ccd4                _read_r
 .text          0x0203cd60       0x78 d:/devkitpro/devkitarm/bin/../lib/gcc/arm-eabi/4.5.1/../../../../arm-eabi/lib\libsysbase.a(sbrk.o)
                0x0203cd60                _sbrk_r
 .text          0x0203cdd8       0x68 d:/devkitpro/devkitarm/bin/../lib/gcc/arm-eabi/4.5.1/../../../../arm-eabi/lib\libsysbase.a(times.o)
                0x0203cdd8                _times
                0x0203cdf4                _times_r
                0x0203cdfc                _gettimeofday_r
 .text          0x0203ce40       0x8c d:/devkitpro/devkitarm/bin/../lib/gcc/arm-eabi/4.5.1/../../../../arm-eabi/lib\libsysbase.a(write.o)
                0x0203ce40                _write_r
 .text          0x0203cecc       0x20 d:/devkitpro/devkitarm/bin/../lib/gcc/arm-eabi/4.5.1/../../../../arm-eabi/lib\libsysbase.a(_exit.o)
                0x0203cecc                _exit
 .text          0x0203ceec        0x0 d:/devkitpro/devkitarm/bin/../lib/gcc/arm-eabi/4.5.1/../../../../arm-eabi/lib\libsysbase.a(malloc_vars.o)
 .text          0x0203ceec       0x84 d:/devkitpro/devkitarm/bin/../lib/gcc/arm-eabi/4.5.1/../../../../arm-eabi/lib\libsysbase.a(build_argv.o)
                0x0203ceec                build_argv
 .text          0x0203cf70        0x0 d:/devkitpro/devkitarm/bin/../lib/gcc/arm-eabi/4.5.1/../../../../arm-eabi/lib\libsysbase.a(syscall_support.o)
 .text          0x0203cf70       0xac d:/devkitpro/devkitarm/bin/../lib/gcc/arm-eabi/4.5.1/../../../../arm-eabi/lib\libsysbase.a(handle_manager.o)
                0x0203cf70                __release_handle
                0x0203cfa8                __alloc_handle
                0x0203d000                __get_handle
 .text          0x0203d01c      0x1b4 d:/devkitpro/devkitarm/bin/../lib/gcc/arm-eabi/4.5.1/../../../../arm-eabi/lib\libsysbase.a(iosupport.o)
                0x0203d01c                setDefaultDevice
                0x0203d034                FindDevice
                0x0203d0e0                RemoveDevice
                0x0203d110                AddDevice
                0x0203d1a8                GetDeviceOpTab
 .text          0x0203d1d0       0x3c d:/devkitpro/devkitarm/bin/../lib/gcc/arm-eabi/4.5.1\libgcc.a(_aeabi_uldivmod.o)
                0x0203d1d0                __aeabi_uldivmod
 .text          0x0203d20c       0x80 d:/devkitpro/devkitarm/bin/../lib/gcc/arm-eabi/4.5.1\libgcc.a(bpabi.o)
                0x0203d20c                __gnu_ldivmod_helper
                0x0203d24c                __gnu_uldivmod_helper
 .text          0x0203d28c      0x4b8 d:/devkitpro/devkitarm/bin/../lib/gcc/arm-eabi/4.5.1\libgcc.a(_divdi3.o)
                0x0203d28c                __divdi3
 .text          0x0203d744      0x44c d:/devkitpro/devkitarm/bin/../lib/gcc/arm-eabi/4.5.1\libgcc.a(_udivdi3.o)
                0x0203d744                __udivdi3
 .text          0x0203db90       0x48 d:/devkitpro/devkitarm/bin/../lib/gcc/arm-eabi/4.5.1\libgcc.a(_clzsi2.o)
                0x0203db90                __clzsi2
 .text          0x0203dbd8        0x0 d:/devkitpro/devkitarm/bin/../lib/gcc/arm-eabi/4.5.1/crtend.o
 .text          0x0203dbd8        0x0 d:/devkitpro/devkitarm/bin/../lib/gcc/arm-eabi/4.5.1/crtn.o
 *(.text.*)
 .text._Znwj    0x0203dbd8       0x98 d:/devkitpro/devkitarm/bin/../lib/gcc/arm-eabi/4.5.1/../../../../arm-eabi/lib\libstdc++.a(new_op.o)
                0x0203dbd8                operator new(unsigned int)
 .text.__cxa_allocate_exception
                0x0203dc70       0x9c d:/devkitpro/devkitarm/bin/../lib/gcc/arm-eabi/4.5.1/../../../../arm-eabi/lib\libstdc++.a(eh_alloc.o)
                0x0203dc70                __cxa_allocate_exception
 .text.__cxa_free_exception
                0x0203dd0c       0x54 d:/devkitpro/devkitarm/bin/../lib/gcc/arm-eabi/4.5.1/../../../../arm-eabi/lib\libstdc++.a(eh_alloc.o)
                0x0203dd0c                __cxa_free_exception
 .text.__cxa_allocate_dependent_exception
                0x0203dd60       0x98 d:/devkitpro/devkitarm/bin/../lib/gcc/arm-eabi/4.5.1/../../../../arm-eabi/lib\libstdc++.a(eh_alloc.o)
                0x0203dd60                __cxa_allocate_dependent_exception
 .text.__cxa_free_dependent_exception
                0x0203ddf8       0x5c d:/devkitpro/devkitarm/bin/../lib/gcc/arm-eabi/4.5.1/../../../../arm-eabi/lib\libstdc++.a(eh_alloc.o)
                0x0203ddf8                __cxa_free_dependent_exception
 .text._GLOBAL__I___cxa_allocate_exception
                0x0203de54        0x4 d:/devkitpro/devkitarm/bin/../lib/gcc/arm-eabi/4.5.1/../../../../arm-eabi/lib\libstdc++.a(eh_alloc.o)
 .text.__cxa_type_match
                0x0203de58      0x19c d:/devkitpro/devkitarm/bin/../lib/gcc/arm-eabi/4.5.1/../../../../arm-eabi/lib\libstdc++.a(eh_arm.o)
                0x0203de58                __cxa_type_match
 .text.__cxa_begin_cleanup
                0x0203dff4       0xb0 d:/devkitpro/devkitarm/bin/../lib/gcc/arm-eabi/4.5.1/../../../../arm-eabi/lib\libstdc++.a(eh_arm.o)
                0x0203dff4                __cxa_begin_cleanup
 .text.__gnu_end_cleanup
                0x0203e0a4       0xb0 d:/devkitpro/devkitarm/bin/../lib/gcc/arm-eabi/4.5.1/../../../../arm-eabi/lib\libstdc++.a(eh_arm.o)
                0x0203e0a4                __gnu_end_cleanup
 .text.__cxa_bad_cast
                0x0203e154       0x2c d:/devkitpro/devkitarm/bin/../lib/gcc/arm-eabi/4.5.1/../../../../arm-eabi/lib\libstdc++.a(eh_aux_runtime.o)
                0x0203e154                __cxa_bad_cast
 .text.__cxa_bad_typeid
                0x0203e180       0x2c d:/devkitpro/devkitarm/bin/../lib/gcc/arm-eabi/4.5.1/../../../../arm-eabi/lib\libstdc++.a(eh_aux_runtime.o)
                0x0203e180                __cxa_bad_typeid
 .text.__cxa_call_terminate
                0x0203e1ac       0x7c d:/devkitpro/devkitarm/bin/../lib/gcc/arm-eabi/4.5.1/../../../../arm-eabi/lib\libstdc++.a(eh_call.o)
                0x0203e1ac                __cxa_call_terminate
 .text.__cxa_call_unexpected
                0x0203e228      0x1a0 d:/devkitpro/devkitarm/bin/../lib/gcc/arm-eabi/4.5.1/../../../../arm-eabi/lib\libstdc++.a(eh_call.o)
                0x0203e228                __cxa_call_unexpected
 .text.__cxa_get_exception_ptr
                0x0203e3c8        0x8 d:/devkitpro/devkitarm/bin/../lib/gcc/arm-eabi/4.5.1/../../../../arm-eabi/lib\libstdc++.a(eh_catch.o)
                0x0203e3c8                __cxa_get_exception_ptr
 .text.__cxa_begin_catch
                0x0203e3d0       0xdc d:/devkitpro/devkitarm/bin/../lib/gcc/arm-eabi/4.5.1/../../../../arm-eabi/lib\libstdc++.a(eh_catch.o)
                0x0203e3d0                __cxa_begin_catch
 .text.__cxa_end_catch
                0x0203e4ac       0xe4 d:/devkitpro/devkitarm/bin/../lib/gcc/arm-eabi/4.5.1/../../../../arm-eabi/lib\libstdc++.a(eh_catch.o)
                0x0203e4ac                __cxa_end_catch
 .text._ZSt18uncaught_exceptionv
                0x0203e590       0x1c d:/devkitpro/devkitarm/bin/../lib/gcc/arm-eabi/4.5.1/../../../../arm-eabi/lib\libstdc++.a(eh_catch.o)
                0x0203e590                std::uncaught_exception()
 .text._ZNSt9exceptionD2Ev
                0x0203e5ac       0x10 d:/devkitpro/devkitarm/bin/../lib/gcc/arm-eabi/4.5.1/../../../../arm-eabi/lib\libstdc++.a(eh_exception.o)
                0x0203e5ac                std::exception::~exception()
                0x0203e5ac                std::exception::~exception()
 .text._ZNSt13bad_exceptionD2Ev
                0x0203e5bc       0x10 d:/devkitpro/devkitarm/bin/../lib/gcc/arm-eabi/4.5.1/../../../../arm-eabi/lib\libstdc++.a(eh_exception.o)
                0x0203e5bc                std::bad_exception::~bad_exception()
                0x0203e5bc                std::bad_exception::~bad_exception()
 .text._ZN10__cxxabiv115__forced_unwindD2Ev
                0x0203e5cc       0x10 d:/devkitpro/devkitarm/bin/../lib/gcc/arm-eabi/4.5.1/../../../../arm-eabi/lib\libstdc++.a(eh_exception.o)
                0x0203e5cc                __cxxabiv1::__forced_unwind::~__forced_unwind()
                0x0203e5cc                __cxxabiv1::__forced_unwind::~__forced_unwind()
 .text._ZN10__cxxabiv119__foreign_exceptionD2Ev
                0x0203e5dc       0x10 d:/devkitpro/devkitarm/bin/../lib/gcc/arm-eabi/4.5.1/../../../../arm-eabi/lib\libstdc++.a(eh_exception.o)
                0x0203e5dc                __cxxabiv1::__foreign_exception::~__foreign_exception()
                0x0203e5dc                __cxxabiv1::__foreign_exception::~__foreign_exception()
 .text._ZNKSt9exception4whatEv
                0x0203e5ec        0xc d:/devkitpro/devkitarm/bin/../lib/gcc/arm-eabi/4.5.1/../../../../arm-eabi/lib\libstdc++.a(eh_exception.o)
                0x0203e5ec                std::exception::what() const
 .text._ZNKSt13bad_exception4whatEv
                0x0203e5f8        0xc d:/devkitpro/devkitarm/bin/../lib/gcc/arm-eabi/4.5.1/../../../../arm-eabi/lib\libstdc++.a(eh_exception.o)
                0x0203e5f8                std::bad_exception::what() const
 .text._ZN10__cxxabiv119__foreign_exceptionD0Ev
                0x0203e604       0x24 d:/devkitpro/devkitarm/bin/../lib/gcc/arm-eabi/4.5.1/../../../../arm-eabi/lib\libstdc++.a(eh_exception.o)
                0x0203e604                __cxxabiv1::__foreign_exception::~__foreign_exception()
 .text._ZN10__cxxabiv115__forced_unwindD0Ev
                0x0203e628       0x24 d:/devkitpro/devkitarm/bin/../lib/gcc/arm-eabi/4.5.1/../../../../arm-eabi/lib\libstdc++.a(eh_exception.o)
                0x0203e628                __cxxabiv1::__forced_unwind::~__forced_unwind()
 .text._ZNSt13bad_exceptionD0Ev
                0x0203e64c       0x24 d:/devkitpro/devkitarm/bin/../lib/gcc/arm-eabi/4.5.1/../../../../arm-eabi/lib\libstdc++.a(eh_exception.o)
                0x0203e64c                std::bad_exception::~bad_exception()
 .text._ZNSt9exceptionD0Ev
                0x0203e670       0x24 d:/devkitpro/devkitarm/bin/../lib/gcc/arm-eabi/4.5.1/../../../../arm-eabi/lib\libstdc++.a(eh_exception.o)
                0x0203e670                std::exception::~exception()
 .text.__cxa_get_globals_fast
                0x0203e694        0xc d:/devkitpro/devkitarm/bin/../lib/gcc/arm-eabi/4.5.1/../../../../arm-eabi/lib\libstdc++.a(eh_globals.o)
                0x0203e694                __cxa_get_globals_fast
 .text.__cxa_get_globals
                0x0203e6a0        0xc d:/devkitpro/devkitarm/bin/../lib/gcc/arm-eabi/4.5.1/../../../../arm-eabi/lib\libstdc++.a(eh_globals.o)
                0x0203e6a0                __cxa_get_globals
 .text._ZL12read_sleb128PKhPl
                0x0203e6ac       0x4c d:/devkitpro/devkitarm/bin/../lib/gcc/arm-eabi/4.5.1/../../../../arm-eabi/lib\libstdc++.a(eh_personality.o)
 .text._ZL28read_encoded_value_with_basehjPKhPj
                0x0203e6f8      0x164 d:/devkitpro/devkitarm/bin/../lib/gcc/arm-eabi/4.5.1/../../../../arm-eabi/lib\libstdc++.a(eh_personality.o)
 .text._ZL21base_of_encoded_valuehP15_Unwind_Context
                0x0203e85c       0x7c d:/devkitpro/devkitarm/bin/../lib/gcc/arm-eabi/4.5.1/../../../../arm-eabi/lib\libstdc++.a(eh_personality.o)
 .text._ZL17parse_lsda_headerP15_Unwind_ContextPKhP16lsda_header_info
                0x0203e8d8       0xcc d:/devkitpro/devkitarm/bin/../lib/gcc/arm-eabi/4.5.1/../../../../arm-eabi/lib\libstdc++.a(eh_personality.o)
 .text.__gxx_personality_v0
                0x0203e9a4      0x61c d:/devkitpro/devkitarm/bin/../lib/gcc/arm-eabi/4.5.1/../../../../arm-eabi/lib\libstdc++.a(eh_personality.o)
                0x0203e9a4                __gxx_personality_v0
 .text._ZN10__cxxabiv111__terminateEPFvvE
                0x0203efc0       0x3c d:/devkitpro/devkitarm/bin/../lib/gcc/arm-eabi/4.5.1/../../../../arm-eabi/lib\libstdc++.a(eh_terminate.o)
                0x0203efc0                __cxxabiv1::__terminate(void (*)())
 .text._ZSt9terminatev
                0x0203effc       0x14 d:/devkitpro/devkitarm/bin/../lib/gcc/arm-eabi/4.5.1/../../../../arm-eabi/lib\libstdc++.a(eh_terminate.o)
                0x0203effc                std::terminate()
 .text._ZN10__cxxabiv112__unexpectedEPFvvE
                0x0203f010       0x10 d:/devkitpro/devkitarm/bin/../lib/gcc/arm-eabi/4.5.1/../../../../arm-eabi/lib\libstdc++.a(eh_terminate.o)
                0x0203f010                __cxxabiv1::__unexpected(void (*)())
 .text._ZSt10unexpectedv
                0x0203f020       0x1c d:/devkitpro/devkitarm/bin/../lib/gcc/arm-eabi/4.5.1/../../../../arm-eabi/lib\libstdc++.a(eh_terminate.o)
                0x0203f020                std::unexpected()
 .text._ZSt13set_terminatePFvvE
                0x0203f03c       0x18 d:/devkitpro/devkitarm/bin/../lib/gcc/arm-eabi/4.5.1/../../../../arm-eabi/lib\libstdc++.a(eh_terminate.o)
                0x0203f03c                std::set_terminate(void (*)())
 .text._ZSt14set_unexpectedPFvvE
                0x0203f054       0x18 d:/devkitpro/devkitarm/bin/../lib/gcc/arm-eabi/4.5.1/../../../../arm-eabi/lib\libstdc++.a(eh_terminate.o)
                0x0203f054                std::set_unexpected(void (*)())
 .text._ZL23__gxx_exception_cleanup19_Unwind_Reason_CodeP21_Unwind_Control_Block
                0x0203f06c       0x44 d:/devkitpro/devkitarm/bin/../lib/gcc/arm-eabi/4.5.1/../../../../arm-eabi/lib\libstdc++.a(eh_throw.o)
 .text.__cxa_throw
                0x0203f0b0       0x94 d:/devkitpro/devkitarm/bin/../lib/gcc/arm-eabi/4.5.1/../../../../arm-eabi/lib\libstdc++.a(eh_throw.o)
                0x0203f0b0                __cxa_throw
 .text.__cxa_rethrow
                0x0203f144       0xb0 d:/devkitpro/devkitarm/bin/../lib/gcc/arm-eabi/4.5.1/../../../../arm-eabi/lib\libstdc++.a(eh_throw.o)
                0x0203f144                __cxa_rethrow
 .text._ZN10__cxxabiv123__fundamental_type_infoD2Ev
                0x0203f1f4       0x24 d:/devkitpro/devkitarm/bin/../lib/gcc/arm-eabi/4.5.1/../../../../arm-eabi/lib\libstdc++.a(fundamental_type_info.o)
                0x0203f1f4                __cxxabiv1::__fundamental_type_info::~__fundamental_type_info()
                0x0203f1f4                __cxxabiv1::__fundamental_type_info::~__fundamental_type_info()
 .text._ZN10__cxxabiv123__fundamental_type_infoD0Ev
                0x0203f218       0x2c d:/devkitpro/devkitarm/bin/../lib/gcc/arm-eabi/4.5.1/../../../../arm-eabi/lib\libstdc++.a(fundamental_type_info.o)
                0x0203f218                __cxxabiv1::__fundamental_type_info::~__fundamental_type_info()
 .text._ZNKSt9bad_alloc4whatEv
                0x0203f244        0xc d:/devkitpro/devkitarm/bin/../lib/gcc/arm-eabi/4.5.1/../../../../arm-eabi/lib\libstdc++.a(new_handler.o)
                0x0203f244                std::bad_alloc::what() const
 .text._ZNSt9bad_allocD2Ev
                0x0203f250       0x24 d:/devkitpro/devkitarm/bin/../lib/gcc/arm-eabi/4.5.1/../../../../arm-eabi/lib\libstdc++.a(new_handler.o)
                0x0203f250                std::bad_alloc::~bad_alloc()
                0x0203f250                std::bad_alloc::~bad_alloc()
 .text._ZNSt9bad_allocD0Ev
                0x0203f274       0x2c d:/devkitpro/devkitarm/bin/../lib/gcc/arm-eabi/4.5.1/../../../../arm-eabi/lib\libstdc++.a(new_handler.o)
                0x0203f274                std::bad_alloc::~bad_alloc()
 .text._ZSt15set_new_handlerPFvvE
                0x0203f2a0       0x18 d:/devkitpro/devkitarm/bin/../lib/gcc/arm-eabi/4.5.1/../../../../arm-eabi/lib\libstdc++.a(new_handler.o)
                0x0203f2a0                std::set_new_handler(void (*)())
 .text._ZNK10__cxxabiv119__pointer_type_info14__is_pointer_pEv
                0x0203f2b8        0x8 d:/devkitpro/devkitarm/bin/../lib/gcc/arm-eabi/4.5.1/../../../../arm-eabi/lib\libstdc++.a(pointer_type_info.o)
                0x0203f2b8                __cxxabiv1::__pointer_type_info::__is_pointer_p() const
 .text._ZNK10__cxxabiv119__pointer_type_info15__pointer_catchEPKNS_17__pbase_type_infoEPPvj
                0x0203f2c0       0x88 d:/devkitpro/devkitarm/bin/../lib/gcc/arm-eabi/4.5.1/../../../../arm-eabi/lib\libstdc++.a(pointer_type_info.o)
                0x0203f2c0                __cxxabiv1::__pointer_type_info::__pointer_catch(__cxxabiv1::__pbase_type_info const*, void**, unsigned int) const
 .text._ZN10__cxxabiv119__pointer_type_infoD2Ev
                0x0203f348       0x24 d:/devkitpro/devkitarm/bin/../lib/gcc/arm-eabi/4.5.1/../../../../arm-eabi/lib\libstdc++.a(pointer_type_info.o)
                0x0203f348                __cxxabiv1::__pointer_type_info::~__pointer_type_info()
                0x0203f348                __cxxabiv1::__pointer_type_info::~__pointer_type_info()
 .text._ZN10__cxxabiv119__pointer_type_infoD0Ev
                0x0203f36c       0x2c d:/devkitpro/devkitarm/bin/../lib/gcc/arm-eabi/4.5.1/../../../../arm-eabi/lib\libstdc++.a(pointer_type_info.o)
                0x0203f36c                __cxxabiv1::__pointer_type_info::~__pointer_type_info()
 .text.__cxa_pure_virtual
                0x0203f398       0x1c d:/devkitpro/devkitarm/bin/../lib/gcc/arm-eabi/4.5.1/../../../../arm-eabi/lib\libstdc++.a(pure.o)
                0x0203f398                __cxa_pure_virtual
 .text._ZNK10__cxxabiv120__si_class_type_info11__do_upcastEPKNS_17__class_type_infoEPKvRNS1_15__upcast_resultE
                0x0203f3b4       0x4c d:/devkitpro/devkitarm/bin/../lib/gcc/arm-eabi/4.5.1/../../../../arm-eabi/lib\libstdc++.a(si_class_type_info.o)
                0x0203f3b4                __cxxabiv1::__si_class_type_info::__do_upcast(__cxxabiv1::__class_type_info const*, void const*, __cxxabiv1::__class_type_info::__upcast_result&) const
 .text._ZNK10__cxxabiv120__si_class_type_info12__do_dyncastEiNS_17__class_type_info10__sub_kindEPKS1_PKvS4_S6_RNS1_16__dyncast_resultE
                0x0203f400       0xe0 d:/devkitpro/devkitarm/bin/../lib/gcc/arm-eabi/4.5.1/../../../../arm-eabi/lib\libstdc++.a(si_class_type_info.o)
                0x0203f400                __cxxabiv1::__si_class_type_info::__do_dyncast(int, __cxxabiv1::__class_type_info::__sub_kind, __cxxabiv1::__class_type_info const*, void const*, __cxxabiv1::__class_type_info const*, void const*, __cxxabiv1::__class_type_info::__dyncast_result&) const
 .text._ZNK10__cxxabiv120__si_class_type_info20__do_find_public_srcEiPKvPKNS_17__class_type_infoES2_
                0x0203f4e0       0x6c d:/devkitpro/devkitarm/bin/../lib/gcc/arm-eabi/4.5.1/../../../../arm-eabi/lib\libstdc++.a(si_class_type_info.o)
                0x0203f4e0                __cxxabiv1::__si_class_type_info::__do_find_public_src(int, void const*, __cxxabiv1::__class_type_info const*, void const*) const
 .text._ZN10__cxxabiv120__si_class_type_infoD2Ev
                0x0203f54c       0x24 d:/devkitpro/devkitarm/bin/../lib/gcc/arm-eabi/4.5.1/../../../../arm-eabi/lib\libstdc++.a(si_class_type_info.o)